afhael_vegas2@hotmail.com:goiania21
drica-mariinho@hotmail.com:dudu080816
rafinha.ruchell2011@hotmail.com:maeteamoo
DRICK45@HOTMAIL.COM:juaninha
rafinha1497@hotmail.com:123pontaspontas
Drigracinha@bol.com.br:ladygaga
rafinha_lindolindo@hotmail.com:87091544
rafinha_twopack@hotmail.com:forfunflyffgam
drih_leto@hotmail.com:leto070866
rah.polaka@hotmail.com:99049977
drykasocialworker@hotmail.com:2412198924121989
raianesmira@hotmail.com:92859049
duarte.tuf@hotmail.com:98752015
raiannygatinha10@hotmail.com:96715529
duda-since98@hotmail.com:duda*/06
raiany_martinello_marques@hotmail.com:raiany12091998
duda.jw@hotmail.com:dudaejoaowyctor
raidsonlucasvs@gmail.com:lucas1994
raimundoyago@hotmail.com:818251965
dudaedoug_skm@hotmail.com:belinha123
dudamoura2011_@hotmail.com:dudamourinhalinda
raissa_bicudo@hotmail.com:Rahiceblue
duda_princesinha07@hotmail.com:2751997d
ramadam123@hotmail.com:21180078
dudu-nq-@hotmail.com:96974300
ramomcastelan@hotmail.com:a1b2c3d4e5f6
dudu1285@hotmail.com:eduardofelipe
ranielle-@hotmail.com:ranin15722
dudu7888@hotmail.com:iku84330254
ranon-157@hotmail.com:8805337210
dududacal@gmail.com:foonir123
raphael.inter@hotmail.com:portugues
dudulegal123@hotmail.com:200felicidade
raphaeladuarte98@hotmail.com:1235648/
dudu_mdesouza@hotmail.com:celrel8morra
raphaella_yasmin@hotmail.com:raphaellay
dudu_silveira2007@hotmail.com:gustavosilveira281095
raphaelsotc@hotmail.com:5544331122
dudu_ssj4@hotmail.com:eduardossj4
rapha_lindo97@hotmail.com:raphalindo
duncandttm@hotmail.com:totaldrama
du_rota@hotmail.com:dudurota
raquel.zi.nha10@hotmail.com:safiraehercules
raquel_elizama@hotmail.com:raquel100++
raquel_lyy@hotmail.com:sarah0116
dwspepe@live.com:80246709208
rari.dasilva@hotmail.com:rary99344483
dyonatangatinho@hotmail.com:36260334
raul.felipe776@gmail.com:r4ulfelipe
d_duds@hotmail.com:minhasenhaefeia
raul_hilgert@yahoo.com:99295645.
d_s.2011@hotmail.com:jesustamo321
ray.everton@hotmail.com:murran123547
e+c.gatos@hotmail.com:caroldeliciagatinha
rayane_morenaluxo@hotmail.com:rayyar!!
e-lson@hotmail.com:phattwsoollxkwecn
rayanne-loka1@hotmail.com:92445450
e.s.b.dudinha.2009@hotmail.com:240998162636
rayannytavares@hotmail.com:44891201
ecartaxo@ig.com.br:liberdade
Rayllean@hotmail.com:011206leco
edaboachuck@gmail.com:jamaica121314
raynara.narita@hotmail.com:daysirlene
edemarsantana@ymail.com:99073827
rayrhagatinha@hotmail.com:99441863
eder20102011@hotmail.com:99058814e
rayssa.mendess@hotmail.com:mendes9610
ederwagneralves@hotmail.com:07935670684
rayssabestfriend@hotmail.com:rayssadacostaoliveira17
edgar_crf@hotmail.com:carla147
rayssacarmoleao@hotmail.com:.123456789
ediclecio_palmeiras@hotmail.com:678088221194
edilson.dahora@hotmail.com:felicidades123
rayssaflorzinhalinda@hotmail.com:mariaantonia
edilsonebf@hotmail.com:162534
rbvlk0888@hotmail.com:saopaulo1235
ediluing@hotmail.com:01235647l
re-nato1945@hotmail.com:84632040.12345.0
edinaldo_fsj@hotmail.com:@Ej2b5687d7
readythegangster@windowslive.com:paraguayraphiphop
edinei-candeias@hotmail.com:jelbmcmff
rebecasilvadesouza@hotmail.com:bobyesponja
edison-mlktreinado@hotmail.com.br:edisoncavalcante
rebequinhamoraes@hotmail.com:alegriadosenhor
edivaldooliveiralima@hotmail.com:123456456
reeh.gabriel@hotmail.com:renan12345
edsonclodoaldo@hotmail.com:50352060
edu.h.g@hotmail.com:91433506
edualves44@hotmail.com:01407540408
reginaldo.iub@hotmail.com:cuiteparaiba
eduarda.fagundes2011@gmail.com:pranchita2001
reginaldosouza123@hotmail.com:xt225sz.
eduarda.fofinha@hotmail.com:11071999
regine_top@hotmail.com:33579823
regisnovacriaturaeusou@gmail.com:1735193093
eduarda_aparecida2010@hotmail.com:duda.silva12.com
eduardo.hgba13@hotmail.com:eliecy123
reinalty_piaui@hotmail.com:.29.10.93
eduardoadao52@yahoo.com:adaoeduardo123
eduardobocon@hotmail.com:bocon526482
rejaneleila@hotmail.com:corsando12345678
eduardokanheskidasilva@hotmail.com:gremio1903
relanildo@hotmail.com:19931993
eduardolindobbb133@hotmail.com:123456789lindo
Renan.Mariano@hotmail.com.br:renanmariano
renanlorenzato@gmail.com:relorenzato19931021
eduardomsvidaboa@live.com:eduardonamooral
renanmetal10:13134545
eduardoschnorr@hotmail.com:nego240194
eduardovaoamerda@hotmail.com:uzumymw300
renanpassossantos@hotmail.com:17081997
eduardo_boleiro09@hotmail.com:88146339
renan_157.2016@hotmail.com:64567433
eduardo_cardoso.r@hotmail.com:dk2hp2kt
Eduardo_Gomes_Almeida@Hotmail.com:Eduardo@626
renan_cardoso13@hotmail.com:mocidade2009
eduardo_pirigueto@hotmail.com:22091998
renan_duarte@live.com:hell286848
eduardo_substrato@hotmail.com:eduardojb
renan_nava@hotmail.com:neymarjr92
eduline95@gmail.com:eduardo3636
renan_sfs19@hotmail.com:cec@2052
ed_andrade93@hotmail.com:edinho93
renatabente@hotmail.com:87170476
egon_1999@hotmail.com:123456123456
renatatcastro96@hotmail.com:2223242526
eibeleza@live.com:159balaca
maxfratane:semogxam
renatinha.gata33@hotmail.com:regatinha123
elainesantgoncalves@gmail.com:18111975
renatokel@hotmail.com:16129514
elbershipuden@hotmail.com:guitargods100987
renatostanke@hotmail.com:amaterasu
elbersonmarcondes2009@hotmail.com:naaaumsei
renato_avioes@hotmail.com:31021051990
rene_maciel_@hotmail.com:91676339
elder_macedo36@hotmail.com:maeteamocacia
renisson@moreira.com:5101renisson
elenitafreitas@live.com:92364022
re_nance_a@hotmail.com:123119962007
rf.enois@hotmail.com:rodrigo010203
elenzita_196@hotmail.com:souza102030
rgbinho@hotmail.com:56735622
rhayk10@hotmail.com:sucodefrutak102
eletro_huan@hotmail.com:eletroh123
ricardo.goi.ano@hotmail.com:ricardim10
elianesmv@hotmail.com:elianelindona
ricardo.junior.8@hotmail.com:soudopalace
eliel_lou@hotmail.com:759153***
ricardoangelx3@hotmail.com:meunascimento
elisangela_berlezi@hotmail.com:Setembro123
ricardoocard@hotmail.com:91995153
elissa2002@hotmail.com:elissa123
ricardopodewils@hotmail.com:corridamortal99
ricardo_nodinner@hotmail.com:03058947
elizama_sjb@hotmail.com:13134545
richard101poly@hotmail.com:20069314
ellenplmbleli@gmail.com:ellen232
eloilton2011@hotmail.com:larissa2011
rick_affonso@hotmail.com:97311306
ricoinlove@hotmail.com:180225002500
eloise_milene@hotmail.com:eloise32536373
rigrm@hotmail.com:35916680r
eltonvini2009@hotmail.com:96713879
rihrih.forever@gmail.com:olhoazul
elvis.sanches98@gmail.com:san*1404
riick_viera@live.com.pt:622809kike
elvystadeu@gmail.com:elvys645
rillaryf.guariente@hotmail.com:palmerence12
elyssandra_gabriele@hotmail.com:elysandra12345
rita.rln@hotmail.com:minhafelicidade
ely_2908@hotmail.com:cleriston2308
elzakathy@hotmail.com:thesims3adogoo
ritadecassia_gba@hotmail.com:ritadecassia
rizzioabf@gmail.com:fabrizzio**
emanuelandersoon@hotmail.com:andersoon209205
emanueld100@hotmail.com:seuailton
ro.palominha@gmail.com:13134545
emanuele.m.diogo@hotmail.com:oi123456
ro.sinharosa@hotmail.com:rosianerdr@
emanuelesophia15@hotmail.com:tadiferente
roberio_1993@hotmail.com:roberio123456789
emanuelle_sara@yahoo.com.br:88466918
robert.s.g@hotmail.com:102030cg
emersonjsilva@hotmail.com:3m3r5n4k
emersonprotasio:91831125
emersonvidaloka7@hotmail.com:mirelaminhavida
roberta-RBD_@hotmail.com:robertynhaa
roberta.melissa@hotmail.com:roebabiBFF
emillyraquel_ferreira@hotmail.com:lyah99185091
emillysoares_fb@hotmail.com:14emilly
robertsilvacar@hotmail.com:tr3bor31153868
emilly_missflorzinha@hotmail.com:88044096+
robert_sousa01@yahoo.com.br:rnsdoido
robinholrf@hotmail.com:050219952.0
Emilly_Varkov_@hotmail.com:mandy123
Robinho_rony@hotmail.com:ronysoufoda
emilymsilveira@hotmail.com:emilymmmsc
robson-moreyra@hotmail.com:guitarrashelter
emmilytoscan93@gmail.com:brunofelipe2011
robsonoliveirajunior@hotmail.com:22041995
emominiz@hotmail.com:delet123
enat_rbf2@hotmail.com:Rexona14
enrichjp@hotmail.com:matheusjp
rocha.guilherme593@gmail.com:@15telesp#
enrique_ms@ibest.com.br:rikinho5010
rochelly-pires@hotmail.com:helenalivia
enzgoto2010@hotmail.com:kakissily
rock.16@yahoo.com.br:spectropatrono
equipepancado87pancado@yahoo.com.br:marialuiz123
rock_star_assel@hotmail.com:kurtcobain
erich.banca_forte@hotmail.com:bancaforte
rocullen1@hotmail.com:milene147
erick375dark@gmail.com:rhalf123
erickdasgastas@hotmail.com:99886454
rodolfozikamemo@hotmail.com:rodolfosouza
rodrigo.buenolima8@gmail.com:rodrigobueno
erickglobeski@hotmail.com:impressora3238
Ericlescardoso@hotmail.com:monicamalovini
rodrigo20111997@hotmail.com:gatinho159
eric_ribas06@yahoo.com.br:mokdos170991
rodrigoalemao13@gmail.com:Digo136763744
eriksaldanha@hotmail.com:FiDeLiDaDe1
rodrigocipriano22@gmail.com:130597rcs22
rodrigomes100@hotmail.com:08006428222
erminio_jara@hotmail.com:topcountrytop10
rodrigooliveira24@yahoo.com.br:32991361022
eroneduardoquadros@hotmail.com:cavalocrioulo
rodrigosassaqui@hotmail.com:8127198520
eros_dos_santos@hotmail.com:cowboydamadrugada
rodrigosouzams@hotmail.com:rsp171910
erysilvaclr@hotmail.com:81816972
rodrigotrajano2010@hotmail.com:rodrigotricolor
esdrasbroow:26051996eu
rodrigovieiradasilva2011@gmail.com:84341740
estre_gata@hotmail.com:46165642
rodrigowesley1@yahoo.com.br:99714028
rodrigo_alex_123@hotmail.com:rodrigoribeiro
etiqueta_wellington@hotmail.com:etiqueta1708
etto_317@hotmail.com:91229603
rodrigo_fb2010@hotmail.com:junioresonia102030
eugenio.piazza@hotmail.com:13061088
rodrigo_hata@hotmail.com:rohajo13
euller.diasamaral@hotmail.com:ere31011995
rodrigo_kiko1994@hotmail.com:maria2008
rodrigo_pbala@hotmail.com:pedrobala1991
eu_molekinhaa@hotmail.com:88585284
rodrigo_trind22@hotmail.com:33224241
evair-putao1994@hotmail.com:08233782394
rodriguinhohenrique@hotmail.com:digo180299
evandro_murcego_15@hotmail.com:murcegoleparkour
rodrigynho99:rodrigo92860786
evelin2011@live.com:030908vivi
roger.filipe99@gmail.com:$roger+suelen$
roger22@oi.com.br:yasmim2007
evellenfrayla_andrade@hotmail.com:gata2011
evellynbenevides@hotmail.com:evellynsilva
roger94_b@hotmail.com:granadademao
Rogercamillo@hotmail.com:21031993
evellynlira@hotmail.com:lira2106
evelyn.boeck@hotmail.com:coloradagatinha
rogerio.milagrededeus@hotmail.com:#@#@teamo2211
evelynboneca.hotmail.com@gmail.com:123456789evelyn
rogerpacheco1@hotmail.com:pacheco1
evelynbonnadio@hotmail.com:123456789987654321
evelynha_1@hotmail.com:07do07de2000evelyn
evelyn_10sjc@yahoo.com.br:12235-750
romulonunessilva@hotmail.com:romulonunes
everton.luis.20@hotmail.com:everton260488
evertoncarvalho27@hotmail.com:ever99163284049
romulo_bdk@hotmail.com:tupacshakur11
evilamargarida2011@hotmail.com:margarida1997
ronaaj@hotmail.com:Ronaldo10
ronal-dinho-j@hotmail.com:25769235
evularaquel.v@HOTMAIL.com:99070594
ronaldinho.crb@hotmail.com:lukinhasomena10
ronaldo-santiago-1995@hotmail.com:9911992244227711
fabbyula@hotmail.com:safirah
ronaldolk75@yahoo.com.br:ronaldo99mt
fabianacampanelli@hotmail.com:28081996fabianacampanelli
ronan-eddy@hotmail.com:buguie92545166
fabianaesoares:3381554734423161
ronayrasuelen@hotmail.com:ronayra2002
fabianasouzab@yahoo.com.br:171717
roni.santos1@hotmail.com:roni1709
fabiana_profileoriginal@hotmail.com:fabi88424348
roni.top@hotmail.com:mlkzika13
ronie-xd@hotmail.com:batman51
fabiana_santos953@hotmail.com:annemainha
rooh201111@yahoo.com.br:nicolasmarisa
fabianocapoeiralongo@gmail.com:fabianolongo
rortimlokim@hotmail.com:japoneis
fabiarebelde@hotmail.com:7981340505
rosas4-pedro@hotmail.com:213100495r
fabierrycamargos@hotmail.com:paulista
fabim.longo@hotmail.com:10/3/1999
roselymarchi@hotmail.com:02101960
rosemar_gato@hotmail.com:rosemargarzella
fabinho.toto@hotmail.com:92243672
rosilainepereira@ymail.com:amogilson
fabioalves79:489623
rosinha12@live.com:98573836
fabioestival@hotmail.com:deus1020
rrrenatinh@gmail.com:92454875
fabiolamaia12@hotmail.com:portofirme
fabioolaribe@gmail.com:92061220faah
ruan-cesar@hotmail.com:158310
Fabioolion@hotmail.com:lererezes10
rubens.corredor@gmail.com:99797371
fabiosilva.brazil10@gmail.com:17071975
rubens37_barp@hotmail.com:inter123
fabiosilva1922@hotmail.com:fabiosilva1994
fabio_lyns@hotmail.com:astonvila633
rubiana0365@hotmail.com:oliveira
rubinho.1o@hotmail.com:rubinhoxxt
fabio_znloko@hotmail.com:fabinhoznloko
Rudierre_teixeira@hotmail.com:jacaraipe
fabipessolato@hotmail.com:pessolato
ruivinha_nathy2011@hotmail.com:thalia123
FABRICIOPAIMPAIXAO@HOTMAIL.COM:FABRICIORUFUS123
rusanto@yhaoo.com.br:ruannasantos
ruthi._@hotmail.com:8865301500
fabricioprok@hotmail.com:carro2010
ruthleite94@hotmail.com:ruthiinha23
ruthsilveira12@hotmail.com:ruthemax
fabricioss3m@hotmail.com:9941265988083223
fabris.lucas@hotmail.com:lucas3007
ryan3g@hotmail.com:ryanadijec
faby-774@hotmail.com:4798bebe
ryananderson07@hotmail.com:reidaspipas
faby-dos-santos@hotmail.com:horas4512
r_aissahtinha@hotmail.com:bmg20030
facluboficial_jdb@hotmail.com:30125689
r_margatto@hotmail.com:digo.1996
fad_nando@hotmail.com:fad123456789
s-caroline2011@hotmail.com:bozzanorisque
faela.zastavny@yahoo.com.br:36252107
s2s2letys2s2@hotmail.com:adorominhafamilia
falcombranco@hotmail.com:141825lg
saaah-12@hotmail.com:novinhasaliente
family_winchester@hotmail.com:samdeanekatywinchester
sabredeluz@hotmail.com:123zxcP
farias.leonardo1@gmail.com:220898leo
fatjoe_binladen@hotmail.com:888tya
sabrinasilvaavila@hotmail.com:binaekorey
fauescandido@hotmail.com:liliamor
SadyMateus@hotmail.com:1102363636
prowriter1@gmail.com:muffin
samspick3@gmail.com:people123
maddy.young@hotmail.co.uk:wisedeer79
cesar.a.vieira@hotmail.com:forever3390
r.neirasoto@gmail.com:antares69551314
fosterlovesgreen@hotmail.com:green13
erreurs@hotmail.fr:azertyuiop8
ryanarmstead@gmail.com:ryan1991
michael.holmes10@gmail.com:T1cTac92
czarekbudzinski@yahoo.com:gokussj4
jonathanjaspersfayer@hotmail.ca:Atreides1
nemoaesthetic@yahoo.com:Redemption13
youknowad@gmail.com:segovia8493
david.mccarty369@gmail.com:myname11
stevenyudoes@gmail.com:Time2faIL
lee_maddox@hotmail.com:yoyoyo12
kriswhaley@gmail.com:starkey69
jaredgwestbrook@gmail.com:Xzavier9
guckstar@gmail.com:Kasimir123
milocede@gmail.com:Double33
celiohauck@gmail.com:StrinbergPlay01
lordrevenantqq@gmail.com:oicu812QQ
mistaknispel@googlemail.com:maverick1
pointscc@gmail.com:1Crdepjj2
dooms.day9@yahoo.com:043095
christiancalam@gmail.com:Gotnet209
rikie89@yahoo.com:Bananagio11
yaeheekim@gmail.com:kimchi123
benpartridge@live.com.au:Scibby45
dylanmohon@yahoo.com:Coonass1221
tysonvick98@gmail.com:Shadowmoor98
lsp@sanggaard-poulsen.com:sanggaard1996
finderwow@gmail.com:miguel1999
bursaki7@gmail.com:ursaki98
xeryl4ever@gmail.com:gamer123
olegbortnik@yahoo.com:Polerman1
zachgk0427@gmail.com:karate99
jkchonny@gmail.com:jk900471
cordellhood2670@gmail.com:Beast1997
joshua249@hotmail.com:Murphz00
kwakattack17@gmail.com:C00kb00k
rafapayan@outlook.com:Puerco82
jac32lake@yahoo.com:Kierababy1
rrichardson55@gmail.com:Rr1022458
yanice.kz@gmail.com:pokemon13
waasprer@ucdavis.edu:omnislash123
mikejcsauer@gmail.com:strife13
paulcoolramey@gmail.com:1229456paul
samylepoulet@hotmail.com:samuel1998
nitsche-florian@gmx.de:Fcb1990fn
ripthereaper117@gmail.com:Reaper117
jamarhimmel@icloud.com:socke100
lucasiopp10@gmail.com:iopp0093
dustinbastaich@gmail.com:Baseball11
heavyrainfc@gmail.com:adin43983
xxshadowreaper23xx@gmail.com:ilovecookies23x
michael_fresques@yahoo.com:laxford1
Nuss1990@gmx.net:Grummel3
huntercameronhaydon@gmail.com:webemily2
pepzz93@hotmail.com:p70053208
andrewsturgis68@gmail.com:ajqueen39
lordbattery@gmail.com:mingming11
beenbusy1212@gmail.com:huhu7878
tat2p00h@gmail.com:p00hbear
mattparish87@googlemail.com:Swordfish87
an.briggs1993@yahoo.com:Coolface1337
caden.kelley@yahoo.com:Andrew16
philleiper81@hotmail.com:Platform2
mathew_wilson898@yahoo.com:Coffee12
asdocco1@gmail.com:Allout11
chrisnicholas1985@gmail.com:Sinistral1
fraserpohlen66@yahoo.co.uk:frasbo66
rivas_black92@hotmail.com:acople25
matthijsbosscher@hotmail.nl:THEdeath3
tommy.gun2001@icloud.com:Dirtdead123
kelvinroan50@yahoo.com:Westside4
jj5lb@yahoo.com:Mom19192003
kalebbenony@gmail.com:Benony0216
thewizaad@gmail.com:monkeyass7
damonforrester@gmail.com:Millie12
blakemeeler@yahoo.com:bl4k3is1337
Dylanstellenberg@gmail.com:football990
ronaldalexander362@gmail.com:Naruto11
ilovepizzawithchicken@gmail.com:silver501
thomas.zerbe@yahoo.com:wmcuje2mm
Cvargaz@yahoo.com:wii36022
jordanmwong22@gmail.com:Jordan60
thedawnofseries@gmail.com:06ya26man
rafafuda@hotmail.com:100funk
naputi.davidj@gmail.com:lostone44
coltsrock02@gmail.com:david2015
tomhenrynicholson@gmail.com:Mongoose5
woodtrevor1776@gmail.com:Twizzle1234
stapledpaper@live.com:Claytonwcar1
mdking97@gmail.com:9k12ak12337
gabriel.tom.gc@gmail.com:061002ndgsa
iamzluv@gmail.com:Yugiohgx7
aniaran@msn.com:Foolsgold1
shufflezxck@hotmail.com:Claptrap17
jmdunlap98@bellsouth.net:john1234
constantinos.fragoulis18@live.com:Condor56
darin.holman15@hotmail.com:Sholdar01
Nakamurajack3@gmail.com:mangekyo3
trentwilson211@gmail.com:lolking21
ChrisChrosscXc@gmail.com:itsover9000
aidan.watts240@gmail.com:Michaelw1
dakillertoast@yahoo.com:Murphy123
PaulDankert@web.de:kilerkapen19
bennett.hannemann@hotmail.com:qazxswedc777
nick.dickinson@outlook.com:a524418a
carter.riley@gmail.com:s4mu5511
Ayb911@gmail.com:Shift9112003
ausgreen1996@yahoo.com:Hankers1
sparktite@gmail.com:swg1ftw123
clement.koziara@gmail.com:clement1999
kristokiller32@gmail.com:GetLost31
johnsonbrett636@Gmail.com:Killzone1
nfe12@yahoo.com:Frantz12
monalomunoz@gmail.com:Scorpiax12
Joshuafredlund@gmail.com:Febuary7
pxkona@gmail.com:hobbits1
michaellsu0318@gmail.com:Michael0318
aldenalkas@yahoo.com:alden1987
roverdover94@yahoo.com:Gilberto1
sirberrix@gmail.com:Fitztier05
boxie16@yahoo.com:Captain11
hoenma@gmail.com:harrier619
gabrielsprieto@gmail.com:160293gsp
cbetancourt26@gmail.com:pandapow26
johan.paredlor@gmail.com:Helena69
zharris@delawareelevator.com:Harley1993
darknight609@live.co.uk:delldell1
rrk1993@gmail.com:Mjh6i9gj
maplefreak217@gmail.com:Strongguy1
bigbrothersam02@gmail.com:lilsis02
flame96325@gmail.com:Evan1997
jean_phil_g91@hotmail.ca:Owndnub01
mpinzon95@gmail.com:Toby2368
ayassaf90@gmail.com:hanyou90
vic.vulders1@gmail.com:vic251197
gints.apinis@gmail.com:substyl3z
camachosergio17@outlook.com:Barcelona17
skeletal@hotmail.fr:XU9js46V
codymartin0117@gmail.com:1leapfrog1
anthonyliuphs@gmail.com:darklancer27
nacho.rawi@gmail.com:extraterrestre1
jon@sunnyca.com:Uncharted3
mark54@mail.usf.edu:Freedom1
joseph.thompson2k1@gmail.com:homie100
kraleofficial@gmail.com:logicpro101
aaron.lee733@gmail.com:Whitetiger2
wesley.partygamer@gmail.com:Westoll99
walker_franklin@yahoo.com:Bioware1
baileyawesomness@gmail.com:9shadowsofmidnight9
matthewkoula@gmail.com:chicken313
deltaco921@gmail.com:Coolio921
diegoeby@gmail.com:omnia34d22
chb2084@email.vccs.edu:10Bigman
tamia.charles@yahoo.com:Sisters4
akirk2155@gmail.com:Wwefan1995
grmichaels11@gmail.com:Dragoon7
jesusmatos0916@gmail.com:bacano16
jakeschornagel@gmail.com:Retarded1
ericferrone@gmail.com:99balloons
kevin.petera@hotmail.com:KIWIkiwi97
11jura03@gmail.com:Jn11031988
nah.nah.fail@gmail.com:zaza1995
erikn1221@gmail.com:En680212
grottolaj@gmail.com:Ohmyjesus1
jan.knopp01@gmail.com:knoppide11
jonasgilbricht98@googlemail.com:marakatze1
mannyman70012@gmail.com:manuel24
nova_hunter@hotmail.com:Copyright1984
matt510001@yahoo.com:Mw11210951
pascal_schmidli@bluewin.ch:HCDavos22
danny.trujillo62@gmail.com:cotiro16
littlelake1@gmail.com:buddy522
nephisamuel@gmail.com:greenlantern1
msigil99@gmail.com:mike8197sigil
ksgrif2002@yahoo.com:sunshine77200
kaylalock525@gmail.com:raddaradda525
downatelrio@gmail.com:friggermuffin
kristoferdj@gmail.com:thatcoolkidd1
e.k.badr@gmail.com:chaosmarines1
bebechito83@icloud.com:barcelona1011
nguyenat8@gmail.com:imlycanit1225
jmonsta0007@gmail.com:lilmonsta2001
Newtlord@gmail.com:catshaveclass
deyonharipal@yahoo.com:blueexorcist1
katesianross@gmail.com:lilladraken23
inerwolf@live.com:wolfwarrior22
joey13705@yahoo.com:sailormoon126
clarence.smith56@yahoo.com:professional1
garthpmurray@gmail.com:hellhound8975
dylanhunter19@gmail.com:leander821563
benhagstrom@gmail.com:supersaiyan31
jacobmperez@yahoo.com:237217raiders
buto2008@gmail.com:icy443wand407
chippy11@hotmail.co.uk:chadwilliam11
