Jun 10 17:05:21 lab02 sshd[8728]: PAM 2 more authentication failures; logname= uid=0 euid=0 tty=ssh ruser= rhost=59.26.132.133  user=root
Jun 10 17:05:21 lab02 sshd[8738]: Failed password for root from 79.128.23.22 port 50034 ssh2
Jun 10 17:05:23 lab02 sshd[8738]: Failed password for root from 79.128.23.22 port 50034 ssh2
Jun 10 17:05:24 lab02 sshd[8738]: Connection closed by 79.128.23.22 port 50034 [preauth]
Jun 10 17:05:24 lab02 sshd[8738]: PAM 2 more authentication failures; logname= uid=0 euid=0 tty=ssh ruser= rhost=79.128.23.22  user=root
Jun 10 17:05:31 lab02 sshd[8740]: pam_unix(sshd:auth): authentication failure; logname= uid=0 euid=0 tty=ssh ruser= rhost=122.51.48.52  user=root
Jun 10 17:05:32 lab02 sshd[8742]: pam_unix(sshd:auth): authentication failure; logname= uid=0 euid=0 tty=ssh ruser= rhost=79.128.23.22  user=root
Jun 10 17:05:33 lab02 sshd[8740]: Failed password for root from 122.51.48.52 port 36766 ssh2
Jun 10 17:05:34 lab02 sshd[8742]: Failed password for root from 79.128.23.22 port 50294 ssh2
Jun 10 17:05:35 lab02 sshd[8740]: Failed password for root from 122.51.48.52 port 36766 ssh2
Jun 10 17:05:36 lab02 sshd[8742]: Failed password for root from 79.128.23.22 port 50294 ssh2
Jun 10 17:05:38 lab02 sshd[8740]: Failed password for root from 122.51.48.52 port 36766 ssh2
Jun 10 17:05:38 lab02 sshd[8740]: Connection closed by 122.51.48.52 port 36766 [preauth]
Jun 10 17:05:38 lab02 sshd[8740]: PAM 2 more authentication failures; logname= uid=0 euid=0 tty=ssh ruser= rhost=122.51.48.52  user=root
Jun 10 17:05:38 lab02 sshd[8742]: Failed password for root from 79.128.23.22 port 50294 ssh2
Jun 10 17:05:39 lab02 sshd[8742]: Connection closed by 79.128.23.22 port 50294 [preauth]
Jun 10 17:05:39 lab02 sshd[8742]: PAM 2 more authentication failures; logname= uid=0 euid=0 tty=ssh ruser= rhost=79.128.23.22  user=root
Jun 10 17:05:47 lab02 sshd[8744]: pam_unix(sshd:auth): authentication failure; logname= uid=0 euid=0 tty=ssh ruser= rhost=79.128.23.22  user=root
Jun 10 17:05:49 lab02 sshd[8746]: pam_unix(sshd:auth): authentication failure; logname= uid=0 euid=0 tty=ssh ruser= rhost=51.75.31.39  user=root
Jun 10 17:05:49 lab02 sshd[8744]: Failed password for root from 79.128.23.22 port 50684 ssh2
Jun 10 17:05:51 lab02 sshd[8746]: Failed password for root from 51.75.31.39 port 33008 ssh2
Jun 10 17:05:51 lab02 sshd[8744]: Failed password for root from 79.128.23.22 port 50684 ssh2
Jun 10 17:05:54 lab02 sshd[8746]: Failed password for root from 51.75.31.39 port 33008 ssh2
Jun 10 17:05:54 lab02 sshd[8744]: Failed password for root from 79.128.23.22 port 50684 ssh2
Jun 10 17:05:54 lab02 sshd[8744]: Connection closed by 79.128.23.22 port 50684 [preauth]
Jun 10 17:05:54 lab02 sshd[8744]: PAM 2 more authentication failures; logname= uid=0 euid=0 tty=ssh ruser= rhost=79.128.23.22  user=root
Jun 10 17:05:55 lab02 sshd[8746]: Failed password for root from 51.75.31.39 port 33008 ssh2
Jun 10 17:05:55 lab02 sshd[8746]: Connection closed by 51.75.31.39 port 33008 [preauth]
Jun 10 17:05:55 lab02 sshd[8746]: PAM 2 more authentication failures; logname= uid=0 euid=0 tty=ssh ruser= rhost=51.75.31.39  user=root
Jun 10 17:06:02 lab02 sshd[8748]: pam_unix(sshd:auth): authentication failure; logname= uid=0 euid=0 tty=ssh ruser= rhost=79.128.23.22  user=root
Jun 10 17:06:04 lab02 sshd[8748]: Failed password for root from 79.128.23.22 port 50884 ssh2
Jun 10 17:06:09 lab02 sshd[8748]: message repeated 2 times: [ Failed password for root from 79.128.23.22 port 50884 ssh2]
Jun 10 17:06:09 lab02 sshd[8748]: Connection closed by 79.128.23.22 port 50884 [preauth]
Jun 10 17:06:09 lab02 sshd[8748]: PAM 2 more authentication failures; logname= uid=0 euid=0 tty=ssh ruser= rhost=79.128.23.22  user=root
Jun 10 17:06:13 lab02 sshd[8750]: pam_unix(sshd:auth): authentication failure; logname= uid=0 euid=0 tty=ssh ruser= rhost=68.84.68.139  user=root
Jun 10 17:06:15 lab02 sshd[8750]: Failed password for root from 68.84.68.139 port 45798 ssh2
Jun 10 17:06:17 lab02 sshd[8752]: pam_unix(sshd:auth): authentication failure; logname= uid=0 euid=0 tty=ssh ruser= rhost=79.128.23.22  user=root
Jun 10 17:06:17 lab02 sshd[8750]: Failed password for root from 68.84.68.139 port 45798 ssh2
Jun 10 17:06:19 lab02 sshd[8752]: Failed password for root from 79.128.23.22 port 51234 ssh2
Jun 10 17:06:20 lab02 sshd[8750]: Failed password for root from 68.84.68.139 port 45798 ssh2
Jun 10 17:06:20 lab02 sshd[8750]: Connection closed by 68.84.68.139 port 45798 [preauth]
Jun 10 17:06:20 lab02 sshd[8750]: PAM 2 more authentication failures; logname= uid=0 euid=0 tty=ssh ruser= rhost=68.84.68.139  user=root
Jun 10 17:06:21 lab02 sshd[8752]: Failed password for root from 79.128.23.22 port 51234 ssh2
Jun 10 17:06:23 lab02 sshd[8752]: Failed password for root from 79.128.23.22 port 51234 ssh2
Jun 10 17:06:23 lab02 sshd[8752]: Connection closed by 79.128.23.22 port 51234 [preauth]
Jun 10 17:06:23 lab02 sshd[8752]: PAM 2 more authentication failures; logname= uid=0 euid=0 tty=ssh ruser= rhost=79.128.23.22  user=root
Jun 10 17:06:32 lab02 sshd[8754]: pam_unix(sshd:auth): authentication failure; logname= uid=0 euid=0 tty=ssh ruser= rhost=79.128.23.22  user=root
Jun 10 17:06:33 lab02 sshd[8754]: Failed password for root from 79.128.23.22 port 51736 ssh2
Jun 10 17:06:38 lab02 sshd[8754]: message repeated 2 times: [ Failed password for root from 79.128.23.22 port 51736 ssh2]
Jun 10 17:06:38 lab02 sshd[8754]: Connection closed by 79.128.23.22 port 51736 [preauth]
Jun 10 17:06:38 lab02 sshd[8754]: PAM 2 more authentication failures; logname= uid=0 euid=0 tty=ssh ruser= rhost=79.128.23.22  user=root
Jun 10 17:06:47 lab02 sshd[8756]: pam_unix(sshd:auth): authentication failure; logname= uid=0 euid=0 tty=ssh ruser= rhost=79.128.23.22  user=root
Jun 10 17:06:49 lab02 sshd[8756]: Failed password for root from 79.128.23.22 port 51950 ssh2
Jun 10 17:06:54 lab02 sshd[8756]: message repeated 2 times: [ Failed password for root from 79.128.23.22 port 51950 ssh2]
Jun 10 17:06:54 lab02 sshd[8756]: Connection closed by 79.128.23.22 port 51950 [preauth]
Jun 10 17:06:54 lab02 sshd[8756]: PAM 2 more authentication failures; logname= uid=0 euid=0 tty=ssh ruser= rhost=79.128.23.22  user=root
Jun 10 17:06:59 lab02 sshd[8758]: pam_unix(sshd:auth): authentication failure; logname= uid=0 euid=0 tty=ssh ruser= rhost=68.97.74.52  user=root
Jun 10 17:07:02 lab02 sshd[8758]: Failed password for root from 68.97.74.52 port 56298 ssh2
Jun 10 17:07:02 lab02 sshd[8758]: Connection closed by 68.97.74.52 port 56298 [preauth]
Jun 10 17:07:03 lab02 sshd[8760]: pam_unix(sshd:auth): authentication failure; logname= uid=0 euid=0 tty=ssh ruser= rhost=79.128.23.22  user=root
Jun 10 17:07:05 lab02 sshd[8760]: Failed password for root from 79.128.23.22 port 52134 ssh2
Jun 10 17:07:08 lab02 sshd[8760]: message repeated 2 times: [ Failed password for root from 79.128.23.22 port 52134 ssh2]
Jun 10 17:07:09 lab02 sshd[8760]: Connection closed by 79.128.23.22 port 52134 [preauth]
Jun 10 17:07:09 lab02 sshd[8760]: PAM 2 more authentication failures; logname= uid=0 euid=0 tty=ssh ruser= rhost=79.128.23.22  user=root
Jun 10 17:07:17 lab02 sshd[8762]: pam_unix(sshd:auth): authentication failure; logname= uid=0 euid=0 tty=ssh ruser= rhost=79.128.23.22  user=root
Jun 10 17:07:19 lab02 sshd[8762]: Failed password for root from 79.128.23.22 port 52300 ssh2
Jun 10 17:07:20 lab02 sshd[8762]: Failed password for root from 79.128.23.22 port 52300 ssh2
Jun 10 17:07:22 lab02 sshd[8764]: pam_unix(sshd:auth): authentication failure; logname= uid=0 euid=0 tty=ssh ruser= rhost=23.129.64.192  user=root
Jun 10 17:07:23 lab02 sshd[8762]: Failed password for root from 79.128.23.22 port 52300 ssh2
Jun 10 17:07:23 lab02 sshd[8762]: Connection closed by 79.128.23.22 port 52300 [preauth]
Jun 10 17:07:23 lab02 sshd[8762]: PAM 2 more authentication failures; logname= uid=0 euid=0 tty=ssh ruser= rhost=79.128.23.22  user=root
Jun 10 17:07:24 lab02 sshd[8764]: Failed password for root from 23.129.64.192 port 52932 ssh2
Jun 10 17:07:25 lab02 sshd[8764]: Connection closed by 23.129.64.192 port 52932 [preauth]
Jun 10 17:07:32 lab02 sshd[8766]: pam_unix(sshd:auth): authentication failure; logname= uid=0 euid=0 tty=ssh ruser= rhost=79.128.23.22  user=root
Jun 10 17:07:34 lab02 sshd[8766]: Failed password for root from 79.128.23.22 port 52644 ssh2
Jun 10 17:07:39 lab02 sshd[8766]: message repeated 2 times: [ Failed password for root from 79.128.23.22 port 52644 ssh2]
Jun 10 17:07:39 lab02 sshd[8766]: Connection closed by 79.128.23.22 port 52644 [preauth]
Jun 10 17:07:39 lab02 sshd[8766]: PAM 2 more authentication failures; logname= uid=0 euid=0 tty=ssh ruser= rhost=79.128.23.22  user=root
Jun 10 17:07:47 lab02 sshd[8768]: pam_unix(sshd:auth): authentication failure; logname= uid=0 euid=0 tty=ssh ruser= rhost=79.128.23.22  user=root
Jun 10 17:07:50 lab02 sshd[8768]: Failed password for root from 79.128.23.22 port 53068 ssh2
Jun 10 17:07:52 lab02 sshd[8770]: pam_unix(sshd:auth): authentication failure; logname= uid=0 euid=0 tty=ssh ruser= rhost=31.220.22.223  user=root
Jun 10 17:07:52 lab02 sshd[8768]: Failed password for root from 79.128.23.22 port 53068 ssh2
Jun 10 17:07:53 lab02 sshd[8770]: Failed password for root from 31.220.22.223 port 13607 ssh2
Jun 10 17:07:54 lab02 sshd[8770]: Connection closed by 31.220.22.223 port 13607 [preauth]
Jun 10 17:07:54 lab02 sshd[8768]: Failed password for root from 79.128.23.22 port 53068 ssh2
Jun 10 17:07:54 lab02 sshd[8768]: Connection closed by 79.128.23.22 port 53068 [preauth]
Jun 10 17:07:54 lab02 sshd[8768]: PAM 2 more authentication failures; logname= uid=0 euid=0 tty=ssh ruser= rhost=79.128.23.22  user=root
Jun 10 17:08:02 lab02 sshd[8772]: pam_unix(sshd:auth): authentication failure; logname= uid=0 euid=0 tty=ssh ruser= rhost=79.128.23.22  user=root
Jun 10 17:08:04 lab02 sshd[8772]: Failed password for root from 79.128.23.22 port 53442 ssh2
Jun 10 17:08:07 lab02 sshd[8772]: message repeated 2 times: [ Failed password for root from 79.128.23.22 port 53442 ssh2]
Jun 10 17:08:08 lab02 sshd[8772]: Connection closed by 79.128.23.22 port 53442 [preauth]
Jun 10 17:08:08 lab02 sshd[8772]: PAM 2 more authentication failures; logname= uid=0 euid=0 tty=ssh ruser= rhost=79.128.23.22  user=root
Jun 10 17:08:08 lab02 sshd[8774]: pam_unix(sshd:auth): authentication failure; logname= uid=0 euid=0 tty=ssh ruser= rhost=78.5.170.222  user=root
Jun 10 17:08:10 lab02 sshd[8774]: Failed password for root from 78.5.170.222 port 56486 ssh2
Jun 10 17:08:10 lab02 sshd[8774]: Connection closed by 78.5.170.222 port 56486 [preauth]
Jun 10 17:08:17 lab02 sshd[8776]: pam_unix(sshd:auth): authentication failure; logname= uid=0 euid=0 tty=ssh ruser= rhost=121.155.49.93  user=root
Jun 10 17:08:17 lab02 sshd[8778]: pam_unix(sshd:auth): authentication failure; logname= uid=0 euid=0 tty=ssh ruser= rhost=79.128.23.22  user=root
Jun 10 17:08:19 lab02 sshd[8776]: Failed password for root from 121.155.49.93 port 59688 ssh2
Jun 10 17:08:20 lab02 sshd[8776]: Connection closed by 121.155.49.93 port 59688 [preauth]
Jun 10 17:08:20 lab02 sshd[8778]: Failed password for root from 79.128.23.22 port 53864 ssh2
Jun 10 17:08:24 lab02 sshd[8778]: message repeated 2 times: [ Failed password for root from 79.128.23.22 port 53864 ssh2]
Jun 10 17:08:24 lab02 sshd[8778]: Connection closed by 79.128.23.22 port 53864 [preauth]
Jun 10 17:08:24 lab02 sshd[8778]: PAM 2 more authentication failures; logname= uid=0 euid=0 tty=ssh ruser= rhost=79.128.23.22  user=root
Jun 10 17:08:32 lab02 sshd[8780]: pam_unix(sshd:auth): authentication failure; logname= uid=0 euid=0 tty=ssh ruser= rhost=79.128.23.22  user=root
Jun 10 17:08:34 lab02 sshd[8780]: Failed password for root from 79.128.23.22 port 54110 ssh2
Jun 10 17:08:38 lab02 sshd[8780]: message repeated 2 times: [ Failed password for root from 79.128.23.22 port 54110 ssh2]
Jun 10 17:08:38 lab02 sshd[8780]: Connection closed by 79.128.23.22 port 54110 [preauth]
Jun 10 17:08:38 lab02 sshd[8780]: PAM 2 more authentication failures; logname= uid=0 euid=0 tty=ssh ruser= rhost=79.128.23.22  user=root
Jun 10 17:08:39 lab02 sshd[8782]: pam_unix(sshd:auth): authentication failure; logname= uid=0 euid=0 tty=ssh ruser= rhost=68.97.74.52  user=root
Jun 10 17:08:40 lab02 sshd[8784]: pam_unix(sshd:auth): authentication failure; logname= uid=0 euid=0 tty=ssh ruser= rhost=100.0.197.18  user=root
Jun 10 17:08:41 lab02 sshd[8782]: Failed password for root from 68.97.74.52 port 58498 ssh2
Jun 10 17:08:41 lab02 sshd[8782]: Connection closed by 68.97.74.52 port 58498 [preauth]
Jun 10 17:08:42 lab02 sshd[8784]: Failed password for root from 100.0.197.18 port 54778 ssh2
Jun 10 17:08:42 lab02 sshd[8784]: Connection closed by 100.0.197.18 port 54778 [preauth]
Jun 10 17:08:47 lab02 sshd[8786]: pam_unix(sshd:auth): authentication failure; logname= uid=0 euid=0 tty=ssh ruser= rhost=79.128.23.22  user=root
Jun 10 17:08:50 lab02 sshd[8786]: Failed password for root from 79.128.23.22 port 54548 ssh2
Jun 10 17:08:54 lab02 sshd[8786]: message repeated 2 times: [ Failed password for root from 79.128.23.22 port 54548 ssh2]
Jun 10 17:08:54 lab02 sshd[8786]: Connection closed by 79.128.23.22 port 54548 [preauth]
Jun 10 17:08:54 lab02 sshd[8786]: PAM 2 more authentication failures; logname= uid=0 euid=0 tty=ssh ruser= rhost=79.128.23.22  user=root
Jun 10 17:08:55 lab02 sshd[8788]: pam_unix(sshd:auth): authentication failure; logname= uid=0 euid=0 tty=ssh ruser= rhost=121.155.49.93  user=root
Jun 10 17:08:56 lab02 sshd[8788]: Failed password for root from 121.155.49.93 port 60210 ssh2
Jun 10 17:08:56 lab02 sshd[8788]: Connection closed by 121.155.49.93 port 60210 [preauth]
Jun 10 17:09:01 lab02 CRON[8790]: pam_unix(cron:session): session opened for user root by (uid=0)
Jun 10 17:09:01 lab02 CRON[8790]: pam_unix(cron:session): session closed for user root
Jun 10 17:09:03 lab02 sshd[8832]: pam_unix(sshd:auth): authentication failure; logname= uid=0 euid=0 tty=ssh ruser= rhost=79.128.23.22  user=root
Jun 10 17:09:05 lab02 sshd[8832]: Failed password for root from 79.128.23.22 port 54966 ssh2
Jun 10 17:09:07 lab02 sshd[8832]: Failed password for root from 79.128.23.22 port 54966 ssh2
Jun 10 17:09:09 lab02 sshd[8834]: pam_unix(sshd:auth): authentication failure; logname= uid=0 euid=0 tty=ssh ruser= rhost=45.143.136.213  user=root
Jun 10 17:09:09 lab02 sshd[8832]: Failed password for root from 79.128.23.22 port 54966 ssh2
Jun 10 17:09:09 lab02 sshd[8832]: Connection closed by 79.128.23.22 port 54966 [preauth]
Jun 10 17:09:09 lab02 sshd[8832]: PAM 2 more authentication failures; logname= uid=0 euid=0 tty=ssh ruser= rhost=79.128.23.22  user=root
Jun 10 17:09:10 lab02 sshd[8834]: Failed password for root from 45.143.136.213 port 43648 ssh2
Jun 10 17:09:10 lab02 sshd[8834]: Connection closed by 45.143.136.213 port 43648 [preauth]
Jun 10 17:09:11 lab02 sshd[8836]: pam_unix(sshd:auth): authentication failure; logname= uid=0 euid=0 tty=ssh ruser= rhost=68.84.68.139  user=root
Jun 10 17:09:13 lab02 sshd[8836]: Failed password for root from 68.84.68.139 port 34062 ssh2
Jun 10 17:09:13 lab02 sshd[8836]: Connection closed by 68.84.68.139 port 34062 [preauth]
Jun 10 17:09:17 lab02 sshd[8840]: pam_unix(sshd:auth): authentication failure; logname= uid=0 euid=0 tty=ssh ruser= rhost=51.75.31.39  user=root
Jun 10 17:09:17 lab02 sshd[8838]: pam_unix(sshd:auth): authentication failure; logname= uid=0 euid=0 tty=ssh ruser= rhost=79.128.23.22  user=root
Jun 10 17:09:19 lab02 sshd[8840]: Failed password for root from 51.75.31.39 port 36070 ssh2
Jun 10 17:09:19 lab02 sshd[8840]: Connection closed by 51.75.31.39 port 36070 [preauth]
Jun 10 17:09:19 lab02 sshd[8838]: Failed password for root from 79.128.23.22 port 55238 ssh2
Jun 10 17:09:24 lab02 sshd[8838]: message repeated 2 times: [ Failed password for root from 79.128.23.22 port 55238 ssh2]
Jun 10 17:09:24 lab02 sshd[8838]: Connection closed by 79.128.23.22 port 55238 [preauth]
Jun 10 17:09:24 lab02 sshd[8838]: PAM 2 more authentication failures; logname= uid=0 euid=0 tty=ssh ruser= rhost=79.128.23.22  user=root
Jun 10 17:09:32 lab02 sshd[8842]: pam_unix(sshd:auth): authentication failure; logname= uid=0 euid=0 tty=ssh ruser= rhost=79.128.23.22  user=root
Jun 10 17:09:34 lab02 sshd[8842]: Failed password for root from 79.128.23.22 port 55430 ssh2
Jun 10 17:09:39 lab02 sshd[8842]: message repeated 2 times: [ Failed password for root from 79.128.23.22 port 55430 ssh2]
Jun 10 17:09:39 lab02 sshd[8842]: Connection closed by 79.128.23.22 port 55430 [preauth]
Jun 10 17:09:39 lab02 sshd[8842]: PAM 2 more authentication failures; logname= uid=0 euid=0 tty=ssh ruser= rhost=79.128.23.22  user=root
Jun 10 17:09:40 lab02 sshd[8844]: pam_unix(sshd:auth): authentication failure; logname= uid=0 euid=0 tty=ssh ruser= rhost=122.51.48.52  user=root
Jun 10 17:09:42 lab02 sshd[8844]: Failed password for root from 122.51.48.52 port 38370 ssh2
Jun 10 17:09:42 lab02 sshd[8844]: Connection closed by 122.51.48.52 port 38370 [preauth]
Jun 10 17:09:47 lab02 sshd[8846]: pam_unix(sshd:auth): authentication failure; logname= uid=0 euid=0 tty=ssh ruser= rhost=79.128.23.22  user=root
Jun 10 17:09:49 lab02 sshd[8846]: Failed password for root from 79.128.23.22 port 55774 ssh2
Jun 10 17:09:54 lab02 sshd[8846]: message repeated 2 times: [ Failed password for root from 79.128.23.22 port 55774 ssh2]
Jun 10 17:09:54 lab02 sshd[8846]: Connection closed by 79.128.23.22 port 55774 [preauth]
Jun 10 17:09:54 lab02 sshd[8846]: PAM 2 more authentication failures; logname= uid=0 euid=0 tty=ssh ruser= rhost=79.128.23.22  user=root
Jun 10 17:10:03 lab02 sshd[8848]: pam_unix(sshd:auth): authentication failure; logname= uid=0 euid=0 tty=ssh ruser= rhost=79.128.23.22  user=root
Jun 10 17:10:05 lab02 sshd[8848]: Failed password for root from 79.128.23.22 port 55994 ssh2
Jun 10 17:10:09 lab02 sshd[8848]: message repeated 2 times: [ Failed password for root from 79.128.23.22 port 55994 ssh2]
Jun 10 17:10:09 lab02 sshd[8848]: Connection closed by 79.128.23.22 port 55994 [preauth]
Jun 10 17:10:09 lab02 sshd[8848]: PAM 2 more authentication failures; logname= uid=0 euid=0 tty=ssh ruser= rhost=79.128.23.22  user=root
Jun 10 17:10:17 lab02 sshd[8851]: pam_unix(sshd:auth): authentication failure; logname= uid=0 euid=0 tty=ssh ruser= rhost=79.128.23.22  user=root
Jun 10 17:10:20 lab02 sshd[8851]: Failed password for root from 79.128.23.22 port 56168 ssh2
Jun 10 17:10:24 lab02 sshd[8851]: message repeated 2 times: [ Failed password for root from 79.128.23.22 port 56168 ssh2]
Jun 10 17:10:24 lab02 sshd[8851]: Connection closed by 79.128.23.22 port 56168 [preauth]
Jun 10 17:10:24 lab02 sshd[8851]: PAM 2 more authentication failures; logname= uid=0 euid=0 tty=ssh ruser= rhost=79.128.23.22  user=root
Jun 10 17:10:26 lab02 sshd[8853]: pam_unix(sshd:auth): authentication failure; logname= uid=0 euid=0 tty=ssh ruser= rhost=31.220.22.223  user=root
Jun 10 17:10:28 lab02 sshd[8853]: Failed password for root from 31.220.22.223 port 26981 ssh2
Jun 10 17:10:29 lab02 sshd[8855]: pam_unix(sshd:auth): authentication failure; logname= uid=0 euid=0 tty=ssh ruser= rhost=45.143.136.213  user=root
Jun 10 17:10:31 lab02 sshd[8853]: Failed password for root from 31.220.22.223 port 26981 ssh2
Jun 10 17:10:31 lab02 sshd[8855]: Failed password for root from 45.143.136.213 port 43904 ssh2
Jun 10 17:10:31 lab02 sshd[8855]: Connection closed by 45.143.136.213 port 43904 [preauth]
Jun 10 17:10:33 lab02 sshd[8857]: pam_unix(sshd:auth): authentication failure; logname= uid=0 euid=0 tty=ssh ruser= rhost=79.128.23.22  user=root
Jun 10 17:10:33 lab02 sshd[8853]: Failed password for root from 31.220.22.223 port 26981 ssh2
Jun 10 17:10:34 lab02 sshd[8853]: Connection closed by 31.220.22.223 port 26981 [preauth]
Jun 10 17:10:34 lab02 sshd[8853]: PAM 2 more authentication failures; logname= uid=0 euid=0 tty=ssh ruser= rhost=31.220.22.223  user=root
Jun 10 17:10:35 lab02 sshd[8857]: Failed password for root from 79.128.23.22 port 56658 ssh2
Jun 10 17:10:39 lab02 sshd[8857]: message repeated 2 times: [ Failed password for root from 79.128.23.22 port 56658 ssh2]
Jun 10 17:10:39 lab02 sshd[8857]: Connection closed by 79.128.23.22 port 56658 [preauth]
Jun 10 17:10:39 lab02 sshd[8857]: PAM 2 more authentication failures; logname= uid=0 euid=0 tty=ssh ruser= rhost=79.128.23.22  user=root
Jun 10 17:10:48 lab02 sshd[8859]: pam_unix(sshd:auth): authentication failure; logname= uid=0 euid=0 tty=ssh ruser= rhost=79.128.23.22  user=root
Jun 10 17:10:50 lab02 sshd[8859]: Failed password for root from 79.128.23.22 port 57060 ssh2
Jun 10 17:10:55 lab02 sshd[8859]: message repeated 2 times: [ Failed password for root from 79.128.23.22 port 57060 ssh2]
Jun 10 17:10:55 lab02 sshd[8859]: Connection closed by 79.128.23.22 port 57060 [preauth]
Jun 10 17:10:55 lab02 sshd[8859]: PAM 2 more authentication failures; logname= uid=0 euid=0 tty=ssh ruser= rhost=79.128.23.22  user=root
Jun 10 17:11:03 lab02 sshd[8861]: pam_unix(sshd:auth): authentication failure; logname= uid=0 euid=0 tty=ssh ruser= rhost=79.128.23.22  user=root
Jun 10 17:11:05 lab02 sshd[8861]: Failed password for root from 79.128.23.22 port 57398 ssh2
Jun 10 17:11:09 lab02 sshd[8861]: message repeated 2 times: [ Failed password for root from 79.128.23.22 port 57398 ssh2]
Jun 10 17:11:09 lab02 sshd[8861]: Connection closed by 79.128.23.22 port 57398 [preauth]
Jun 10 17:11:09 lab02 sshd[8861]: PAM 2 more authentication failures; logname= uid=0 euid=0 tty=ssh ruser= rhost=79.128.23.22  user=root
Jun 10 17:11:14 lab02 sshd[8863]: pam_unix(sshd:auth): authentication failure; logname= uid=0 euid=0 tty=ssh ruser= rhost=114.217.179.49  user=root
Jun 10 17:11:16 lab02 sshd[8865]: pam_unix(sshd:auth): authentication failure; logname= uid=0 euid=0 tty=ssh ruser= rhost=122.51.48.52  user=root
Jun 10 17:11:17 lab02 sshd[8863]: Failed password for root from 114.217.179.49 port 48570 ssh2
Jun 10 17:11:17 lab02 sshd[8863]: Connection closed by 114.217.179.49 port 48570 [preauth]
Jun 10 17:11:18 lab02 sshd[8867]: pam_unix(sshd:auth): authentication failure; logname= uid=0 euid=0 tty=ssh ruser= rhost=79.128.23.22  user=root
Jun 10 17:11:18 lab02 sshd[8865]: Failed password for root from 122.51.48.52 port 38818 ssh2
Jun 10 17:11:20 lab02 sshd[8869]: pam_unix(sshd:auth): authentication failure; logname= uid=0 euid=0 tty=ssh ruser= rhost=79.128.23.22  user=root
Jun 10 17:11:21 lab02 sshd[8867]: Failed password for root from 79.128.23.22 port 57762 ssh2
Jun 10 17:11:21 lab02 sshd[8865]: Failed password for root from 122.51.48.52 port 38818 ssh2
Jun 10 17:11:21 lab02 sshd[8871]: pam_unix(sshd:auth): authentication failure; logname= uid=0 euid=0 tty=ssh ruser= rhost=121.156.203.3  user=root
Jun 10 17:11:22 lab02 sshd[8869]: Failed password for root from 79.128.23.22 port 57836 ssh2
Jun 10 17:11:23 lab02 sshd[8867]: Failed password for root from 79.128.23.22 port 57762 ssh2
Jun 10 17:11:23 lab02 sshd[8869]: Connection closed by 79.128.23.22 port 57836 [preauth]
Jun 10 17:11:23 lab02 sshd[8865]: Failed password for root from 122.51.48.52 port 38818 ssh2
Jun 10 17:11:23 lab02 sshd[8865]: Connection closed by 122.51.48.52 port 38818 [preauth]
Jun 10 17:11:23 lab02 sshd[8865]: PAM 2 more authentication failures; logname= uid=0 euid=0 tty=ssh ruser= rhost=122.51.48.52  user=root
Jun 10 17:11:23 lab02 sshd[8871]: Failed password for root from 121.156.203.3 port 52228 ssh2
Jun 10 17:11:23 lab02 sshd[8871]: Connection closed by 121.156.203.3 port 52228 [preauth]
Jun 10 17:11:25 lab02 sshd[8867]: Failed password for root from 79.128.23.22 port 57762 ssh2
Jun 10 17:11:25 lab02 sshd[8867]: Connection closed by 79.128.23.22 port 57762 [preauth]
Jun 10 17:11:25 lab02 sshd[8867]: PAM 2 more authentication failures; logname= uid=0 euid=0 tty=ssh ruser= rhost=79.128.23.22  user=root
Jun 10 17:11:26 lab02 sshd[8873]: pam_unix(sshd:auth): authentication failure; logname= uid=0 euid=0 tty=ssh ruser= rhost=121.156.203.3  user=root
Jun 10 17:11:28 lab02 sshd[8873]: Failed password for root from 121.156.203.3 port 52260 ssh2
Jun 10 17:11:30 lab02 sshd[8873]: Failed password for root from 121.156.203.3 port 52260 ssh2
Jun 10 17:11:33 lab02 sshd[8875]: pam_unix(sshd:auth): authentication failure; logname= uid=0 euid=0 tty=ssh ruser= rhost=79.128.23.22  user=root
Jun 10 17:11:33 lab02 sshd[8873]: Failed password for root from 121.156.203.3 port 52260 ssh2
Jun 10 17:11:33 lab02 sshd[8873]: Connection closed by 121.156.203.3 port 52260 [preauth]
Jun 10 17:11:33 lab02 sshd[8873]: PAM 2 more authentication failures; logname= uid=0 euid=0 tty=ssh ruser= rhost=121.156.203.3  user=root
Jun 10 17:11:35 lab02 sshd[8875]: Failed password for root from 79.128.23.22 port 57958 ssh2
Jun 10 17:11:35 lab02 sshd[8877]: pam_unix(sshd:auth): authentication failure; logname= uid=0 euid=0 tty=ssh ruser= rhost=139.199.163.77  user=root
Jun 10 17:11:36 lab02 sshd[8879]: pam_unix(sshd:auth): authentication failure; logname= uid=0 euid=0 tty=ssh ruser= rhost=121.156.203.3  user=root
Jun 10 17:11:37 lab02 sshd[8877]: Failed password for root from 139.199.163.77 port 55036 ssh2
Jun 10 17:11:37 lab02 sshd[8875]: Failed password for root from 79.128.23.22 port 57958 ssh2
Jun 10 17:11:38 lab02 sshd[8877]: Connection closed by 139.199.163.77 port 55036 [preauth]
Jun 10 17:11:38 lab02 sshd[8879]: Failed password for root from 121.156.203.3 port 52458 ssh2
Jun 10 17:11:39 lab02 sshd[8875]: Failed password for root from 79.128.23.22 port 57958 ssh2
Jun 10 17:11:40 lab02 sshd[8875]: Connection closed by 79.128.23.22 port 57958 [preauth]
Jun 10 17:11:40 lab02 sshd[8875]: PAM 2 more authentication failures; logname= uid=0 euid=0 tty=ssh ruser= rhost=79.128.23.22  user=root
Jun 10 17:11:40 lab02 sshd[8879]: Failed password for root from 121.156.203.3 port 52458 ssh2
Jun 10 17:11:42 lab02 sshd[8879]: Failed password for root from 121.156.203.3 port 52458 ssh2
Jun 10 17:11:43 lab02 sshd[8879]: Connection closed by 121.156.203.3 port 52458 [preauth]
Jun 10 17:11:43 lab02 sshd[8879]: PAM 2 more authentication failures; logname= uid=0 euid=0 tty=ssh ruser= rhost=121.156.203.3  user=root
Jun 10 17:11:45 lab02 sshd[8881]: pam_unix(sshd:auth): authentication failure; logname= uid=0 euid=0 tty=ssh ruser= rhost=121.156.203.3  user=root
Jun 10 17:11:47 lab02 sshd[8881]: Failed password for root from 121.156.203.3 port 52586 ssh2
Jun 10 17:11:48 lab02 sshd[8883]: pam_unix(sshd:auth): authentication failure; logname= uid=0 euid=0 tty=ssh ruser= rhost=79.128.23.22  user=root
Jun 10 17:11:50 lab02 sshd[8881]: Failed password for root from 121.156.203.3 port 52586 ssh2
Jun 10 17:11:50 lab02 sshd[8881]: Connection closed by 121.156.203.3 port 52586 [preauth]
Jun 10 17:11:50 lab02 sshd[8881]: PAM 1 more authentication failure; logname= uid=0 euid=0 tty=ssh ruser= rhost=121.156.203.3  user=root
Jun 10 17:11:50 lab02 sshd[8883]: Failed password for root from 79.128.23.22 port 58286 ssh2
Jun 10 17:11:56 lab02 sshd[8883]: message repeated 2 times: [ Failed password for root from 79.128.23.22 port 58286 ssh2]
Jun 10 17:11:56 lab02 sshd[8883]: Connection closed by 79.128.23.22 port 58286 [preauth]
Jun 10 17:11:56 lab02 sshd[8883]: PAM 2 more authentication failures; logname= uid=0 euid=0 tty=ssh ruser= rhost=79.128.23.22  user=root
Jun 10 17:12:03 lab02 sshd[8885]: pam_unix(sshd:auth): authentication failure; logname= uid=0 euid=0 tty=ssh ruser= rhost=79.128.23.22  user=root
Jun 10 17:12:05 lab02 sshd[8885]: Failed password for root from 79.128.23.22 port 58572 ssh2
Jun 10 17:12:10 lab02 sshd[8885]: message repeated 2 times: [ Failed password for root from 79.128.23.22 port 58572 ssh2]
Jun 10 17:12:11 lab02 sshd[8885]: Connection closed by 79.128.23.22 port 58572 [preauth]
Jun 10 17:12:11 lab02 sshd[8885]: PAM 2 more authentication failures; logname= uid=0 euid=0 tty=ssh ruser= rhost=79.128.23.22  user=root
Jun 10 17:12:18 lab02 sshd[8887]: pam_unix(sshd:auth): authentication failure; logname= uid=0 euid=0 tty=ssh ruser= rhost=79.128.23.22  user=root
Jun 10 17:12:20 lab02 sshd[8887]: Failed password for root from 79.128.23.22 port 58724 ssh2
Jun 10 17:12:25 lab02 sshd[8887]: message repeated 2 times: [ Failed password for root from 79.128.23.22 port 58724 ssh2]
Jun 10 17:12:25 lab02 sshd[8887]: Connection closed by 79.128.23.22 port 58724 [preauth]
Jun 10 17:12:25 lab02 sshd[8887]: PAM 2 more authentication failures; logname= uid=0 euid=0 tty=ssh ruser= rhost=79.128.23.22  user=root
Jun 10 17:12:33 lab02 sshd[8889]: pam_unix(sshd:auth): authentication failure; logname= uid=0 euid=0 tty=ssh ruser= rhost=79.128.23.22  user=root
Jun 10 17:12:35 lab02 sshd[8891]: pam_unix(sshd:auth): authentication failure; logname= uid=0 euid=0 tty=ssh ruser= rhost=139.199.163.77  user=root
Jun 10 17:12:35 lab02 sshd[8889]: Failed password for root from 79.128.23.22 port 58890 ssh2
Jun 10 17:12:37 lab02 sshd[8891]: Failed password for root from 139.199.163.77 port 55828 ssh2
Jun 10 17:12:37 lab02 sshd[8889]: Failed password for root from 79.128.23.22 port 58890 ssh2
Jun 10 17:12:39 lab02 sshd[8891]: Failed password for root from 139.199.163.77 port 55828 ssh2
Jun 10 17:12:39 lab02 sshd[8889]: Failed password for root from 79.128.23.22 port 58890 ssh2
Jun 10 17:12:40 lab02 sshd[8889]: Connection closed by 79.128.23.22 port 58890 [preauth]
Jun 10 17:12:40 lab02 sshd[8889]: PAM 2 more authentication failures; logname= uid=0 euid=0 tty=ssh ruser= rhost=79.128.23.22  user=root
Jun 10 17:12:42 lab02 sshd[8891]: Failed password for root from 139.199.163.77 port 55828 ssh2
Jun 10 17:12:42 lab02 sshd[8891]: Connection closed by 139.199.163.77 port 55828 [preauth]
Jun 10 17:12:42 lab02 sshd[8891]: PAM 2 more authentication failures; logname= uid=0 euid=0 tty=ssh ruser= rhost=139.199.163.77  user=root
Jun 10 17:12:43 lab02 sshd[8893]: pam_unix(sshd:auth): authentication failure; logname= uid=0 euid=0 tty=ssh ruser= rhost=222.186.173.154  user=root
Jun 10 17:12:45 lab02 sshd[8893]: Failed password for root from 222.186.173.154 port 62032 ssh2
Jun 10 17:12:48 lab02 sshd[8895]: pam_unix(sshd:auth): authentication failure; logname= uid=0 euid=0 tty=ssh ruser= rhost=79.128.23.22  user=root
Jun 10 17:12:49 lab02 sshd[8893]: Failed password for root from 222.186.173.154 port 62032 ssh2
Jun 10 17:12:50 lab02 sshd[8895]: Failed password for root from 79.128.23.22 port 59112 ssh2
Jun 10 17:12:53 lab02 sshd[8895]: Failed password for root from 79.128.23.22 port 59112 ssh2
Jun 10 17:12:54 lab02 sshd[8893]: Failed password for root from 222.186.173.154 port 62032 ssh2
Jun 10 17:12:55 lab02 sshd[8895]: Failed password for root from 79.128.23.22 port 59112 ssh2
Jun 10 17:12:55 lab02 sshd[8895]: Connection closed by 79.128.23.22 port 59112 [preauth]
Jun 10 17:12:55 lab02 sshd[8895]: PAM 2 more authentication failures; logname= uid=0 euid=0 tty=ssh ruser= rhost=79.128.23.22  user=root
Jun 10 17:12:57 lab02 sshd[8893]: Failed password for root from 222.186.173.154 port 62032 ssh2
Jun 10 17:13:01 lab02 sshd[8893]: Failed password for root from 222.186.173.154 port 62032 ssh2
Jun 10 17:13:01 lab02 sshd[8893]: error: maximum authentication attempts exceeded for root from 222.186.173.154 port 62032 ssh2 [preauth]
Jun 10 17:13:01 lab02 sshd[8893]: Disconnecting: Too many authentication failures [preauth]
Jun 10 17:13:01 lab02 sshd[8893]: PAM 4 more authentication failures; logname= uid=0 euid=0 tty=ssh ruser= rhost=222.186.173.154  user=root
Jun 10 17:13:01 lab02 sshd[8893]: PAM service(sshd) ignoring max retries; 5 > 3
Jun 10 17:13:03 lab02 sshd[8897]: pam_unix(sshd:auth): authentication failure; logname= uid=0 euid=0 tty=ssh ruser= rhost=79.128.23.22  user=root
Jun 10 17:13:04 lab02 sshd[8899]: pam_unix(sshd:auth): authentication failure; logname= uid=0 euid=0 tty=ssh ruser= rhost=222.186.173.154  user=root
Jun 10 17:13:05 lab02 sshd[8897]: Failed password for root from 79.128.23.22 port 59402 ssh2
Jun 10 17:13:07 lab02 sshd[8899]: Failed password for root from 222.186.173.154 port 15394 ssh2
Jun 10 17:13:07 lab02 sshd[8897]: Failed password for root from 79.128.23.22 port 59402 ssh2
Jun 10 17:13:09 lab02 sshd[8897]: Failed password for root from 79.128.23.22 port 59402 ssh2
Jun 10 17:13:09 lab02 sshd[8897]: Connection closed by 79.128.23.22 port 59402 [preauth]
Jun 10 17:13:09 lab02 sshd[8897]: PAM 2 more authentication failures; logname= uid=0 euid=0 tty=ssh ruser= rhost=79.128.23.22  user=root
Jun 10 17:13:10 lab02 sshd[8899]: Failed password for root from 222.186.173.154 port 15394 ssh2
Jun 10 17:13:11 lab02 sshd[8901]: pam_unix(sshd:auth): authentication failure; logname= uid=0 euid=0 tty=ssh ruser= rhost=68.84.68.139  user=root
Jun 10 17:13:13 lab02 sshd[8901]: Failed password for root from 68.84.68.139 port 44086 ssh2
Jun 10 17:13:13 lab02 sshd[8901]: Connection closed by 68.84.68.139 port 44086 [preauth]
Jun 10 17:13:13 lab02 sshd[8899]: Failed password for root from 222.186.173.154 port 15394 ssh2
Jun 10 17:13:16 lab02 sshd[8899]: Failed password for root from 222.186.173.154 port 15394 ssh2
Jun 10 17:13:18 lab02 sshd[8903]: pam_unix(sshd:auth): authentication failure; logname= uid=0 euid=0 tty=ssh ruser= rhost=79.128.23.22  user=root
Jun 10 17:13:20 lab02 sshd[8899]: Failed password for root from 222.186.173.154 port 15394 ssh2
Jun 10 17:13:21 lab02 sshd[8903]: Failed password for root from 79.128.23.22 port 59916 ssh2
Jun 10 17:13:23 lab02 sshd[8903]: Failed password for root from 79.128.23.22 port 59916 ssh2
Jun 10 17:13:23 lab02 sshd[8899]: Failed password for root from 222.186.173.154 port 15394 ssh2
Jun 10 17:13:23 lab02 sshd[8899]: error: maximum authentication attempts exceeded for root from 222.186.173.154 port 15394 ssh2 [preauth]
Jun 10 17:13:23 lab02 sshd[8899]: Disconnecting: Too many authentication failures [preauth]
Jun 10 17:13:23 lab02 sshd[8899]: PAM 5 more authentication failures; logname= uid=0 euid=0 tty=ssh ruser= rhost=222.186.173.154  user=root
Jun 10 17:13:23 lab02 sshd[8899]: PAM service(sshd) ignoring max retries; 6 > 3
Jun 10 17:13:25 lab02 sshd[8903]: Failed password for root from 79.128.23.22 port 59916 ssh2
Jun 10 17:13:25 lab02 sshd[8903]: Connection closed by 79.128.23.22 port 59916 [preauth]
Jun 10 17:13:25 lab02 sshd[8903]: PAM 2 more authentication failures; logname= uid=0 euid=0 tty=ssh ruser= rhost=79.128.23.22  user=root
Jun 10 17:13:29 lab02 sshd[8905]: pam_unix(sshd:auth): authentication failure; logname= uid=0 euid=0 tty=ssh ruser= rhost=222.186.173.154  user=root
Jun 10 17:13:31 lab02 sshd[8905]: Failed password for root from 222.186.173.154 port 23008 ssh2
Jun 10 17:13:32 lab02 sshd[8905]: Received disconnect from 222.186.173.154 port 23008:11:  [preauth]
Jun 10 17:13:32 lab02 sshd[8905]: Disconnected from 222.186.173.154 port 23008 [preauth]
Jun 10 17:13:33 lab02 sshd[8907]: pam_unix(sshd:auth): authentication failure; logname= uid=0 euid=0 tty=ssh ruser= rhost=79.128.23.22  user=root
Jun 10 17:13:35 lab02 sshd[8907]: Failed password for root from 79.128.23.22 port 60354 ssh2
Jun 10 17:13:40 lab02 sshd[8907]: message repeated 2 times: [ Failed password for root from 79.128.23.22 port 60354 ssh2]
Jun 10 17:13:40 lab02 sshd[8907]: Connection closed by 79.128.23.22 port 60354 [preauth]
Jun 10 17:13:40 lab02 sshd[8907]: PAM 2 more authentication failures; logname= uid=0 euid=0 tty=ssh ruser= rhost=79.128.23.22  user=root
Jun 10 17:13:48 lab02 sshd[8909]: pam_unix(sshd:auth): authentication failure; logname= uid=0 euid=0 tty=ssh ruser= rhost=79.128.23.22  user=root
Jun 10 17:13:51 lab02 sshd[8909]: Failed password for root from 79.128.23.22 port 60590 ssh2
Jun 10 17:13:53 lab02 sshd[8909]: Failed password for root from 79.128.23.22 port 60590 ssh2
Jun 10 17:13:54 lab02 sshd[8911]: pam_unix(sshd:auth): authentication failure; logname= uid=0 euid=0 tty=ssh ruser= rhost=141.98.81.138  user=root
Jun 10 17:13:55 lab02 sshd[8909]: Failed password for root from 79.128.23.22 port 60590 ssh2
Jun 10 17:13:56 lab02 sshd[8909]: Connection closed by 79.128.23.22 port 60590 [preauth]
Jun 10 17:13:56 lab02 sshd[8909]: PAM 2 more authentication failures; logname= uid=0 euid=0 tty=ssh ruser= rhost=79.128.23.22  user=root
Jun 10 17:13:56 lab02 sshd[8911]: Failed password for root from 141.98.81.138 port 37856 ssh2
Jun 10 17:13:57 lab02 sshd[8911]: Connection closed by 141.98.81.138 port 37856 [preauth]
Jun 10 17:13:57 lab02 sshd[8913]: pam_unix(sshd:auth): authentication failure; logname= uid=0 euid=0 tty=ssh ruser= rhost=90.249.102.111  user=root
Jun 10 17:13:59 lab02 sshd[8913]: Failed password for root from 90.249.102.111 port 42308 ssh2
Jun 10 17:13:59 lab02 sshd[8913]: Connection closed by 90.249.102.111 port 42308 [preauth]
Jun 10 17:13:59 lab02 sshd[8915]: pam_unix(sshd:auth): authentication failure; logname= uid=0 euid=0 tty=ssh ruser= rhost=68.97.74.52  user=root
Jun 10 17:14:01 lab02 sshd[8915]: Failed password for root from 68.97.74.52 port 56006 ssh2
Jun 10 17:14:02 lab02 sshd[8915]: Connection closed by 68.97.74.52 port 56006 [preauth]
Jun 10 17:14:03 lab02 sshd[8917]: pam_unix(sshd:auth): authentication failure; logname= uid=0 euid=0 tty=ssh ruser= rhost=79.128.23.22  user=root
Jun 10 17:14:05 lab02 sshd[8919]: pam_unix(sshd:auth): authentication failure; logname= uid=0 euid=0 tty=ssh ruser= rhost=121.155.49.93  user=root
Jun 10 17:14:05 lab02 sshd[8917]: Failed password for root from 79.128.23.22 port 60916 ssh2
Jun 10 17:14:07 lab02 sshd[8919]: Failed password for root from 121.155.49.93 port 36094 ssh2
Jun 10 17:14:07 lab02 sshd[8917]: Failed password for root from 79.128.23.22 port 60916 ssh2
Jun 10 17:14:07 lab02 sshd[8919]: Connection closed by 121.155.49.93 port 36094 [preauth]
Jun 10 17:14:09 lab02 sshd[8917]: Failed password for root from 79.128.23.22 port 60916 ssh2
Jun 10 17:14:09 lab02 sshd[8917]: Connection closed by 79.128.23.22 port 60916 [preauth]
Jun 10 17:14:09 lab02 sshd[8917]: PAM 2 more authentication failures; logname= uid=0 euid=0 tty=ssh ruser= rhost=79.128.23.22  user=root
Jun 10 17:14:18 lab02 sshd[8921]: pam_unix(sshd:auth): authentication failure; logname= uid=0 euid=0 tty=ssh ruser= rhost=79.128.23.22  user=root
Jun 10 17:14:20 lab02 sshd[8921]: Failed password for root from 79.128.23.22 port 32930 ssh2
Jun 10 17:14:25 lab02 sshd[8921]: message repeated 2 times: [ Failed password for root from 79.128.23.22 port 32930 ssh2]
Jun 10 17:14:25 lab02 sshd[8921]: Connection closed by 79.128.23.22 port 32930 [preauth]
Jun 10 17:14:25 lab02 sshd[8921]: PAM 2 more authentication failures; logname= uid=0 euid=0 tty=ssh ruser= rhost=79.128.23.22  user=root
Jun 10 17:14:33 lab02 sshd[8923]: pam_unix(sshd:auth): authentication failure; logname= uid=0 euid=0 tty=ssh ruser= rhost=79.128.23.22  user=root
Jun 10 17:14:35 lab02 sshd[8923]: Failed password for root from 79.128.23.22 port 33448 ssh2
Jun 10 17:14:38 lab02 sshd[8923]: Failed password for root from 79.128.23.22 port 33448 ssh2
Jun 10 17:14:38 lab02 sshd[8925]: pam_unix(sshd:auth): authentication failure; logname= uid=0 euid=0 tty=ssh ruser= rhost=68.84.68.139  user=root
Jun 10 17:14:39 lab02 sshd[8927]: pam_unix(sshd:auth): authentication failure; logname= uid=0 euid=0 tty=ssh ruser= rhost=45.143.136.213  user=root
Jun 10 17:14:40 lab02 sshd[8923]: Failed password for root from 79.128.23.22 port 33448 ssh2
Jun 10 17:14:40 lab02 sshd[8923]: Connection closed by 79.128.23.22 port 33448 [preauth]
Jun 10 17:14:40 lab02 sshd[8923]: PAM 2 more authentication failures; logname= uid=0 euid=0 tty=ssh ruser= rhost=79.128.23.22  user=root
Jun 10 17:14:40 lab02 sshd[8925]: Failed password for root from 68.84.68.139 port 46694 ssh2
Jun 10 17:14:40 lab02 sshd[8927]: Failed password for root from 45.143.136.213 port 44570 ssh2
Jun 10 17:14:40 lab02 sshd[8927]: Connection closed by 45.143.136.213 port 44570 [preauth]
Jun 10 17:14:42 lab02 sshd[8925]: Failed password for root from 68.84.68.139 port 46694 ssh2
Jun 10 17:14:44 lab02 sshd[8925]: Failed password for root from 68.84.68.139 port 46694 ssh2
Jun 10 17:14:44 lab02 sshd[8925]: Connection closed by 68.84.68.139 port 46694 [preauth]
Jun 10 17:14:44 lab02 sshd[8925]: PAM 2 more authentication failures; logname= uid=0 euid=0 tty=ssh ruser= rhost=68.84.68.139  user=root
Jun 10 17:14:45 lab02 sshd[8929]: pam_unix(sshd:auth): authentication failure; logname= uid=0 euid=0 tty=ssh ruser= rhost=100.0.197.18  user=root
Jun 10 17:14:48 lab02 sshd[8929]: Failed password for root from 100.0.197.18 port 39382 ssh2
Jun 10 17:14:48 lab02 sshd[8931]: pam_unix(sshd:auth): authentication failure; logname= uid=0 euid=0 tty=ssh ruser= rhost=79.128.23.22  user=root
Jun 10 17:14:50 lab02 sshd[8929]: Failed password for root from 100.0.197.18 port 39382 ssh2
Jun 10 17:14:50 lab02 sshd[8931]: Failed password for root from 79.128.23.22 port 33784 ssh2
Jun 10 17:14:52 lab02 sshd[8929]: Failed password for root from 100.0.197.18 port 39382 ssh2
Jun 10 17:14:52 lab02 sshd[8929]: Connection closed by 100.0.197.18 port 39382 [preauth]
Jun 10 17:14:52 lab02 sshd[8929]: PAM 2 more authentication failures; logname= uid=0 euid=0 tty=ssh ruser= rhost=100.0.197.18  user=root
Jun 10 17:14:52 lab02 sshd[8931]: Failed password for root from 79.128.23.22 port 33784 ssh2
Jun 10 17:14:53 lab02 sshd[8933]: pam_unix(sshd:auth): authentication failure; logname= uid=0 euid=0 tty=ssh ruser= rhost=31.220.22.223  user=root
Jun 10 17:14:54 lab02 sshd[8931]: Failed password for root from 79.128.23.22 port 33784 ssh2
Jun 10 17:14:55 lab02 sshd[8931]: Connection closed by 79.128.23.22 port 33784 [preauth]
Jun 10 17:14:55 lab02 sshd[8931]: PAM 2 more authentication failures; logname= uid=0 euid=0 tty=ssh ruser= rhost=79.128.23.22  user=root
Jun 10 17:14:55 lab02 sshd[8933]: Failed password for root from 31.220.22.223 port 45911 ssh2
Jun 10 17:14:56 lab02 sshd[8933]: Connection closed by 31.220.22.223 port 45911 [preauth]
Jun 10 17:14:56 lab02 sshd[8935]: pam_unix(sshd:auth): authentication failure; logname= uid=0 euid=0 tty=ssh ruser= rhost=51.75.31.39  user=root
Jun 10 17:14:57 lab02 sshd[8935]: Failed password for root from 51.75.31.39 port 41072 ssh2
Jun 10 17:15:00 lab02 sshd[8935]: Failed password for root from 51.75.31.39 port 41072 ssh2
Jun 10 17:15:01 lab02 CRON[8937]: pam_unix(cron:session): session opened for user root by (uid=0)
Jun 10 17:15:01 lab02 CRON[8937]: pam_unix(cron:session): session closed for user root
Jun 10 17:15:02 lab02 sshd[8935]: Failed password for root from 51.75.31.39 port 41072 ssh2
Jun 10 17:15:02 lab02 sshd[8935]: Connection closed by 51.75.31.39 port 41072 [preauth]
Jun 10 17:15:02 lab02 sshd[8935]: PAM 2 more authentication failures; logname= uid=0 euid=0 tty=ssh ruser= rhost=51.75.31.39  user=root
Jun 10 17:15:04 lab02 sshd[8940]: pam_unix(sshd:auth): authentication failure; logname= uid=0 euid=0 tty=ssh ruser= rhost=79.128.23.22  user=root
Jun 10 17:15:06 lab02 sshd[8940]: Failed password for root from 79.128.23.22 port 34450 ssh2
Jun 10 17:15:09 lab02 sshd[8940]: message repeated 2 times: [ Failed password for root from 79.128.23.22 port 34450 ssh2]
Jun 10 17:15:09 lab02 sshd[8940]: Connection closed by 79.128.23.22 port 34450 [preauth]
Jun 10 17:15:10 lab02 sshd[8940]: PAM 2 more authentication failures; logname= uid=0 euid=0 tty=ssh ruser= rhost=79.128.23.22  user=root
Jun 10 17:15:19 lab02 sshd[8942]: pam_unix(sshd:auth): authentication failure; logname= uid=0 euid=0 tty=ssh ruser= rhost=79.128.23.22  user=root
Jun 10 17:15:20 lab02 sshd[8942]: Failed password for root from 79.128.23.22 port 34796 ssh2
Jun 10 17:15:24 lab02 sshd[8942]: message repeated 2 times: [ Failed password for root from 79.128.23.22 port 34796 ssh2]
Jun 10 17:15:24 lab02 sshd[8942]: Connection closed by 79.128.23.22 port 34796 [preauth]
Jun 10 17:15:24 lab02 sshd[8942]: PAM 2 more authentication failures; logname= uid=0 euid=0 tty=ssh ruser= rhost=79.128.23.22  user=root
Jun 10 17:15:34 lab02 sshd[8945]: pam_unix(sshd:auth): authentication failure; logname= uid=0 euid=0 tty=ssh ruser= rhost=79.128.23.22  user=root
Jun 10 17:15:36 lab02 sshd[8945]: Failed password for root from 79.128.23.22 port 35056 ssh2
Jun 10 17:15:38 lab02 sshd[8947]: pam_unix(sshd:auth): authentication failure; logname= uid=0 euid=0 tty=ssh ruser= rhost=68.97.74.52  user=root
Jun 10 17:15:38 lab02 sshd[8945]: Failed password for root from 79.128.23.22 port 35056 ssh2
Jun 10 17:15:39 lab02 sshd[8947]: Failed password for root from 68.97.74.52 port 36872 ssh2
Jun 10 17:15:39 lab02 sshd[8945]: Failed password for root from 79.128.23.22 port 35056 ssh2
Jun 10 17:15:40 lab02 sshd[8945]: Connection closed by 79.128.23.22 port 35056 [preauth]
Jun 10 17:15:40 lab02 sshd[8945]: PAM 2 more authentication failures; logname= uid=0 euid=0 tty=ssh ruser= rhost=79.128.23.22  user=root
Jun 10 17:15:41 lab02 sshd[8947]: Failed password for root from 68.97.74.52 port 36872 ssh2
Jun 10 17:15:43 lab02 sshd[8947]: Failed password for root from 68.97.74.52 port 36872 ssh2
Jun 10 17:15:43 lab02 sshd[8947]: Connection closed by 68.97.74.52 port 36872 [preauth]
Jun 10 17:15:43 lab02 sshd[8947]: PAM 2 more authentication failures; logname= uid=0 euid=0 tty=ssh ruser= rhost=68.97.74.52  user=root
Jun 10 17:15:47 lab02 sshd[8949]: pam_unix(sshd:auth): authentication failure; logname= uid=0 euid=0 tty=ssh ruser= rhost=90.249.102.111  user=root
Jun 10 17:15:49 lab02 sshd[8951]: pam_unix(sshd:auth): authentication failure; logname= uid=0 euid=0 tty=ssh ruser= rhost=79.128.23.22  user=root
Jun 10 17:15:50 lab02 sshd[8949]: Failed password for root from 90.249.102.111 port 50830 ssh2
Jun 10 17:15:50 lab02 sshd[8949]: Connection closed by 90.249.102.111 port 50830 [preauth]
Jun 10 17:15:50 lab02 sshd[8951]: Failed password for root from 79.128.23.22 port 35358 ssh2
Jun 10 17:15:53 lab02 sshd[8951]: message repeated 2 times: [ Failed password for root from 79.128.23.22 port 35358 ssh2]
Jun 10 17:15:54 lab02 sshd[8951]: Connection closed by 79.128.23.22 port 35358 [preauth]
Jun 10 17:15:54 lab02 sshd[8951]: PAM 2 more authentication failures; logname= uid=0 euid=0 tty=ssh ruser= rhost=79.128.23.22  user=root
Jun 10 17:16:04 lab02 sshd[8953]: pam_unix(sshd:auth): authentication failure; logname= uid=0 euid=0 tty=ssh ruser= rhost=79.128.23.22  user=root
Jun 10 17:16:06 lab02 sshd[8953]: Failed password for root from 79.128.23.22 port 35584 ssh2
Jun 10 17:16:10 lab02 sshd[8953]: message repeated 2 times: [ Failed password for root from 79.128.23.22 port 35584 ssh2]
Jun 10 17:16:11 lab02 sshd[8953]: Connection closed by 79.128.23.22 port 35584 [preauth]
Jun 10 17:16:11 lab02 sshd[8953]: PAM 2 more authentication failures; logname= uid=0 euid=0 tty=ssh ruser= rhost=79.128.23.22  user=root
Jun 10 17:16:15 lab02 sshd[8955]: pam_unix(sshd:auth): authentication failure; logname= uid=0 euid=0 tty=ssh ruser= rhost=100.0.197.18  user=root
Jun 10 17:16:17 lab02 sshd[8955]: Failed password for root from 100.0.197.18 port 42320 ssh2
Jun 10 17:16:19 lab02 sshd[8957]: pam_unix(sshd:auth): authentication failure; logname= uid=0 euid=0 tty=ssh ruser= rhost=79.128.23.22  user=root
Jun 10 17:16:20 lab02 sshd[8955]: Failed password for root from 100.0.197.18 port 42320 ssh2
Jun 10 17:16:20 lab02 sshd[8959]: pam_unix(sshd:auth): authentication failure; logname= uid=0 euid=0 tty=ssh ruser= rhost=100.0.197.18  user=root
Jun 10 17:16:20 lab02 sshd[8957]: Failed password for root from 79.128.23.22 port 35920 ssh2
Jun 10 17:16:21 lab02 sshd[8955]: Failed password for root from 100.0.197.18 port 42320 ssh2
Jun 10 17:16:21 lab02 sshd[8955]: Connection closed by 100.0.197.18 port 42320 [preauth]
Jun 10 17:16:21 lab02 sshd[8955]: PAM 2 more authentication failures; logname= uid=0 euid=0 tty=ssh ruser= rhost=100.0.197.18  user=root
Jun 10 17:16:22 lab02 sshd[8959]: Failed password for root from 100.0.197.18 port 42454 ssh2
Jun 10 17:16:22 lab02 sshd[8959]: Connection closed by 100.0.197.18 port 42454 [preauth]
Jun 10 17:16:22 lab02 sshd[8957]: Failed password for root from 79.128.23.22 port 35920 ssh2
Jun 10 17:16:25 lab02 sshd[8957]: Failed password for root from 79.128.23.22 port 35920 ssh2
Jun 10 17:16:25 lab02 sshd[8957]: Connection closed by 79.128.23.22 port 35920 [preauth]
Jun 10 17:16:25 lab02 sshd[8957]: PAM 2 more authentication failures; logname= uid=0 euid=0 tty=ssh ruser= rhost=79.128.23.22  user=root
Jun 10 17:16:34 lab02 sshd[8961]: pam_unix(sshd:auth): authentication failure; logname= uid=0 euid=0 tty=ssh ruser= rhost=79.128.23.22  user=root
Jun 10 17:16:36 lab02 sshd[8961]: Failed password for root from 79.128.23.22 port 36284 ssh2
Jun 10 17:16:40 lab02 sshd[8961]: message repeated 2 times: [ Failed password for root from 79.128.23.22 port 36284 ssh2]
Jun 10 17:16:41 lab02 sshd[8961]: Connection closed by 79.128.23.22 port 36284 [preauth]
Jun 10 17:16:41 lab02 sshd[8961]: PAM 2 more authentication failures; logname= uid=0 euid=0 tty=ssh ruser= rhost=79.128.23.22  user=root
Jun 10 17:16:45 lab02 sshd[8963]: pam_unix(sshd:auth): authentication failure; logname= uid=0 euid=0 tty=ssh ruser= rhost=68.84.68.139  user=root
Jun 10 17:16:47 lab02 sshd[8963]: Failed password for root from 68.84.68.139 port 52604 ssh2
Jun 10 17:16:49 lab02 sshd[8965]: pam_unix(sshd:auth): authentication failure; logname= uid=0 euid=0 tty=ssh ruser= rhost=79.128.23.22  user=root
Jun 10 17:16:49 lab02 sshd[8963]: Failed password for root from 68.84.68.139 port 52604 ssh2
Jun 10 17:16:51 lab02 sshd[8965]: Failed password for root from 79.128.23.22 port 36852 ssh2
Jun 10 17:16:52 lab02 sshd[8963]: Failed password for root from 68.84.68.139 port 52604 ssh2
Jun 10 17:16:52 lab02 sshd[8963]: Connection closed by 68.84.68.139 port 52604 [preauth]
Jun 10 17:16:52 lab02 sshd[8963]: PAM 2 more authentication failures; logname= uid=0 euid=0 tty=ssh ruser= rhost=68.84.68.139  user=root
Jun 10 17:16:53 lab02 sshd[8965]: Failed password for root from 79.128.23.22 port 36852 ssh2
Jun 10 17:16:54 lab02 sshd[8967]: pam_unix(sshd:auth): authentication failure; logname= uid=0 euid=0 tty=ssh ruser= rhost=50.250.21.164  user=root
