Jun 10 16:53:18 lab02 sshd[8535]: Failed password for root from 57.100.69.129 port 59479 ssh2
Jun 10 16:53:18 lab02 sshd[8535]: Connection closed by 57.100.69.129 port 59479 [preauth]
Jun 10 16:53:19 lab02 sshd[8533]: Failed password for root from 79.128.23.22 port 36604 ssh2
Jun 10 16:53:22 lab02 sshd[8533]: Failed password for root from 79.128.23.22 port 36604 ssh2
Jun 10 16:53:22 lab02 sshd[8533]: Connection closed by 79.128.23.22 port 36604 [preauth]
Jun 10 16:53:22 lab02 sshd[8533]: PAM 2 more authentication failures; logname= uid=0 euid=0 tty=ssh ruser= rhost=79.128.23.22  user=root
Jun 10 16:53:30 lab02 sshd[8537]: pam_unix(sshd:auth): authentication failure; logname= uid=0 euid=0 tty=ssh ruser= rhost=79.128.23.22  user=root
Jun 10 16:53:32 lab02 sshd[8537]: Failed password for root from 79.128.23.22 port 37110 ssh2
Jun 10 16:53:33 lab02 sshd[8539]: pam_unix(sshd:auth): authentication failure; logname= uid=0 euid=0 tty=ssh ruser= rhost=222.186.173.183  user=root
Jun 10 16:53:34 lab02 sshd[8537]: Failed password for root from 79.128.23.22 port 37110 ssh2
Jun 10 16:53:35 lab02 sshd[8539]: Failed password for root from 222.186.173.183 port 48574 ssh2
Jun 10 16:53:37 lab02 sshd[8537]: Failed password for root from 79.128.23.22 port 37110 ssh2
Jun 10 16:53:37 lab02 sshd[8537]: Connection closed by 79.128.23.22 port 37110 [preauth]
Jun 10 16:53:37 lab02 sshd[8537]: PAM 2 more authentication failures; logname= uid=0 euid=0 tty=ssh ruser= rhost=79.128.23.22  user=root
Jun 10 16:53:39 lab02 sshd[8539]: Failed password for root from 222.186.173.183 port 48574 ssh2
Jun 10 16:53:42 lab02 sshd[8539]: Failed password for root from 222.186.173.183 port 48574 ssh2
Jun 10 16:53:45 lab02 sshd[8541]: pam_unix(sshd:auth): authentication failure; logname= uid=0 euid=0 tty=ssh ruser= rhost=79.128.23.22  user=root
Jun 10 16:53:45 lab02 sshd[8539]: Failed password for root from 222.186.173.183 port 48574 ssh2
Jun 10 16:53:47 lab02 sshd[8541]: Failed password for root from 79.128.23.22 port 37428 ssh2
Jun 10 16:53:49 lab02 sshd[8539]: Failed password for root from 222.186.173.183 port 48574 ssh2
Jun 10 16:53:49 lab02 sshd[8541]: Failed password for root from 79.128.23.22 port 37428 ssh2
Jun 10 16:53:51 lab02 sshd[8541]: Failed password for root from 79.128.23.22 port 37428 ssh2
Jun 10 16:53:52 lab02 sshd[8541]: Connection closed by 79.128.23.22 port 37428 [preauth]
Jun 10 16:53:52 lab02 sshd[8541]: PAM 2 more authentication failures; logname= uid=0 euid=0 tty=ssh ruser= rhost=79.128.23.22  user=root
Jun 10 16:53:52 lab02 sshd[8539]: Failed password for root from 222.186.173.183 port 48574 ssh2
Jun 10 16:53:52 lab02 sshd[8539]: error: maximum authentication attempts exceeded for root from 222.186.173.183 port 48574 ssh2 [preauth]
Jun 10 16:53:52 lab02 sshd[8539]: Disconnecting: Too many authentication failures [preauth]
Jun 10 16:53:52 lab02 sshd[8539]: PAM 5 more authentication failures; logname= uid=0 euid=0 tty=ssh ruser= rhost=222.186.173.183  user=root
Jun 10 16:53:52 lab02 sshd[8539]: PAM service(sshd) ignoring max retries; 6 > 3
Jun 10 16:54:00 lab02 sshd[8544]: pam_unix(sshd:auth): authentication failure; logname= uid=0 euid=0 tty=ssh ruser= rhost=79.128.23.22  user=root
Jun 10 16:54:02 lab02 sshd[8544]: Failed password for root from 79.128.23.22 port 37632 ssh2
Jun 10 16:54:06 lab02 sshd[8544]: message repeated 2 times: [ Failed password for root from 79.128.23.22 port 37632 ssh2]
Jun 10 16:54:06 lab02 sshd[8544]: Connection closed by 79.128.23.22 port 37632 [preauth]
Jun 10 16:54:06 lab02 sshd[8544]: PAM 2 more authentication failures; logname= uid=0 euid=0 tty=ssh ruser= rhost=79.128.23.22  user=root
Jun 10 16:54:15 lab02 sshd[8546]: pam_unix(sshd:auth): authentication failure; logname= uid=0 euid=0 tty=ssh ruser= rhost=79.128.23.22  user=root
Jun 10 16:54:17 lab02 sshd[8546]: Failed password for root from 79.128.23.22 port 38142 ssh2
Jun 10 16:54:21 lab02 sshd[8546]: message repeated 2 times: [ Failed password for root from 79.128.23.22 port 38142 ssh2]
Jun 10 16:54:21 lab02 sshd[8546]: Connection closed by 79.128.23.22 port 38142 [preauth]
Jun 10 16:54:21 lab02 sshd[8546]: PAM 2 more authentication failures; logname= uid=0 euid=0 tty=ssh ruser= rhost=79.128.23.22  user=root
Jun 10 16:54:29 lab02 sshd[8548]: pam_unix(sshd:auth): authentication failure; logname= uid=0 euid=0 tty=ssh ruser= rhost=45.143.136.213  user=root
Jun 10 16:54:30 lab02 sshd[8550]: pam_unix(sshd:auth): authentication failure; logname= uid=0 euid=0 tty=ssh ruser= rhost=79.128.23.22  user=root
Jun 10 16:54:31 lab02 sshd[8548]: Failed password for root from 45.143.136.213 port 40716 ssh2
Jun 10 16:54:31 lab02 sshd[8548]: Connection closed by 45.143.136.213 port 40716 [preauth]
Jun 10 16:54:32 lab02 sshd[8550]: Failed password for root from 79.128.23.22 port 38330 ssh2
Jun 10 16:54:36 lab02 sshd[8550]: message repeated 2 times: [ Failed password for root from 79.128.23.22 port 38330 ssh2]
Jun 10 16:54:37 lab02 sshd[8550]: Connection closed by 79.128.23.22 port 38330 [preauth]
Jun 10 16:54:37 lab02 sshd[8550]: PAM 2 more authentication failures; logname= uid=0 euid=0 tty=ssh ruser= rhost=79.128.23.22  user=root
Jun 10 16:54:45 lab02 sshd[8552]: pam_unix(sshd:auth): authentication failure; logname= uid=0 euid=0 tty=ssh ruser= rhost=79.128.23.22  user=root
Jun 10 16:54:47 lab02 sshd[8552]: Failed password for root from 79.128.23.22 port 38604 ssh2
Jun 10 16:54:48 lab02 sshd[8552]: Failed password for root from 79.128.23.22 port 38604 ssh2
Jun 10 16:54:49 lab02 sshd[8554]: pam_unix(sshd:auth): authentication failure; logname= uid=0 euid=0 tty=ssh ruser= rhost=68.97.74.52  user=root
Jun 10 16:54:51 lab02 sshd[8552]: Failed password for root from 79.128.23.22 port 38604 ssh2
Jun 10 16:54:51 lab02 sshd[8552]: Connection closed by 79.128.23.22 port 38604 [preauth]
Jun 10 16:54:51 lab02 sshd[8552]: PAM 2 more authentication failures; logname= uid=0 euid=0 tty=ssh ruser= rhost=79.128.23.22  user=root
Jun 10 16:54:51 lab02 sshd[8554]: Failed password for root from 68.97.74.52 port 34724 ssh2
Jun 10 16:54:51 lab02 sshd[8554]: Connection closed by 68.97.74.52 port 34724 [preauth]
Jun 10 16:54:56 lab02 sshd[8556]: pam_unix(sshd:auth): authentication failure; logname= uid=0 euid=0 tty=ssh ruser= rhost=68.84.68.139  user=root
Jun 10 16:54:58 lab02 sshd[8556]: Failed password for root from 68.84.68.139 port 38828 ssh2
Jun 10 16:55:00 lab02 sshd[8558]: pam_unix(sshd:auth): authentication failure; logname= uid=0 euid=0 tty=ssh ruser= rhost=79.128.23.22  user=root
Jun 10 16:55:00 lab02 sshd[8556]: Failed password for root from 68.84.68.139 port 38828 ssh2
Jun 10 16:55:01 lab02 CRON[8560]: pam_unix(cron:session): session opened for user root by (uid=0)
Jun 10 16:55:01 lab02 CRON[8560]: pam_unix(cron:session): session closed for user root
Jun 10 16:55:01 lab02 sshd[8558]: Failed password for root from 79.128.23.22 port 38998 ssh2
Jun 10 16:55:02 lab02 sshd[8556]: Failed password for root from 68.84.68.139 port 38828 ssh2
Jun 10 16:55:02 lab02 sshd[8556]: Connection closed by 68.84.68.139 port 38828 [preauth]
Jun 10 16:55:02 lab02 sshd[8556]: PAM 2 more authentication failures; logname= uid=0 euid=0 tty=ssh ruser= rhost=68.84.68.139  user=root
Jun 10 16:55:03 lab02 sshd[8558]: Failed password for root from 79.128.23.22 port 38998 ssh2
Jun 10 16:55:06 lab02 sshd[8558]: Failed password for root from 79.128.23.22 port 38998 ssh2
Jun 10 16:55:06 lab02 sshd[8558]: Connection closed by 79.128.23.22 port 38998 [preauth]
Jun 10 16:55:06 lab02 sshd[8558]: PAM 2 more authentication failures; logname= uid=0 euid=0 tty=ssh ruser= rhost=79.128.23.22  user=root
Jun 10 16:55:15 lab02 sshd[8564]: pam_unix(sshd:auth): authentication failure; logname= uid=0 euid=0 tty=ssh ruser= rhost=79.128.23.22  user=root
Jun 10 16:55:16 lab02 sshd[8566]: pam_unix(sshd:auth): authentication failure; logname= uid=0 euid=0 tty=ssh ruser= rhost=57.100.69.129  user=root
Jun 10 16:55:17 lab02 sshd[8564]: Failed password for root from 79.128.23.22 port 39370 ssh2
Jun 10 16:55:18 lab02 sshd[8566]: Failed password for root from 57.100.69.129 port 59894 ssh2
Jun 10 16:55:19 lab02 sshd[8566]: Connection closed by 57.100.69.129 port 59894 [preauth]
Jun 10 16:55:19 lab02 sshd[8564]: Failed password for root from 79.128.23.22 port 39370 ssh2
Jun 10 16:55:21 lab02 sshd[8564]: Failed password for root from 79.128.23.22 port 39370 ssh2
Jun 10 16:55:21 lab02 sshd[8564]: Connection closed by 79.128.23.22 port 39370 [preauth]
Jun 10 16:55:21 lab02 sshd[8564]: PAM 2 more authentication failures; logname= uid=0 euid=0 tty=ssh ruser= rhost=79.128.23.22  user=root
Jun 10 16:55:26 lab02 sshd[8570]: pam_unix(sshd:auth): authentication failure; logname= uid=0 euid=0 tty=ssh ruser= rhost=90.249.102.111  user=root
Jun 10 16:55:28 lab02 sshd[8570]: Failed password for root from 90.249.102.111 port 47588 ssh2
Jun 10 16:55:28 lab02 sshd[8570]: Connection closed by 90.249.102.111 port 47588 [preauth]
Jun 10 16:55:30 lab02 sshd[8572]: pam_unix(sshd:auth): authentication failure; logname= uid=0 euid=0 tty=ssh ruser= rhost=79.128.23.22  user=root
Jun 10 16:55:32 lab02 sshd[8572]: Failed password for root from 79.128.23.22 port 39580 ssh2
Jun 10 16:55:32 lab02 sshd[8568]: pam_unix(sshd:auth): authentication failure; logname= uid=0 euid=0 tty=ssh ruser= rhost=59.24.153.124  user=root
Jun 10 16:55:33 lab02 sshd[8572]: Failed password for root from 79.128.23.22 port 39580 ssh2
Jun 10 16:55:34 lab02 sshd[8568]: Failed password for root from 59.24.153.124 port 35976 ssh2
Jun 10 16:55:35 lab02 sshd[8572]: Failed password for root from 79.128.23.22 port 39580 ssh2
Jun 10 16:55:36 lab02 sshd[8572]: Connection closed by 79.128.23.22 port 39580 [preauth]
Jun 10 16:55:36 lab02 sshd[8572]: PAM 2 more authentication failures; logname= uid=0 euid=0 tty=ssh ruser= rhost=79.128.23.22  user=root
Jun 10 16:55:36 lab02 sshd[8568]: Connection closed by 59.24.153.124 port 35976 [preauth]
Jun 10 16:55:45 lab02 sshd[8574]: pam_unix(sshd:auth): authentication failure; logname= uid=0 euid=0 tty=ssh ruser= rhost=79.128.23.22  user=root
Jun 10 16:55:47 lab02 sshd[8574]: Failed password for root from 79.128.23.22 port 39830 ssh2
Jun 10 16:55:50 lab02 sshd[8574]: message repeated 2 times: [ Failed password for root from 79.128.23.22 port 39830 ssh2]
Jun 10 16:55:51 lab02 sshd[8574]: Connection closed by 79.128.23.22 port 39830 [preauth]
Jun 10 16:55:51 lab02 sshd[8574]: PAM 2 more authentication failures; logname= uid=0 euid=0 tty=ssh ruser= rhost=79.128.23.22  user=root
Jun 10 16:56:00 lab02 sshd[8576]: pam_unix(sshd:auth): authentication failure; logname= uid=0 euid=0 tty=ssh ruser= rhost=79.128.23.22  user=root
Jun 10 16:56:02 lab02 sshd[8576]: Failed password for root from 79.128.23.22 port 40066 ssh2
Jun 10 16:56:06 lab02 sshd[8576]: message repeated 2 times: [ Failed password for root from 79.128.23.22 port 40066 ssh2]
Jun 10 16:56:06 lab02 sshd[8576]: Connection closed by 79.128.23.22 port 40066 [preauth]
Jun 10 16:56:06 lab02 sshd[8576]: PAM 2 more authentication failures; logname= uid=0 euid=0 tty=ssh ruser= rhost=79.128.23.22  user=root
Jun 10 16:56:13 lab02 sshd[8578]: pam_unix(sshd:auth): authentication failure; logname= uid=0 euid=0 tty=ssh ruser= rhost=50.250.21.164  user=root
Jun 10 16:56:15 lab02 sshd[8578]: Failed password for root from 50.250.21.164 port 43763 ssh2
Jun 10 16:56:15 lab02 sshd[8578]: Connection closed by 50.250.21.164 port 43763 [preauth]
Jun 10 16:56:15 lab02 sshd[8580]: pam_unix(sshd:auth): authentication failure; logname= uid=0 euid=0 tty=ssh ruser= rhost=79.128.23.22  user=root
Jun 10 16:56:17 lab02 sshd[8580]: Failed password for root from 79.128.23.22 port 40232 ssh2
Jun 10 16:56:21 lab02 sshd[8580]: message repeated 2 times: [ Failed password for root from 79.128.23.22 port 40232 ssh2]
Jun 10 16:56:21 lab02 sshd[8580]: Connection closed by 79.128.23.22 port 40232 [preauth]
Jun 10 16:56:21 lab02 sshd[8580]: PAM 2 more authentication failures; logname= uid=0 euid=0 tty=ssh ruser= rhost=79.128.23.22  user=root
Jun 10 16:56:30 lab02 sshd[8582]: pam_unix(sshd:auth): authentication failure; logname= uid=0 euid=0 tty=ssh ruser= rhost=79.128.23.22  user=root
Jun 10 16:56:32 lab02 sshd[8582]: Failed password for root from 79.128.23.22 port 40494 ssh2
Jun 10 16:56:34 lab02 sshd[8582]: Failed password for root from 79.128.23.22 port 40494 ssh2
Jun 10 16:56:36 lab02 sshd[8584]: pam_unix(sshd:auth): authentication failure; logname= uid=0 euid=0 tty=ssh ruser= rhost=57.100.69.129  user=root
Jun 10 16:56:36 lab02 sshd[8582]: Failed password for root from 79.128.23.22 port 40494 ssh2
Jun 10 16:56:37 lab02 sshd[8582]: Connection closed by 79.128.23.22 port 40494 [preauth]
Jun 10 16:56:37 lab02 sshd[8582]: PAM 2 more authentication failures; logname= uid=0 euid=0 tty=ssh ruser= rhost=79.128.23.22  user=root
Jun 10 16:56:38 lab02 sshd[8584]: Failed password for root from 57.100.69.129 port 60037 ssh2
Jun 10 16:56:38 lab02 sshd[8584]: Connection closed by 57.100.69.129 port 60037 [preauth]
Jun 10 16:56:45 lab02 sshd[8586]: pam_unix(sshd:auth): authentication failure; logname= uid=0 euid=0 tty=ssh ruser= rhost=79.128.23.22  user=root
Jun 10 16:56:47 lab02 sshd[8586]: Failed password for root from 79.128.23.22 port 40890 ssh2
Jun 10 16:56:51 lab02 sshd[8586]: message repeated 2 times: [ Failed password for root from 79.128.23.22 port 40890 ssh2]
Jun 10 16:56:51 lab02 sshd[8586]: Connection closed by 79.128.23.22 port 40890 [preauth]
Jun 10 16:56:51 lab02 sshd[8586]: PAM 2 more authentication failures; logname= uid=0 euid=0 tty=ssh ruser= rhost=79.128.23.22  user=root
Jun 10 16:56:51 lab02 sshd[8588]: pam_unix(sshd:auth): authentication failure; logname= uid=0 euid=0 tty=ssh ruser= rhost=100.0.197.18  user=root
Jun 10 16:56:53 lab02 sshd[8588]: Failed password for root from 100.0.197.18 port 33654 ssh2
Jun 10 16:56:57 lab02 sshd[8588]: message repeated 2 times: [ Failed password for root from 100.0.197.18 port 33654 ssh2]
Jun 10 16:56:57 lab02 sshd[8588]: Connection closed by 100.0.197.18 port 33654 [preauth]
Jun 10 16:56:57 lab02 sshd[8588]: PAM 2 more authentication failures; logname= uid=0 euid=0 tty=ssh ruser= rhost=100.0.197.18  user=root
Jun 10 16:57:00 lab02 sshd[8590]: pam_unix(sshd:auth): authentication failure; logname= uid=0 euid=0 tty=ssh ruser= rhost=79.128.23.22  user=root
Jun 10 16:57:02 lab02 sshd[8590]: Failed password for root from 79.128.23.22 port 41156 ssh2
Jun 10 16:57:04 lab02 sshd[8592]: pam_unix(sshd:auth): authentication failure; logname= uid=0 euid=0 tty=ssh ruser= rhost=78.5.170.222  user=root
Jun 10 16:57:04 lab02 sshd[8590]: Failed password for root from 79.128.23.22 port 41156 ssh2
Jun 10 16:57:06 lab02 sshd[8592]: Failed password for root from 78.5.170.222 port 55425 ssh2
Jun 10 16:57:06 lab02 sshd[8592]: Connection closed by 78.5.170.222 port 55425 [preauth]
Jun 10 16:57:06 lab02 sshd[8590]: Failed password for root from 79.128.23.22 port 41156 ssh2
Jun 10 16:57:06 lab02 sshd[8590]: Connection closed by 79.128.23.22 port 41156 [preauth]
Jun 10 16:57:06 lab02 sshd[8590]: PAM 2 more authentication failures; logname= uid=0 euid=0 tty=ssh ruser= rhost=79.128.23.22  user=root
Jun 10 16:57:13 lab02 sshd[8594]: pam_unix(sshd:auth): authentication failure; logname= uid=0 euid=0 tty=ssh ruser= rhost=68.84.68.139  user=root
Jun 10 16:57:14 lab02 sshd[8596]: pam_unix(sshd:auth): authentication failure; logname= uid=0 euid=0 tty=ssh ruser= rhost=45.227.255.204  user=root
Jun 10 16:57:15 lab02 sshd[8594]: Failed password for root from 68.84.68.139 port 44192 ssh2
Jun 10 16:57:15 lab02 sshd[8598]: pam_unix(sshd:auth): authentication failure; logname= uid=0 euid=0 tty=ssh ruser= rhost=79.128.23.22  user=root
Jun 10 16:57:16 lab02 sshd[8596]: Failed password for root from 45.227.255.204 port 44748 ssh2
Jun 10 16:57:16 lab02 sshd[8596]: Connection closed by 45.227.255.204 port 44748 [preauth]
Jun 10 16:57:17 lab02 sshd[8594]: Failed password for root from 68.84.68.139 port 44192 ssh2
Jun 10 16:57:18 lab02 sshd[8598]: Failed password for root from 79.128.23.22 port 41478 ssh2
Jun 10 16:57:19 lab02 sshd[8594]: Failed password for root from 68.84.68.139 port 44192 ssh2
Jun 10 16:57:19 lab02 sshd[8594]: Connection closed by 68.84.68.139 port 44192 [preauth]
Jun 10 16:57:19 lab02 sshd[8594]: PAM 2 more authentication failures; logname= uid=0 euid=0 tty=ssh ruser= rhost=68.84.68.139  user=root
Jun 10 16:57:19 lab02 sshd[8598]: Failed password for root from 79.128.23.22 port 41478 ssh2
Jun 10 16:57:21 lab02 sshd[8598]: Failed password for root from 79.128.23.22 port 41478 ssh2
Jun 10 16:57:21 lab02 sshd[8598]: Connection closed by 79.128.23.22 port 41478 [preauth]
Jun 10 16:57:21 lab02 sshd[8598]: PAM 2 more authentication failures; logname= uid=0 euid=0 tty=ssh ruser= rhost=79.128.23.22  user=root
Jun 10 16:57:30 lab02 sshd[8600]: pam_unix(sshd:auth): authentication failure; logname= uid=0 euid=0 tty=ssh ruser= rhost=79.128.23.22  user=root
Jun 10 16:57:32 lab02 sshd[8600]: Failed password for root from 79.128.23.22 port 41876 ssh2
Jun 10 16:57:36 lab02 sshd[8600]: message repeated 2 times: [ Failed password for root from 79.128.23.22 port 41876 ssh2]
Jun 10 16:57:37 lab02 sshd[8600]: Connection closed by 79.128.23.22 port 41876 [preauth]
Jun 10 16:57:37 lab02 sshd[8600]: PAM 2 more authentication failures; logname= uid=0 euid=0 tty=ssh ruser= rhost=79.128.23.22  user=root
Jun 10 16:57:39 lab02 sshd[8602]: pam_unix(sshd:auth): authentication failure; logname= uid=0 euid=0 tty=ssh ruser= rhost=122.51.48.52  user=root
Jun 10 16:57:42 lab02 sshd[8602]: Failed password for root from 122.51.48.52 port 33898 ssh2
Jun 10 16:57:43 lab02 sshd[8602]: Failed password for root from 122.51.48.52 port 33898 ssh2
Jun 10 16:57:45 lab02 sshd[8604]: pam_unix(sshd:auth): authentication failure; logname= uid=0 euid=0 tty=ssh ruser= rhost=79.128.23.22  user=root
Jun 10 16:57:46 lab02 sshd[8602]: Failed password for root from 122.51.48.52 port 33898 ssh2
Jun 10 16:57:46 lab02 sshd[8602]: Connection closed by 122.51.48.52 port 33898 [preauth]
Jun 10 16:57:46 lab02 sshd[8602]: PAM 2 more authentication failures; logname= uid=0 euid=0 tty=ssh ruser= rhost=122.51.48.52  user=root
Jun 10 16:57:46 lab02 sshd[8606]: pam_unix(sshd:auth): authentication failure; logname= uid=0 euid=0 tty=ssh ruser= rhost=57.100.69.129  user=root
Jun 10 16:57:47 lab02 sshd[8604]: Failed password for root from 79.128.23.22 port 42288 ssh2
Jun 10 16:57:48 lab02 sshd[8606]: Failed password for root from 57.100.69.129 port 60162 ssh2
Jun 10 16:57:48 lab02 sshd[8606]: Connection closed by 57.100.69.129 port 60162 [preauth]
Jun 10 16:57:49 lab02 sshd[8604]: Failed password for root from 79.128.23.22 port 42288 ssh2
Jun 10 16:57:52 lab02 sshd[8604]: Failed password for root from 79.128.23.22 port 42288 ssh2
Jun 10 16:57:52 lab02 sshd[8604]: Connection closed by 79.128.23.22 port 42288 [preauth]
Jun 10 16:57:52 lab02 sshd[8604]: PAM 2 more authentication failures; logname= uid=0 euid=0 tty=ssh ruser= rhost=79.128.23.22  user=root
Jun 10 16:57:59 lab02 sshd[8608]: pam_unix(sshd:auth): authentication failure; logname= uid=0 euid=0 tty=ssh ruser= rhost=68.97.74.52  user=root
Jun 10 16:58:00 lab02 sshd[8610]: pam_unix(sshd:auth): authentication failure; logname= uid=0 euid=0 tty=ssh ruser= rhost=79.128.23.22  user=root
Jun 10 16:58:02 lab02 sshd[8608]: Failed password for root from 68.97.74.52 port 37358 ssh2
Jun 10 16:58:02 lab02 sshd[8610]: Failed password for root from 79.128.23.22 port 42512 ssh2
Jun 10 16:58:02 lab02 sshd[8608]: Connection closed by 68.97.74.52 port 37358 [preauth]
Jun 10 16:58:04 lab02 sshd[8610]: Failed password for root from 79.128.23.22 port 42512 ssh2
Jun 10 16:58:07 lab02 sshd[8610]: Failed password for root from 79.128.23.22 port 42512 ssh2
Jun 10 16:58:07 lab02 sshd[8610]: Connection closed by 79.128.23.22 port 42512 [preauth]
Jun 10 16:58:07 lab02 sshd[8610]: PAM 2 more authentication failures; logname= uid=0 euid=0 tty=ssh ruser= rhost=79.128.23.22  user=root
Jun 10 16:58:15 lab02 sshd[8612]: pam_unix(sshd:auth): authentication failure; logname= uid=0 euid=0 tty=ssh ruser= rhost=79.128.23.22  user=root
Jun 10 16:58:17 lab02 sshd[8614]: pam_unix(sshd:auth): authentication failure; logname= uid=0 euid=0 tty=ssh ruser= rhost=121.155.49.93  user=root
Jun 10 16:58:18 lab02 sshd[8612]: Failed password for root from 79.128.23.22 port 42800 ssh2
Jun 10 16:58:19 lab02 sshd[8614]: Failed password for root from 121.155.49.93 port 48838 ssh2
Jun 10 16:58:19 lab02 sshd[8614]: Connection closed by 121.155.49.93 port 48838 [preauth]
Jun 10 16:58:20 lab02 sshd[8612]: Failed password for root from 79.128.23.22 port 42800 ssh2
Jun 10 16:58:20 lab02 sshd[8616]: pam_unix(sshd:auth): authentication failure; logname= uid=0 euid=0 tty=ssh ruser= rhost=100.0.197.18  user=root
Jun 10 16:58:22 lab02 sshd[8612]: Failed password for root from 79.128.23.22 port 42800 ssh2
Jun 10 16:58:22 lab02 sshd[8612]: Connection closed by 79.128.23.22 port 42800 [preauth]
Jun 10 16:58:22 lab02 sshd[8612]: PAM 2 more authentication failures; logname= uid=0 euid=0 tty=ssh ruser= rhost=79.128.23.22  user=root
Jun 10 16:58:22 lab02 sshd[8616]: Failed password for root from 100.0.197.18 port 36242 ssh2
Jun 10 16:58:22 lab02 sshd[8616]: Connection closed by 100.0.197.18 port 36242 [preauth]
Jun 10 16:58:26 lab02 sshd[8618]: pam_unix(sshd:auth): authentication failure; logname= uid=0 euid=0 tty=ssh ruser= rhost=51.75.31.39  user=root
Jun 10 16:58:28 lab02 sshd[8618]: Failed password for root from 51.75.31.39 port 54684 ssh2
Jun 10 16:58:29 lab02 sshd[8620]: pam_unix(sshd:auth): authentication failure; logname= uid=0 euid=0 tty=ssh ruser= rhost=50.250.21.164  user=root
Jun 10 16:58:31 lab02 sshd[8622]: pam_unix(sshd:auth): authentication failure; logname= uid=0 euid=0 tty=ssh ruser= rhost=79.128.23.22  user=root
Jun 10 16:58:31 lab02 sshd[8618]: Failed password for root from 51.75.31.39 port 54684 ssh2
Jun 10 16:58:31 lab02 sshd[8620]: Failed password for root from 50.250.21.164 port 43865 ssh2
Jun 10 16:58:32 lab02 sshd[8622]: Failed password for root from 79.128.23.22 port 43014 ssh2
Jun 10 16:58:33 lab02 sshd[8618]: Failed password for root from 51.75.31.39 port 54684 ssh2
Jun 10 16:58:33 lab02 sshd[8618]: Connection closed by 51.75.31.39 port 54684 [preauth]
Jun 10 16:58:33 lab02 sshd[8618]: PAM 2 more authentication failures; logname= uid=0 euid=0 tty=ssh ruser= rhost=51.75.31.39  user=root
Jun 10 16:58:33 lab02 sshd[8620]: Failed password for root from 50.250.21.164 port 43865 ssh2
Jun 10 16:58:35 lab02 sshd[8622]: Failed password for root from 79.128.23.22 port 43014 ssh2
Jun 10 16:58:36 lab02 sshd[8620]: Failed password for root from 50.250.21.164 port 43865 ssh2
Jun 10 16:58:36 lab02 sshd[8620]: Connection closed by 50.250.21.164 port 43865 [preauth]
Jun 10 16:58:36 lab02 sshd[8620]: PAM 2 more authentication failures; logname= uid=0 euid=0 tty=ssh ruser= rhost=50.250.21.164  user=root
Jun 10 16:58:37 lab02 sshd[8622]: Failed password for root from 79.128.23.22 port 43014 ssh2
Jun 10 16:58:37 lab02 sshd[8622]: Connection closed by 79.128.23.22 port 43014 [preauth]
Jun 10 16:58:37 lab02 sshd[8622]: PAM 2 more authentication failures; logname= uid=0 euid=0 tty=ssh ruser= rhost=79.128.23.22  user=root
Jun 10 16:58:45 lab02 sshd[8624]: pam_unix(sshd:auth): authentication failure; logname= uid=0 euid=0 tty=ssh ruser= rhost=79.128.23.22  user=root
Jun 10 16:58:46 lab02 sshd[8626]: pam_unix(sshd:auth): authentication failure; logname= uid=0 euid=0 tty=ssh ruser= rhost=139.199.163.77  user=root
Jun 10 16:58:48 lab02 sshd[8624]: Failed password for root from 79.128.23.22 port 43278 ssh2
Jun 10 16:58:48 lab02 sshd[8626]: Failed password for root from 139.199.163.77 port 53820 ssh2
Jun 10 16:58:49 lab02 sshd[8628]: pam_unix(sshd:auth): authentication failure; logname= uid=0 euid=0 tty=ssh ruser= rhost=45.143.136.213  user=root
Jun 10 16:58:49 lab02 sshd[8626]: Connection closed by 139.199.163.77 port 53820 [preauth]
Jun 10 16:58:50 lab02 sshd[8624]: Failed password for root from 79.128.23.22 port 43278 ssh2
Jun 10 16:58:51 lab02 sshd[8628]: Failed password for root from 45.143.136.213 port 41662 ssh2
Jun 10 16:58:51 lab02 sshd[8628]: Connection closed by 45.143.136.213 port 41662 [preauth]
Jun 10 16:58:52 lab02 sshd[8624]: Failed password for root from 79.128.23.22 port 43278 ssh2
Jun 10 16:58:52 lab02 sshd[8624]: Connection closed by 79.128.23.22 port 43278 [preauth]
Jun 10 16:58:52 lab02 sshd[8624]: PAM 2 more authentication failures; logname= uid=0 euid=0 tty=ssh ruser= rhost=79.128.23.22  user=root
Jun 10 16:59:01 lab02 sshd[8630]: pam_unix(sshd:auth): authentication failure; logname= uid=0 euid=0 tty=ssh ruser= rhost=79.128.23.22  user=root
Jun 10 16:59:03 lab02 sshd[8630]: Failed password for root from 79.128.23.22 port 43538 ssh2
Jun 10 16:59:05 lab02 sshd[8632]: pam_unix(sshd:auth): authentication failure; logname= uid=0 euid=0 tty=ssh ruser= rhost=78.5.170.222  user=root
Jun 10 16:59:05 lab02 sshd[8630]: Failed password for root from 79.128.23.22 port 43538 ssh2
Jun 10 16:59:07 lab02 sshd[8630]: Failed password for root from 79.128.23.22 port 43538 ssh2
Jun 10 16:59:07 lab02 sshd[8632]: Failed password for root from 78.5.170.222 port 55614 ssh2
Jun 10 16:59:07 lab02 sshd[8632]: Connection closed by 78.5.170.222 port 55614 [preauth]
Jun 10 16:59:07 lab02 sshd[8630]: Connection closed by 79.128.23.22 port 43538 [preauth]
Jun 10 16:59:07 lab02 sshd[8630]: PAM 2 more authentication failures; logname= uid=0 euid=0 tty=ssh ruser= rhost=79.128.23.22  user=root
Jun 10 16:59:16 lab02 sshd[8634]: pam_unix(sshd:auth): authentication failure; logname= uid=0 euid=0 tty=ssh ruser= rhost=79.128.23.22  user=root
Jun 10 16:59:18 lab02 sshd[8634]: Failed password for root from 79.128.23.22 port 43650 ssh2
Jun 10 16:59:22 lab02 sshd[8634]: message repeated 2 times: [ Failed password for root from 79.128.23.22 port 43650 ssh2]
Jun 10 16:59:22 lab02 sshd[8634]: Connection closed by 79.128.23.22 port 43650 [preauth]
Jun 10 16:59:22 lab02 sshd[8634]: PAM 2 more authentication failures; logname= uid=0 euid=0 tty=ssh ruser= rhost=79.128.23.22  user=root
Jun 10 16:59:26 lab02 sshd[8636]: pam_unix(sshd:auth): authentication failure; logname= uid=0 euid=0 tty=ssh ruser= rhost=31.220.22.223  user=root
Jun 10 16:59:28 lab02 sshd[8636]: Failed password for root from 31.220.22.223 port 26472 ssh2
Jun 10 16:59:30 lab02 sshd[8636]: Failed password for root from 31.220.22.223 port 26472 ssh2
Jun 10 16:59:31 lab02 sshd[8638]: pam_unix(sshd:auth): authentication failure; logname= uid=0 euid=0 tty=ssh ruser= rhost=79.128.23.22  user=root
Jun 10 16:59:33 lab02 sshd[8638]: Failed password for root from 79.128.23.22 port 43800 ssh2
Jun 10 16:59:33 lab02 sshd[8636]: Failed password for root from 31.220.22.223 port 26472 ssh2
Jun 10 16:59:33 lab02 sshd[8636]: Connection closed by 31.220.22.223 port 26472 [preauth]
Jun 10 16:59:33 lab02 sshd[8636]: PAM 2 more authentication failures; logname= uid=0 euid=0 tty=ssh ruser= rhost=31.220.22.223  user=root
Jun 10 16:59:35 lab02 sshd[8638]: Failed password for root from 79.128.23.22 port 43800 ssh2
Jun 10 16:59:38 lab02 sshd[8638]: Failed password for root from 79.128.23.22 port 43800 ssh2
Jun 10 16:59:38 lab02 sshd[8638]: Connection closed by 79.128.23.22 port 43800 [preauth]
Jun 10 16:59:38 lab02 sshd[8638]: PAM 2 more authentication failures; logname= uid=0 euid=0 tty=ssh ruser= rhost=79.128.23.22  user=root
Jun 10 16:59:46 lab02 sshd[8640]: pam_unix(sshd:auth): authentication failure; logname= uid=0 euid=0 tty=ssh ruser= rhost=79.128.23.22  user=root
Jun 10 16:59:48 lab02 sshd[8640]: Failed password for root from 79.128.23.22 port 43900 ssh2
Jun 10 16:59:53 lab02 sshd[8640]: message repeated 2 times: [ Failed password for root from 79.128.23.22 port 43900 ssh2]
Jun 10 16:59:53 lab02 sshd[8640]: Connection closed by 79.128.23.22 port 43900 [preauth]
Jun 10 16:59:53 lab02 sshd[8640]: PAM 2 more authentication failures; logname= uid=0 euid=0 tty=ssh ruser= rhost=79.128.23.22  user=root
Jun 10 17:00:01 lab02 sshd[8642]: pam_unix(sshd:auth): authentication failure; logname= uid=0 euid=0 tty=ssh ruser= rhost=79.128.23.22  user=root
Jun 10 17:00:03 lab02 sshd[8642]: Failed password for root from 79.128.23.22 port 43976 ssh2
Jun 10 17:00:07 lab02 sshd[8642]: message repeated 2 times: [ Failed password for root from 79.128.23.22 port 43976 ssh2]
Jun 10 17:00:08 lab02 sshd[8642]: Connection closed by 79.128.23.22 port 43976 [preauth]
Jun 10 17:00:08 lab02 sshd[8642]: PAM 2 more authentication failures; logname= uid=0 euid=0 tty=ssh ruser= rhost=79.128.23.22  user=root
Jun 10 17:00:10 lab02 sshd[8644]: pam_unix(sshd:auth): authentication failure; logname= uid=0 euid=0 tty=ssh ruser= rhost=79.128.23.22  user=root
Jun 10 17:00:13 lab02 sshd[8644]: Failed password for root from 79.128.23.22 port 44020 ssh2
Jun 10 17:00:13 lab02 sshd[8644]: Connection closed by 79.128.23.22 port 44020 [preauth]
Jun 10 17:00:16 lab02 sshd[8646]: pam_unix(sshd:auth): authentication failure; logname= uid=0 euid=0 tty=ssh ruser= rhost=79.128.23.22  user=root
Jun 10 17:00:18 lab02 sshd[8646]: Failed password for root from 79.128.23.22 port 44058 ssh2
Jun 10 17:00:22 lab02 sshd[8646]: message repeated 2 times: [ Failed password for root from 79.128.23.22 port 44058 ssh2]
Jun 10 17:00:22 lab02 sshd[8646]: Connection closed by 79.128.23.22 port 44058 [preauth]
Jun 10 17:00:22 lab02 sshd[8646]: PAM 2 more authentication failures; logname= uid=0 euid=0 tty=ssh ruser= rhost=79.128.23.22  user=root
Jun 10 17:00:30 lab02 sshd[8648]: pam_unix(sshd:auth): authentication failure; logname= uid=0 euid=0 tty=ssh ruser= rhost=59.26.132.133  user=root
Jun 10 17:00:31 lab02 sshd[8654]: pam_unix(sshd:auth): authentication failure; logname= uid=0 euid=0 tty=ssh ruser= rhost=68.84.68.139  user=root
Jun 10 17:00:31 lab02 sshd[8652]: pam_unix(sshd:auth): authentication failure; logname= uid=0 euid=0 tty=ssh ruser= rhost=79.128.23.22  user=root
Jun 10 17:00:31 lab02 sshd[8648]: Failed password for root from 59.26.132.133 port 48974 ssh2
Jun 10 17:00:32 lab02 sshd[8654]: Failed password for root from 68.84.68.139 port 55902 ssh2
Jun 10 17:00:33 lab02 sshd[8654]: Connection closed by 68.84.68.139 port 55902 [preauth]
Jun 10 17:00:33 lab02 sshd[8652]: Failed password for root from 79.128.23.22 port 44244 ssh2
Jun 10 17:00:33 lab02 sshd[8648]: Connection closed by 59.26.132.133 port 48974 [preauth]
Jun 10 17:00:36 lab02 sshd[8652]: Failed password for root from 79.128.23.22 port 44244 ssh2
Jun 10 17:00:38 lab02 sshd[8652]: Failed password for root from 79.128.23.22 port 44244 ssh2
Jun 10 17:00:38 lab02 sshd[8652]: Connection closed by 79.128.23.22 port 44244 [preauth]
Jun 10 17:00:38 lab02 sshd[8652]: PAM 2 more authentication failures; logname= uid=0 euid=0 tty=ssh ruser= rhost=79.128.23.22  user=root
Jun 10 17:00:46 lab02 sshd[8661]: pam_unix(sshd:auth): authentication failure; logname= uid=0 euid=0 tty=ssh ruser= rhost=79.128.23.22  user=root
Jun 10 17:00:48 lab02 sshd[8661]: Failed password for root from 79.128.23.22 port 44524 ssh2
Jun 10 17:00:52 lab02 sshd[8661]: message repeated 2 times: [ Failed password for root from 79.128.23.22 port 44524 ssh2]
Jun 10 17:00:52 lab02 sshd[8661]: Connection closed by 79.128.23.22 port 44524 [preauth]
Jun 10 17:00:52 lab02 sshd[8661]: PAM 2 more authentication failures; logname= uid=0 euid=0 tty=ssh ruser= rhost=79.128.23.22  user=root
Jun 10 17:01:00 lab02 sshd[8663]: pam_unix(sshd:auth): authentication failure; logname= uid=0 euid=0 tty=ssh ruser= rhost=100.0.197.18  user=root
Jun 10 17:01:02 lab02 sshd[8668]: pam_unix(sshd:auth): authentication failure; logname= uid=0 euid=0 tty=ssh ruser= rhost=31.220.22.223  user=root
Jun 10 17:01:02 lab02 sshd[8666]: pam_unix(sshd:auth): authentication failure; logname= uid=0 euid=0 tty=ssh ruser= rhost=79.128.23.22  user=root
Jun 10 17:01:02 lab02 sshd[8663]: Failed password for root from 100.0.197.18 port 40900 ssh2
Jun 10 17:01:02 lab02 sshd[8663]: Connection closed by 100.0.197.18 port 40900 [preauth]
Jun 10 17:01:02 lab02 sshd[8665]: pam_unix(sshd:auth): authentication failure; logname= uid=0 euid=0 tty=ssh ruser= rhost=50.250.21.164  user=root
Jun 10 17:01:03 lab02 sshd[8668]: Failed password for root from 31.220.22.223 port 36110 ssh2
Jun 10 17:01:03 lab02 sshd[8666]: Failed password for root from 79.128.23.22 port 44784 ssh2
Jun 10 17:01:03 lab02 sshd[8668]: Connection closed by 31.220.22.223 port 36110 [preauth]
Jun 10 17:01:04 lab02 sshd[8665]: Failed password for root from 50.250.21.164 port 43984 ssh2
Jun 10 17:01:04 lab02 sshd[8665]: Connection closed by 50.250.21.164 port 43984 [preauth]
Jun 10 17:01:05 lab02 sshd[8666]: Failed password for root from 79.128.23.22 port 44784 ssh2
Jun 10 17:01:06 lab02 sshd[8671]: pam_unix(sshd:auth): authentication failure; logname= uid=0 euid=0 tty=ssh ruser= rhost=121.155.49.93  user=root
Jun 10 17:01:07 lab02 sshd[8666]: Failed password for root from 79.128.23.22 port 44784 ssh2
Jun 10 17:01:08 lab02 sshd[8666]: Connection closed by 79.128.23.22 port 44784 [preauth]
Jun 10 17:01:08 lab02 sshd[8666]: PAM 2 more authentication failures; logname= uid=0 euid=0 tty=ssh ruser= rhost=79.128.23.22  user=root
Jun 10 17:01:08 lab02 sshd[8671]: Failed password for root from 121.155.49.93 port 52824 ssh2
Jun 10 17:01:08 lab02 sshd[8671]: Connection closed by 121.155.49.93 port 52824 [preauth]
Jun 10 17:01:16 lab02 sshd[8673]: pam_unix(sshd:auth): authentication failure; logname= uid=0 euid=0 tty=ssh ruser= rhost=79.128.23.22  user=root
Jun 10 17:01:18 lab02 sshd[8673]: Failed password for root from 79.128.23.22 port 45124 ssh2
Jun 10 17:01:23 lab02 sshd[8673]: message repeated 2 times: [ Failed password for root from 79.128.23.22 port 45124 ssh2]
Jun 10 17:01:23 lab02 sshd[8673]: Connection closed by 79.128.23.22 port 45124 [preauth]
Jun 10 17:01:23 lab02 sshd[8673]: PAM 2 more authentication failures; logname= uid=0 euid=0 tty=ssh ruser= rhost=79.128.23.22  user=root
Jun 10 17:01:27 lab02 sshd[8675]: pam_unix(sshd:auth): authentication failure; logname= uid=0 euid=0 tty=ssh ruser= rhost=114.217.179.49  user=root
Jun 10 17:01:29 lab02 sshd[8677]: pam_unix(sshd:auth): authentication failure; logname= uid=0 euid=0 tty=ssh ruser= rhost=100.0.197.18  user=root
Jun 10 17:01:29 lab02 sshd[8675]: Failed password for root from 114.217.179.49 port 40880 ssh2
Jun 10 17:01:29 lab02 sshd[8675]: Connection closed by 114.217.179.49 port 40880 [preauth]
Jun 10 17:01:31 lab02 sshd[8677]: Failed password for root from 100.0.197.18 port 41804 ssh2
Jun 10 17:01:31 lab02 sshd[8679]: pam_unix(sshd:auth): authentication failure; logname= uid=0 euid=0 tty=ssh ruser= rhost=79.128.23.22  user=root
Jun 10 17:01:33 lab02 sshd[8677]: Failed password for root from 100.0.197.18 port 41804 ssh2
Jun 10 17:01:33 lab02 sshd[8679]: Failed password for root from 79.128.23.22 port 45376 ssh2
Jun 10 17:01:35 lab02 sshd[8677]: Failed password for root from 100.0.197.18 port 41804 ssh2
Jun 10 17:01:35 lab02 sshd[8677]: Connection closed by 100.0.197.18 port 41804 [preauth]
Jun 10 17:01:35 lab02 sshd[8677]: PAM 2 more authentication failures; logname= uid=0 euid=0 tty=ssh ruser= rhost=100.0.197.18  user=root
Jun 10 17:01:35 lab02 sshd[8679]: Failed password for root from 79.128.23.22 port 45376 ssh2
Jun 10 17:01:37 lab02 sshd[8679]: Failed password for root from 79.128.23.22 port 45376 ssh2
Jun 10 17:01:38 lab02 sshd[8679]: Connection closed by 79.128.23.22 port 45376 [preauth]
Jun 10 17:01:38 lab02 sshd[8679]: PAM 2 more authentication failures; logname= uid=0 euid=0 tty=ssh ruser= rhost=79.128.23.22  user=root
Jun 10 17:01:46 lab02 sshd[8681]: pam_unix(sshd:auth): authentication failure; logname= uid=0 euid=0 tty=ssh ruser= rhost=79.128.23.22  user=root
Jun 10 17:01:48 lab02 sshd[8681]: Failed password for root from 79.128.23.22 port 45944 ssh2
Jun 10 17:01:52 lab02 sshd[8681]: message repeated 2 times: [ Failed password for root from 79.128.23.22 port 45944 ssh2]
Jun 10 17:01:52 lab02 sshd[8681]: Connection closed by 79.128.23.22 port 45944 [preauth]
Jun 10 17:01:52 lab02 sshd[8681]: PAM 2 more authentication failures; logname= uid=0 euid=0 tty=ssh ruser= rhost=79.128.23.22  user=root
Jun 10 17:02:00 lab02 sshd[8683]: pam_unix(sshd:auth): authentication failure; logname= uid=0 euid=0 tty=ssh ruser= rhost=68.84.68.139  user=root
Jun 10 17:02:01 lab02 CRON[8687]: pam_unix(cron:session): session opened for user root by (uid=0)
Jun 10 17:02:01 lab02 CRON[8687]: pam_unix(cron:session): session closed for user root
Jun 10 17:02:02 lab02 sshd[8685]: pam_unix(sshd:auth): authentication failure; logname= uid=0 euid=0 tty=ssh ruser= rhost=79.128.23.22  user=root
Jun 10 17:02:02 lab02 sshd[8683]: Failed password for root from 68.84.68.139 port 44468 ssh2
Jun 10 17:02:03 lab02 sshd[8685]: Failed password for root from 79.128.23.22 port 46250 ssh2
Jun 10 17:02:04 lab02 sshd[8683]: Failed password for root from 68.84.68.139 port 44468 ssh2
Jun 10 17:02:05 lab02 sshd[8685]: Failed password for root from 79.128.23.22 port 46250 ssh2
Jun 10 17:02:06 lab02 sshd[8683]: Failed password for root from 68.84.68.139 port 44468 ssh2
Jun 10 17:02:06 lab02 sshd[8683]: Connection closed by 68.84.68.139 port 44468 [preauth]
Jun 10 17:02:06 lab02 sshd[8683]: PAM 2 more authentication failures; logname= uid=0 euid=0 tty=ssh ruser= rhost=68.84.68.139  user=root
Jun 10 17:02:08 lab02 sshd[8685]: Failed password for root from 79.128.23.22 port 46250 ssh2
Jun 10 17:02:08 lab02 sshd[8685]: Connection closed by 79.128.23.22 port 46250 [preauth]
Jun 10 17:02:08 lab02 sshd[8685]: PAM 2 more authentication failures; logname= uid=0 euid=0 tty=ssh ruser= rhost=79.128.23.22  user=root
Jun 10 17:02:16 lab02 sshd[8690]: pam_unix(sshd:auth): authentication failure; logname= uid=0 euid=0 tty=ssh ruser= rhost=79.128.23.22  user=root
Jun 10 17:02:19 lab02 sshd[8690]: Failed password for root from 79.128.23.22 port 46510 ssh2
Jun 10 17:02:23 lab02 sshd[8690]: message repeated 2 times: [ Failed password for root from 79.128.23.22 port 46510 ssh2]
Jun 10 17:02:23 lab02 sshd[8690]: Connection closed by 79.128.23.22 port 46510 [preauth]
Jun 10 17:02:23 lab02 sshd[8690]: PAM 2 more authentication failures; logname= uid=0 euid=0 tty=ssh ruser= rhost=79.128.23.22  user=root
Jun 10 17:02:31 lab02 sshd[8692]: pam_unix(sshd:auth): authentication failure; logname= uid=0 euid=0 tty=ssh ruser= rhost=79.128.23.22  user=root
Jun 10 17:02:33 lab02 sshd[8692]: Failed password for root from 79.128.23.22 port 46670 ssh2
Jun 10 17:02:37 lab02 sshd[8692]: message repeated 2 times: [ Failed password for root from 79.128.23.22 port 46670 ssh2]
Jun 10 17:02:38 lab02 sshd[8692]: Connection closed by 79.128.23.22 port 46670 [preauth]
Jun 10 17:02:38 lab02 sshd[8692]: PAM 2 more authentication failures; logname= uid=0 euid=0 tty=ssh ruser= rhost=79.128.23.22  user=root
Jun 10 17:02:39 lab02 sshd[8694]: pam_unix(sshd:auth): authentication failure; logname= uid=0 euid=0 tty=ssh ruser= rhost=68.97.74.52  user=root
Jun 10 17:02:41 lab02 sshd[8694]: Failed password for root from 68.97.74.52 port 43872 ssh2
Jun 10 17:02:41 lab02 sshd[8694]: Connection closed by 68.97.74.52 port 43872 [preauth]
Jun 10 17:02:46 lab02 sshd[8696]: pam_unix(sshd:auth): authentication failure; logname= uid=0 euid=0 tty=ssh ruser= rhost=79.128.23.22  user=root
Jun 10 17:02:48 lab02 sshd[8696]: Failed password for root from 79.128.23.22 port 47074 ssh2
Jun 10 17:02:51 lab02 sshd[8696]: message repeated 2 times: [ Failed password for root from 79.128.23.22 port 47074 ssh2]
Jun 10 17:02:51 lab02 sshd[8696]: Connection closed by 79.128.23.22 port 47074 [preauth]
Jun 10 17:02:51 lab02 sshd[8696]: PAM 2 more authentication failures; logname= uid=0 euid=0 tty=ssh ruser= rhost=79.128.23.22  user=root
Jun 10 17:03:01 lab02 sshd[8698]: pam_unix(sshd:auth): authentication failure; logname= uid=0 euid=0 tty=ssh ruser= rhost=79.128.23.22  user=root
Jun 10 17:03:03 lab02 sshd[8698]: Failed password for root from 79.128.23.22 port 47470 ssh2
Jun 10 17:03:07 lab02 sshd[8698]: message repeated 2 times: [ Failed password for root from 79.128.23.22 port 47470 ssh2]
Jun 10 17:03:08 lab02 sshd[8698]: Connection closed by 79.128.23.22 port 47470 [preauth]
Jun 10 17:03:08 lab02 sshd[8698]: PAM 2 more authentication failures; logname= uid=0 euid=0 tty=ssh ruser= rhost=79.128.23.22  user=root
Jun 10 17:03:15 lab02 sshd[8700]: pam_unix(sshd:auth): authentication failure; logname= uid=0 euid=0 tty=ssh ruser= rhost=31.220.22.223  user=root
Jun 10 17:03:16 lab02 sshd[8702]: pam_unix(sshd:auth): authentication failure; logname= uid=0 euid=0 tty=ssh ruser= rhost=79.128.23.22  user=root
Jun 10 17:03:17 lab02 sshd[8700]: Failed password for root from 31.220.22.223 port 47476 ssh2
Jun 10 17:03:18 lab02 sshd[8702]: Failed password for root from 79.128.23.22 port 47708 ssh2
Jun 10 17:03:20 lab02 sshd[8700]: Failed password for root from 31.220.22.223 port 47476 ssh2
Jun 10 17:03:20 lab02 sshd[8702]: Failed password for root from 79.128.23.22 port 47708 ssh2
Jun 10 17:03:22 lab02 sshd[8700]: Failed password for root from 31.220.22.223 port 47476 ssh2
Jun 10 17:03:22 lab02 sshd[8700]: Connection closed by 31.220.22.223 port 47476 [preauth]
Jun 10 17:03:22 lab02 sshd[8700]: PAM 2 more authentication failures; logname= uid=0 euid=0 tty=ssh ruser= rhost=31.220.22.223  user=root
Jun 10 17:03:22 lab02 sshd[8702]: Failed password for root from 79.128.23.22 port 47708 ssh2
Jun 10 17:03:23 lab02 sshd[8702]: Connection closed by 79.128.23.22 port 47708 [preauth]
Jun 10 17:03:23 lab02 sshd[8702]: PAM 2 more authentication failures; logname= uid=0 euid=0 tty=ssh ruser= rhost=79.128.23.22  user=root
Jun 10 17:03:31 lab02 sshd[8704]: pam_unix(sshd:auth): authentication failure; logname= uid=0 euid=0 tty=ssh ruser= rhost=79.128.23.22  user=root
Jun 10 17:03:33 lab02 sshd[8704]: Failed password for root from 79.128.23.22 port 48022 ssh2
Jun 10 17:03:37 lab02 sshd[8704]: message repeated 2 times: [ Failed password for root from 79.128.23.22 port 48022 ssh2]
Jun 10 17:03:38 lab02 sshd[8704]: Connection closed by 79.128.23.22 port 48022 [preauth]
Jun 10 17:03:38 lab02 sshd[8704]: PAM 2 more authentication failures; logname= uid=0 euid=0 tty=ssh ruser= rhost=79.128.23.22  user=root
Jun 10 17:03:46 lab02 sshd[8706]: pam_unix(sshd:auth): authentication failure; logname= uid=0 euid=0 tty=ssh ruser= rhost=79.128.23.22  user=root
Jun 10 17:03:48 lab02 sshd[8706]: Failed password for root from 79.128.23.22 port 48380 ssh2
Jun 10 17:03:52 lab02 sshd[8706]: message repeated 2 times: [ Failed password for root from 79.128.23.22 port 48380 ssh2]
Jun 10 17:03:53 lab02 sshd[8706]: Connection closed by 79.128.23.22 port 48380 [preauth]
Jun 10 17:03:53 lab02 sshd[8706]: PAM 2 more authentication failures; logname= uid=0 euid=0 tty=ssh ruser= rhost=79.128.23.22  user=root
Jun 10 17:03:56 lab02 sshd[8710]: pam_unix(sshd:auth): authentication failure; logname= uid=0 euid=0 tty=ssh ruser= rhost=51.75.31.39  user=root
Jun 10 17:03:57 lab02 sshd[8708]: pam_unix(sshd:auth): authentication failure; logname= uid=0 euid=0 tty=ssh ruser= rhost=120.24.243.109  user=root
Jun 10 17:03:58 lab02 sshd[8710]: Failed password for root from 51.75.31.39 port 59562 ssh2
Jun 10 17:04:00 lab02 sshd[8708]: Failed password for root from 120.24.243.109 port 48312 ssh2
Jun 10 17:04:00 lab02 sshd[8710]: Failed password for root from 51.75.31.39 port 59562 ssh2
Jun 10 17:04:01 lab02 sshd[8708]: Connection closed by 120.24.243.109 port 48312 [preauth]
Jun 10 17:04:01 lab02 sshd[8712]: pam_unix(sshd:auth): authentication failure; logname= uid=0 euid=0 tty=ssh ruser= rhost=79.128.23.22  user=root
Jun 10 17:04:02 lab02 sshd[8710]: Failed password for root from 51.75.31.39 port 59562 ssh2
Jun 10 17:04:02 lab02 sshd[8710]: Connection closed by 51.75.31.39 port 59562 [preauth]
Jun 10 17:04:02 lab02 sshd[8710]: PAM 2 more authentication failures; logname= uid=0 euid=0 tty=ssh ruser= rhost=51.75.31.39  user=root
Jun 10 17:04:03 lab02 sshd[8712]: Failed password for root from 79.128.23.22 port 48582 ssh2
Jun 10 17:04:07 lab02 sshd[8712]: message repeated 2 times: [ Failed password for root from 79.128.23.22 port 48582 ssh2]
Jun 10 17:04:07 lab02 sshd[8712]: Connection closed by 79.128.23.22 port 48582 [preauth]
Jun 10 17:04:07 lab02 sshd[8712]: PAM 2 more authentication failures; logname= uid=0 euid=0 tty=ssh ruser= rhost=79.128.23.22  user=root
Jun 10 17:04:12 lab02 sshd[8714]: pam_unix(sshd:auth): authentication failure; logname= uid=0 euid=0 tty=ssh ruser= rhost=122.51.48.52  user=root
Jun 10 17:04:14 lab02 sshd[8714]: Failed password for root from 122.51.48.52 port 36346 ssh2
Jun 10 17:04:14 lab02 sshd[8714]: Connection closed by 122.51.48.52 port 36346 [preauth]
Jun 10 17:04:16 lab02 sshd[8716]: pam_unix(sshd:auth): authentication failure; logname= uid=0 euid=0 tty=ssh ruser= rhost=79.128.23.22  user=root
Jun 10 17:04:17 lab02 sshd[8718]: pam_unix(sshd:auth): authentication failure; logname= uid=0 euid=0 tty=ssh ruser= rhost=51.75.31.39  user=root
Jun 10 17:04:19 lab02 sshd[8716]: Failed password for root from 79.128.23.22 port 48726 ssh2
Jun 10 17:04:19 lab02 sshd[8718]: Failed password for root from 51.75.31.39 port 59896 ssh2
Jun 10 17:04:19 lab02 sshd[8718]: Connection closed by 51.75.31.39 port 59896 [preauth]
Jun 10 17:04:21 lab02 sshd[8716]: Failed password for root from 79.128.23.22 port 48726 ssh2
Jun 10 17:04:23 lab02 sshd[8716]: Failed password for root from 79.128.23.22 port 48726 ssh2
Jun 10 17:04:24 lab02 sshd[8716]: Connection closed by 79.128.23.22 port 48726 [preauth]
Jun 10 17:04:24 lab02 sshd[8716]: PAM 2 more authentication failures; logname= uid=0 euid=0 tty=ssh ruser= rhost=79.128.23.22  user=root
Jun 10 17:04:31 lab02 sshd[8720]: pam_unix(sshd:auth): authentication failure; logname= uid=0 euid=0 tty=ssh ruser= rhost=79.128.23.22  user=root
Jun 10 17:04:34 lab02 sshd[8720]: Failed password for root from 79.128.23.22 port 49000 ssh2
Jun 10 17:04:37 lab02 sshd[8720]: message repeated 2 times: [ Failed password for root from 79.128.23.22 port 49000 ssh2]
Jun 10 17:04:38 lab02 sshd[8720]: Connection closed by 79.128.23.22 port 49000 [preauth]
Jun 10 17:04:38 lab02 sshd[8720]: PAM 2 more authentication failures; logname= uid=0 euid=0 tty=ssh ruser= rhost=79.128.23.22  user=root
Jun 10 17:04:47 lab02 sshd[8722]: pam_unix(sshd:auth): authentication failure; logname= uid=0 euid=0 tty=ssh ruser= rhost=79.128.23.22  user=root
Jun 10 17:04:47 lab02 sshd[8724]: pam_unix(sshd:auth): authentication failure; logname= uid=0 euid=0 tty=ssh ruser= rhost=90.249.102.111  user=root
Jun 10 17:04:49 lab02 sshd[8722]: Failed password for root from 79.128.23.22 port 49540 ssh2
Jun 10 17:04:49 lab02 sshd[8724]: Failed password for root from 90.249.102.111 port 44936 ssh2
Jun 10 17:04:49 lab02 sshd[8724]: Connection closed by 90.249.102.111 port 44936 [preauth]
Jun 10 17:04:51 lab02 sshd[8722]: Failed password for root from 79.128.23.22 port 49540 ssh2
Jun 10 17:04:53 lab02 sshd[8722]: Failed password for root from 79.128.23.22 port 49540 ssh2
Jun 10 17:04:53 lab02 sshd[8722]: Connection closed by 79.128.23.22 port 49540 [preauth]
Jun 10 17:04:53 lab02 sshd[8722]: PAM 2 more authentication failures; logname= uid=0 euid=0 tty=ssh ruser= rhost=79.128.23.22  user=root
Jun 10 17:04:59 lab02 sshd[8726]: pam_unix(sshd:auth): authentication failure; logname= uid=0 euid=0 tty=ssh ruser= rhost=45.143.136.213  user=root
Jun 10 17:05:01 lab02 sshd[8726]: Failed password for root from 45.143.136.213 port 42806 ssh2
Jun 10 17:05:01 lab02 sshd[8726]: Connection closed by 45.143.136.213 port 42806 [preauth]
Jun 10 17:05:01 lab02 CRON[8732]: pam_unix(cron:session): session opened for user root by (uid=0)
Jun 10 17:05:01 lab02 CRON[8732]: pam_unix(cron:session): session closed for user root
Jun 10 17:05:02 lab02 sshd[8730]: pam_unix(sshd:auth): authentication failure; logname= uid=0 euid=0 tty=ssh ruser= rhost=79.128.23.22  user=root
Jun 10 17:05:02 lab02 sshd[8735]: pam_unix(sshd:auth): authentication failure; logname= uid=0 euid=0 tty=ssh ruser= rhost=100.0.197.18  user=root
Jun 10 17:05:03 lab02 sshd[8730]: Failed password for root from 79.128.23.22 port 49830 ssh2
Jun 10 17:05:04 lab02 sshd[8735]: Failed password for root from 100.0.197.18 port 48368 ssh2
Jun 10 17:05:06 lab02 sshd[8730]: Failed password for root from 79.128.23.22 port 49830 ssh2
Jun 10 17:05:06 lab02 sshd[8735]: Failed password for root from 100.0.197.18 port 48368 ssh2
Jun 10 17:05:08 lab02 sshd[8730]: Failed password for root from 79.128.23.22 port 49830 ssh2
Jun 10 17:05:08 lab02 sshd[8730]: Connection closed by 79.128.23.22 port 49830 [preauth]
Jun 10 17:05:08 lab02 sshd[8730]: PAM 2 more authentication failures; logname= uid=0 euid=0 tty=ssh ruser= rhost=79.128.23.22  user=root
Jun 10 17:05:08 lab02 sshd[8735]: Failed password for root from 100.0.197.18 port 48368 ssh2
Jun 10 17:05:09 lab02 sshd[8735]: Connection closed by 100.0.197.18 port 48368 [preauth]
Jun 10 17:05:09 lab02 sshd[8735]: PAM 2 more authentication failures; logname= uid=0 euid=0 tty=ssh ruser= rhost=100.0.197.18  user=root
Jun 10 17:05:10 lab02 sshd[8728]: pam_unix(sshd:auth): authentication failure; logname= uid=0 euid=0 tty=ssh ruser= rhost=59.26.132.133  user=root
Jun 10 17:05:12 lab02 sshd[8728]: Failed password for root from 59.26.132.133 port 34166 ssh2
Jun 10 17:05:16 lab02 sshd[8728]: Failed password for root from 59.26.132.133 port 34166 ssh2
Jun 10 17:05:17 lab02 sshd[8738]: pam_unix(sshd:auth): authentication failure; logname= uid=0 euid=0 tty=ssh ruser= rhost=79.128.23.22  user=root
Jun 10 17:05:19 lab02 sshd[8738]: Failed password for root from 79.128.23.22 port 50034 ssh2
Jun 10 17:05:20 lab02 sshd[8728]: Failed password for root from 59.26.132.133 port 34166 ssh2
Jun 10 17:05:21 lab02 sshd[8728]: Connection closed by 59.26.132.133 port 34166 [preauth]
