Aug 22 02:41:21 magen77361 sshd[1602]: Received disconnect from 45.113.32.180 port 58790:11: Bye Bye [preauth]
Aug 22 02:41:21 magen77361 sshd[1602]: Disconnected from invalid user philip 45.113.32.180 port 58790 [preauth]
Aug 22 02:41:25 magen77361 sshd[5767]: error: Could not load host key: /etc/ssh/ssh_host_ecdsa_key
Aug 22 02:41:25 magen77361 sshd[5767]: error: Could not load host key: /etc/ssh/ssh_host_ed25519_key
Aug 22 02:41:25 magen77361 sshd[5767]: Invalid user rochelle from 109.122.63.107 port 55318
Aug 22 02:41:25 magen77361 sshd[5767]: pam_unix(sshd:auth): check pass; user unknown
Aug 22 02:41:25 magen77361 sshd[5767]: pam_unix(sshd:auth): authentication failure; logname= uid=0 euid=0 tty=ssh ruser= rhost=109.122.63.107
Aug 22 02:41:25 magen77361 sshd[5767]: Failed password for invalid user rochelle from 109.122.63.107 port 55318 ssh2
Aug 22 02:41:25 magen77361 sshd[5767]: Received disconnect from 109.122.63.107 port 55318:11: Bye Bye [preauth]
Aug 22 02:41:25 magen77361 sshd[5767]: Disconnected from invalid user rochelle 109.122.63.107 port 55318 [preauth]
Aug 22 02:41:32 magen77361 sshd[15109]: error: Could not load host key: /etc/ssh/ssh_host_ecdsa_key
Aug 22 02:41:32 magen77361 sshd[15109]: error: Could not load host key: /etc/ssh/ssh_host_ed25519_key
Aug 22 02:41:32 magen77361 sshd[15109]: Invalid user ftpuser from 77.37.248.144 port 57710
Aug 22 02:41:32 magen77361 sshd[15109]: pam_unix(sshd:auth): check pass; user unknown
Aug 22 02:41:32 magen77361 sshd[15109]: pam_unix(sshd:auth): authentication failure; logname= uid=0 euid=0 tty=ssh ruser= rhost=77.37.248.144
Aug 22 02:41:33 magen77361 sshd[16334]: error: Could not load host key: /etc/ssh/ssh_host_ecdsa_key
Aug 22 02:41:33 magen77361 sshd[16334]: error: Could not load host key: /etc/ssh/ssh_host_ed25519_key
Aug 22 02:41:33 magen77361 sshd[16471]: error: Could not load host key: /etc/ssh/ssh_host_ecdsa_key
Aug 22 02:41:33 magen77361 sshd[16471]: error: Could not load host key: /etc/ssh/ssh_host_ed25519_key
Aug 22 02:41:34 magen77361 sshd[16334]: Invalid user program from 142.93.58.181 port 37224
Aug 22 02:41:34 magen77361 sshd[16334]: pam_unix(sshd:auth): check pass; user unknown
Aug 22 02:41:34 magen77361 sshd[16334]: pam_unix(sshd:auth): authentication failure; logname= uid=0 euid=0 tty=ssh ruser= rhost=142.93.58.181
Aug 22 02:41:34 magen77361 sshd[15109]: Failed password for invalid user ftpuser from 77.37.248.144 port 57710 ssh2
Aug 22 02:41:34 magen77361 sshd[15109]: Received disconnect from 77.37.248.144 port 57710:11: Bye Bye [preauth]
Aug 22 02:41:34 magen77361 sshd[15109]: Disconnected from invalid user ftpuser 77.37.248.144 port 57710 [preauth]
Aug 22 02:41:35 magen77361 sshd[16471]: Invalid user postgres from 110.40.137.25 port 33008
Aug 22 02:41:35 magen77361 sshd[16471]: pam_unix(sshd:auth): check pass; user unknown
Aug 22 02:41:35 magen77361 sshd[16471]: pam_unix(sshd:auth): authentication failure; logname= uid=0 euid=0 tty=ssh ruser= rhost=110.40.137.25
Aug 22 02:41:35 magen77361 sshd[16334]: Failed password for invalid user program from 142.93.58.181 port 37224 ssh2
Aug 22 02:41:36 magen77361 sshd[16334]: Received disconnect from 142.93.58.181 port 37224:11: Bye Bye [preauth]
Aug 22 02:41:36 magen77361 sshd[16334]: Disconnected from invalid user program 142.93.58.181 port 37224 [preauth]
Aug 22 02:41:36 magen77361 sshd[16471]: Failed password for invalid user postgres from 110.40.137.25 port 33008 ssh2
Aug 22 02:41:37 magen77361 sshd[16471]: Received disconnect from 110.40.137.25 port 33008:11: Bye Bye [preauth]
Aug 22 02:41:37 magen77361 sshd[16471]: Disconnected from invalid user postgres 110.40.137.25 port 33008 [preauth]
Aug 22 02:41:49 magen77361 sshd[30831]: error: Could not load host key: /etc/ssh/ssh_host_ecdsa_key
Aug 22 02:41:49 magen77361 sshd[30831]: error: Could not load host key: /etc/ssh/ssh_host_ed25519_key
Aug 22 02:41:50 magen77361 sshd[32052]: error: Could not load host key: /etc/ssh/ssh_host_ecdsa_key
Aug 22 02:41:50 magen77361 sshd[32052]: error: Could not load host key: /etc/ssh/ssh_host_ed25519_key
Aug 22 02:41:50 magen77361 sshd[30831]: Invalid user bot from 121.26.219.202 port 44546
Aug 22 02:41:50 magen77361 sshd[30831]: pam_unix(sshd:auth): check pass; user unknown
Aug 22 02:41:50 magen77361 sshd[30831]: pam_unix(sshd:auth): authentication failure; logname= uid=0 euid=0 tty=ssh ruser= rhost=121.26.219.202
Aug 22 02:41:51 magen77361 sshd[32052]: Invalid user web from 200.60.92.170 port 51580
Aug 22 02:41:51 magen77361 sshd[32052]: pam_unix(sshd:auth): check pass; user unknown
Aug 22 02:41:51 magen77361 sshd[32052]: pam_unix(sshd:auth): authentication failure; logname= uid=0 euid=0 tty=ssh ruser= rhost=200.60.92.170
Aug 22 02:41:53 magen77361 sshd[30831]: Failed password for invalid user bot from 121.26.219.202 port 44546 ssh2
Aug 22 02:41:53 magen77361 sshd[30831]: Received disconnect from 121.26.219.202 port 44546:11: Bye Bye [preauth]
Aug 22 02:41:53 magen77361 sshd[30831]: Disconnected from invalid user bot 121.26.219.202 port 44546 [preauth]
Aug 22 02:41:53 magen77361 sshd[32052]: Failed password for invalid user web from 200.60.92.170 port 51580 ssh2
Aug 22 02:41:53 magen77361 sshd[32052]: Received disconnect from 200.60.92.170 port 51580:11: Bye Bye [preauth]
Aug 22 02:41:53 magen77361 sshd[32052]: Disconnected from invalid user web 200.60.92.170 port 51580 [preauth]
Aug 22 02:41:56 magen77361 sshd[5206]: error: Could not load host key: /etc/ssh/ssh_host_ecdsa_key
Aug 22 02:41:56 magen77361 sshd[5206]: error: Could not load host key: /etc/ssh/ssh_host_ed25519_key
Aug 22 02:42:00 magen77361 sshd[9197]: error: Could not load host key: /etc/ssh/ssh_host_ecdsa_key
Aug 22 02:42:00 magen77361 sshd[9197]: error: Could not load host key: /etc/ssh/ssh_host_ed25519_key
Aug 22 02:42:01 magen77361 sshd[9197]: Invalid user ralph from 104.236.80.72 port 60647
Aug 22 02:42:01 magen77361 sshd[9197]: pam_unix(sshd:auth): check pass; user unknown
Aug 22 02:42:01 magen77361 sshd[9197]: pam_unix(sshd:auth): authentication failure; logname= uid=0 euid=0 tty=ssh ruser= rhost=104.236.80.72
Aug 22 02:42:03 magen77361 sshd[9197]: Failed password for invalid user ralph from 104.236.80.72 port 60647 ssh2
Aug 22 02:42:03 magen77361 sshd[9197]: Received disconnect from 104.236.80.72 port 60647:11: Bye Bye [preauth]
Aug 22 02:42:03 magen77361 sshd[9197]: Disconnected from invalid user ralph 104.236.80.72 port 60647 [preauth]
Aug 22 02:42:09 magen77361 sshd[16854]: error: Could not load host key: /etc/ssh/ssh_host_ecdsa_key
Aug 22 02:42:09 magen77361 sshd[16854]: error: Could not load host key: /etc/ssh/ssh_host_ed25519_key
Aug 22 02:42:11 magen77361 sshd[18577]: error: Could not load host key: /etc/ssh/ssh_host_ecdsa_key
Aug 22 02:42:11 magen77361 sshd[18577]: error: Could not load host key: /etc/ssh/ssh_host_ed25519_key
Aug 22 02:42:11 magen77361 sshd[18842]: error: Could not load host key: /etc/ssh/ssh_host_ecdsa_key
Aug 22 02:42:11 magen77361 sshd[18842]: error: Could not load host key: /etc/ssh/ssh_host_ed25519_key
Aug 22 02:42:13 magen77361 sshd[18577]: Invalid user admin1 from 36.89.229.183 port 33866
Aug 22 02:42:13 magen77361 sshd[18577]: pam_unix(sshd:auth): check pass; user unknown
Aug 22 02:42:13 magen77361 sshd[18577]: pam_unix(sshd:auth): authentication failure; logname= uid=0 euid=0 tty=ssh ruser= rhost=36.89.229.183
Aug 22 02:42:13 magen77361 sshd[18842]: Invalid user tv from 128.199.121.185 port 35420
Aug 22 02:42:13 magen77361 sshd[18842]: pam_unix(sshd:auth): check pass; user unknown
Aug 22 02:42:13 magen77361 sshd[18842]: pam_unix(sshd:auth): authentication failure; logname= uid=0 euid=0 tty=ssh ruser= rhost=128.199.121.185
Aug 22 02:42:14 magen77361 sshd[18577]: Failed password for invalid user admin1 from 36.89.229.183 port 33866 ssh2
Aug 22 02:42:15 magen77361 sshd[18577]: Received disconnect from 36.89.229.183 port 33866:11: Bye Bye [preauth]
Aug 22 02:42:15 magen77361 sshd[18577]: Disconnected from invalid user admin1 36.89.229.183 port 33866 [preauth]
Aug 22 02:42:15 magen77361 sshd[18842]: Failed password for invalid user tv from 128.199.121.185 port 35420 ssh2
Aug 22 02:42:15 magen77361 sshd[18842]: Received disconnect from 128.199.121.185 port 35420:11: Bye Bye [preauth]
Aug 22 02:42:15 magen77361 sshd[18842]: Disconnected from invalid user tv 128.199.121.185 port 35420 [preauth]
Aug 22 02:42:27 magen77361 sshd[1105]: error: Could not load host key: /etc/ssh/ssh_host_ecdsa_key
Aug 22 02:42:27 magen77361 sshd[1105]: error: Could not load host key: /etc/ssh/ssh_host_ed25519_key
Aug 22 02:42:28 magen77361 sshd[1789]: error: Could not load host key: /etc/ssh/ssh_host_ecdsa_key
Aug 22 02:42:28 magen77361 sshd[1789]: error: Could not load host key: /etc/ssh/ssh_host_ed25519_key
Aug 22 02:42:28 magen77361 sshd[1105]: Invalid user felipe from 200.219.207.42 port 46390
Aug 22 02:42:28 magen77361 sshd[1105]: pam_unix(sshd:auth): check pass; user unknown
Aug 22 02:42:28 magen77361 sshd[1105]: pam_unix(sshd:auth): authentication failure; logname= uid=0 euid=0 tty=ssh ruser= rhost=200.219.207.42
Aug 22 02:42:30 magen77361 sshd[1789]: Invalid user unix from 118.24.105.128 port 45988
Aug 22 02:42:30 magen77361 sshd[1789]: pam_unix(sshd:auth): check pass; user unknown
Aug 22 02:42:30 magen77361 sshd[1789]: pam_unix(sshd:auth): authentication failure; logname= uid=0 euid=0 tty=ssh ruser= rhost=118.24.105.128
Aug 22 02:42:31 magen77361 sshd[1105]: Failed password for invalid user felipe from 200.219.207.42 port 46390 ssh2
Aug 22 02:42:31 magen77361 sshd[1789]: Failed password for invalid user unix from 118.24.105.128 port 45988 ssh2
Aug 22 02:42:31 magen77361 sshd[1105]: Received disconnect from 200.219.207.42 port 46390:11: Bye Bye [preauth]
Aug 22 02:42:31 magen77361 sshd[1105]: Disconnected from invalid user felipe 200.219.207.42 port 46390 [preauth]
Aug 22 02:42:31 magen77361 sshd[1789]: Received disconnect from 118.24.105.128 port 45988:11: Bye Bye [preauth]
Aug 22 02:42:31 magen77361 sshd[1789]: Disconnected from invalid user unix 118.24.105.128 port 45988 [preauth]
Aug 22 02:42:33 magen77361 sshd[6521]: error: Could not load host key: /etc/ssh/ssh_host_ecdsa_key
Aug 22 02:42:33 magen77361 sshd[6521]: error: Could not load host key: /etc/ssh/ssh_host_ed25519_key
Aug 22 02:42:34 magen77361 sshd[6521]: Invalid user gameserver from 110.40.137.25 port 46126
Aug 22 02:42:34 magen77361 sshd[6521]: pam_unix(sshd:auth): check pass; user unknown
Aug 22 02:42:34 magen77361 sshd[6521]: pam_unix(sshd:auth): authentication failure; logname= uid=0 euid=0 tty=ssh ruser= rhost=110.40.137.25
Aug 22 02:42:37 magen77361 sshd[6521]: Failed password for invalid user gameserver from 110.40.137.25 port 46126 ssh2
Aug 22 02:42:37 magen77361 sshd[6521]: Received disconnect from 110.40.137.25 port 46126:11: Bye Bye [preauth]
Aug 22 02:42:37 magen77361 sshd[6521]: Disconnected from invalid user gameserver 110.40.137.25 port 46126 [preauth]
Aug 22 02:42:43 magen77361 sshd[5206]: Received disconnect from 49.232.67.184 port 48620:11: Bye Bye [preauth]
Aug 22 02:42:43 magen77361 sshd[5206]: Disconnected from 49.232.67.184 port 48620 [preauth]
Aug 22 02:42:51 magen77361 sshd[22662]: error: Could not load host key: /etc/ssh/ssh_host_ecdsa_key
Aug 22 02:42:51 magen77361 sshd[22662]: error: Could not load host key: /etc/ssh/ssh_host_ed25519_key
Aug 22 02:42:51 magen77361 sshd[22662]: Invalid user panel from 134.122.113.222 port 43974
Aug 22 02:42:51 magen77361 sshd[22662]: pam_unix(sshd:auth): check pass; user unknown
Aug 22 02:42:51 magen77361 sshd[22662]: pam_unix(sshd:auth): authentication failure; logname= uid=0 euid=0 tty=ssh ruser= rhost=134.122.113.222
Aug 22 02:42:52 magen77361 sshd[23971]: error: Could not load host key: /etc/ssh/ssh_host_ecdsa_key
Aug 22 02:42:52 magen77361 sshd[23971]: error: Could not load host key: /etc/ssh/ssh_host_ed25519_key
Aug 22 02:42:53 magen77361 sshd[23971]: Invalid user taller from 139.59.57.39 port 32880
Aug 22 02:42:53 magen77361 sshd[23971]: pam_unix(sshd:auth): check pass; user unknown
Aug 22 02:42:53 magen77361 sshd[23971]: pam_unix(sshd:auth): authentication failure; logname= uid=0 euid=0 tty=ssh ruser= rhost=139.59.57.39
Aug 22 02:42:53 magen77361 sshd[22662]: Failed password for invalid user panel from 134.122.113.222 port 43974 ssh2
Aug 22 02:42:53 magen77361 sshd[22662]: Received disconnect from 134.122.113.222 port 43974:11: Bye Bye [preauth]
Aug 22 02:42:53 magen77361 sshd[22662]: Disconnected from invalid user panel 134.122.113.222 port 43974 [preauth]
Aug 22 02:42:55 magen77361 sshd[23971]: Failed password for invalid user taller from 139.59.57.39 port 32880 ssh2
Aug 22 02:42:55 magen77361 sshd[23971]: Received disconnect from 139.59.57.39 port 32880:11: Bye Bye [preauth]
Aug 22 02:42:55 magen77361 sshd[23971]: Disconnected from invalid user taller 139.59.57.39 port 32880 [preauth]
Aug 22 02:43:00 magen77361 sshd[30680]: error: Could not load host key: /etc/ssh/ssh_host_ecdsa_key
Aug 22 02:43:00 magen77361 sshd[30680]: error: Could not load host key: /etc/ssh/ssh_host_ed25519_key
Aug 22 02:43:00 magen77361 sshd[31171]: error: Could not load host key: /etc/ssh/ssh_host_ecdsa_key
Aug 22 02:43:00 magen77361 sshd[31171]: error: Could not load host key: /etc/ssh/ssh_host_ed25519_key
Aug 22 02:43:01 magen77361 sshd[31411]: error: Could not load host key: /etc/ssh/ssh_host_ecdsa_key
Aug 22 02:43:01 magen77361 sshd[31411]: error: Could not load host key: /etc/ssh/ssh_host_ed25519_key
Aug 22 02:43:01 magen77361 sshd[30680]: Invalid user wifi from 45.113.32.180 port 59662
Aug 22 02:43:01 magen77361 sshd[30680]: pam_unix(sshd:auth): check pass; user unknown
Aug 22 02:43:01 magen77361 sshd[30680]: pam_unix(sshd:auth): authentication failure; logname= uid=0 euid=0 tty=ssh ruser= rhost=45.113.32.180
Aug 22 02:43:02 magen77361 sshd[31171]: Invalid user tony from 183.111.96.15 port 37848
Aug 22 02:43:02 magen77361 sshd[31171]: pam_unix(sshd:auth): check pass; user unknown
Aug 22 02:43:02 magen77361 sshd[31171]: pam_unix(sshd:auth): authentication failure; logname= uid=0 euid=0 tty=ssh ruser= rhost=183.111.96.15
Aug 22 02:43:02 magen77361 sshd[31411]: Invalid user storage from 121.26.219.202 port 33902
Aug 22 02:43:02 magen77361 sshd[31411]: pam_unix(sshd:auth): check pass; user unknown
Aug 22 02:43:02 magen77361 sshd[31411]: pam_unix(sshd:auth): authentication failure; logname= uid=0 euid=0 tty=ssh ruser= rhost=121.26.219.202
Aug 22 02:43:03 magen77361 sshd[30680]: Failed password for invalid user wifi from 45.113.32.180 port 59662 ssh2
Aug 22 02:43:03 magen77361 sshd[30680]: Received disconnect from 45.113.32.180 port 59662:11: Bye Bye [preauth]
Aug 22 02:43:03 magen77361 sshd[30680]: Disconnected from invalid user wifi 45.113.32.180 port 59662 [preauth]
Aug 22 02:43:04 magen77361 sshd[31171]: Failed password for invalid user tony from 183.111.96.15 port 37848 ssh2
Aug 22 02:43:04 magen77361 sshd[31171]: Received disconnect from 183.111.96.15 port 37848:11: Bye Bye [preauth]
Aug 22 02:43:04 magen77361 sshd[31171]: Disconnected from invalid user tony 183.111.96.15 port 37848 [preauth]
Aug 22 02:43:05 magen77361 sshd[31411]: Failed password for invalid user storage from 121.26.219.202 port 33902 ssh2
Aug 22 02:43:05 magen77361 sshd[31411]: Received disconnect from 121.26.219.202 port 33902:11: Bye Bye [preauth]
Aug 22 02:43:05 magen77361 sshd[31411]: Disconnected from invalid user storage 121.26.219.202 port 33902 [preauth]
Aug 22 02:43:05 magen77361 sshd[3223]: error: Could not load host key: /etc/ssh/ssh_host_ecdsa_key
Aug 22 02:43:05 magen77361 sshd[3223]: error: Could not load host key: /etc/ssh/ssh_host_ed25519_key
Aug 22 02:43:06 magen77361 sshd[3223]: Invalid user rails from 80.72.230.76 port 35008
Aug 22 02:43:06 magen77361 sshd[3223]: pam_unix(sshd:auth): check pass; user unknown
Aug 22 02:43:06 magen77361 sshd[3223]: pam_unix(sshd:auth): authentication failure; logname= uid=0 euid=0 tty=ssh ruser= rhost=80.72.230.76
Aug 22 02:43:07 magen77361 sshd[3223]: Failed password for invalid user rails from 80.72.230.76 port 35008 ssh2
Aug 22 02:43:07 magen77361 sshd[3223]: Received disconnect from 80.72.230.76 port 35008:11: Bye Bye [preauth]
Aug 22 02:43:07 magen77361 sshd[3223]: Disconnected from invalid user rails 80.72.230.76 port 35008 [preauth]
Aug 22 02:43:25 magen77361 sshd[20595]: error: Could not load host key: /etc/ssh/ssh_host_ecdsa_key
Aug 22 02:43:25 magen77361 sshd[20595]: error: Could not load host key: /etc/ssh/ssh_host_ed25519_key
Aug 22 02:43:25 magen77361 sshd[20595]: Invalid user minecraft from 159.65.51.82 port 46028
Aug 22 02:43:25 magen77361 sshd[20595]: pam_unix(sshd:auth): check pass; user unknown
Aug 22 02:43:25 magen77361 sshd[20595]: pam_unix(sshd:auth): authentication failure; logname= uid=0 euid=0 tty=ssh ruser= rhost=159.65.51.82
Aug 22 02:43:26 magen77361 sshd[20595]: Failed password for invalid user minecraft from 159.65.51.82 port 46028 ssh2
Aug 22 02:43:26 magen77361 sshd[20595]: Received disconnect from 159.65.51.82 port 46028:11: Bye Bye [preauth]
Aug 22 02:43:26 magen77361 sshd[20595]: Disconnected from invalid user minecraft 159.65.51.82 port 46028 [preauth]
Aug 22 02:43:31 magen77361 sshd[26182]: error: Could not load host key: /etc/ssh/ssh_host_ecdsa_key
Aug 22 02:43:31 magen77361 sshd[26182]: error: Could not load host key: /etc/ssh/ssh_host_ed25519_key
Aug 22 02:43:31 magen77361 sshd[26182]: Invalid user scan from 109.122.63.107 port 40388
Aug 22 02:43:31 magen77361 sshd[26182]: pam_unix(sshd:auth): check pass; user unknown
Aug 22 02:43:31 magen77361 sshd[26182]: pam_unix(sshd:auth): authentication failure; logname= uid=0 euid=0 tty=ssh ruser= rhost=109.122.63.107
Aug 22 02:43:32 magen77361 sshd[27424]: error: Could not load host key: /etc/ssh/ssh_host_ecdsa_key
Aug 22 02:43:32 magen77361 sshd[27424]: error: Could not load host key: /etc/ssh/ssh_host_ed25519_key
Aug 22 02:43:33 magen77361 sshd[27424]: Invalid user dylan from 47.50.246.114 port 45836
Aug 22 02:43:33 magen77361 sshd[27424]: pam_unix(sshd:auth): check pass; user unknown
Aug 22 02:43:33 magen77361 sshd[27424]: pam_unix(sshd:auth): authentication failure; logname= uid=0 euid=0 tty=ssh ruser= rhost=47.50.246.114
Aug 22 02:43:33 magen77361 sshd[26182]: Failed password for invalid user scan from 109.122.63.107 port 40388 ssh2
Aug 22 02:43:33 magen77361 sshd[28320]: error: Could not load host key: /etc/ssh/ssh_host_ecdsa_key
Aug 22 02:43:33 magen77361 sshd[28320]: error: Could not load host key: /etc/ssh/ssh_host_ed25519_key
Aug 22 02:43:33 magen77361 sshd[26182]: Received disconnect from 109.122.63.107 port 40388:11: Bye Bye [preauth]
Aug 22 02:43:33 magen77361 sshd[26182]: Disconnected from invalid user scan 109.122.63.107 port 40388 [preauth]
Aug 22 02:43:35 magen77361 sshd[28320]: Invalid user claudia from 110.40.137.25 port 59246
Aug 22 02:43:35 magen77361 sshd[28320]: pam_unix(sshd:auth): check pass; user unknown
Aug 22 02:43:35 magen77361 sshd[28320]: pam_unix(sshd:auth): authentication failure; logname= uid=0 euid=0 tty=ssh ruser= rhost=110.40.137.25
Aug 22 02:43:35 magen77361 sshd[27424]: Failed password for invalid user dylan from 47.50.246.114 port 45836 ssh2
Aug 22 02:43:35 magen77361 sshd[27424]: Received disconnect from 47.50.246.114 port 45836:11: Bye Bye [preauth]
Aug 22 02:43:35 magen77361 sshd[27424]: Disconnected from invalid user dylan 47.50.246.114 port 45836 [preauth]
Aug 22 02:43:36 magen77361 sshd[28320]: Failed password for invalid user claudia from 110.40.137.25 port 59246 ssh2
Aug 22 02:43:36 magen77361 sshd[31258]: error: Could not load host key: /etc/ssh/ssh_host_ecdsa_key
Aug 22 02:43:36 magen77361 sshd[31258]: error: Could not load host key: /etc/ssh/ssh_host_ed25519_key
Aug 22 02:43:36 magen77361 sshd[28320]: Received disconnect from 110.40.137.25 port 59246:11: Bye Bye [preauth]
Aug 22 02:43:36 magen77361 sshd[28320]: Disconnected from invalid user claudia 110.40.137.25 port 59246 [preauth]
Aug 22 02:43:37 magen77361 sshd[31258]: Invalid user pepe from 142.93.58.181 port 52070
Aug 22 02:43:37 magen77361 sshd[31258]: pam_unix(sshd:auth): check pass; user unknown
Aug 22 02:43:37 magen77361 sshd[31258]: pam_unix(sshd:auth): authentication failure; logname= uid=0 euid=0 tty=ssh ruser= rhost=142.93.58.181
Aug 22 02:43:39 magen77361 sshd[31258]: Failed password for invalid user pepe from 142.93.58.181 port 52070 ssh2
Aug 22 02:43:39 magen77361 sshd[31258]: Received disconnect from 142.93.58.181 port 52070:11: Bye Bye [preauth]
Aug 22 02:43:39 magen77361 sshd[31258]: Disconnected from invalid user pepe 142.93.58.181 port 52070 [preauth]
Aug 22 02:43:41 magen77361 sshd[2668]: error: Could not load host key: /etc/ssh/ssh_host_ecdsa_key
Aug 22 02:43:41 magen77361 sshd[2668]: error: Could not load host key: /etc/ssh/ssh_host_ed25519_key
Aug 22 02:43:43 magen77361 sshd[2668]: Invalid user jy from 49.232.67.184 port 36992
Aug 22 02:43:43 magen77361 sshd[2668]: pam_unix(sshd:auth): check pass; user unknown
Aug 22 02:43:43 magen77361 sshd[2668]: pam_unix(sshd:auth): authentication failure; logname= uid=0 euid=0 tty=ssh ruser= rhost=49.232.67.184
Aug 22 02:43:45 magen77361 sshd[2668]: Failed password for invalid user jy from 49.232.67.184 port 36992 ssh2
Aug 22 02:43:47 magen77361 sshd[2668]: Received disconnect from 49.232.67.184 port 36992:11: Bye Bye [preauth]
Aug 22 02:43:47 magen77361 sshd[2668]: Disconnected from invalid user jy 49.232.67.184 port 36992 [preauth]
Aug 22 02:43:47 magen77361 sshd[8404]: error: Could not load host key: /etc/ssh/ssh_host_ecdsa_key
Aug 22 02:43:47 magen77361 sshd[8404]: error: Could not load host key: /etc/ssh/ssh_host_ed25519_key
Aug 22 02:43:48 magen77361 sshd[8404]: Invalid user test from 77.37.248.144 port 51045
Aug 22 02:43:48 magen77361 sshd[8404]: pam_unix(sshd:auth): check pass; user unknown
Aug 22 02:43:48 magen77361 sshd[8404]: pam_unix(sshd:auth): authentication failure; logname= uid=0 euid=0 tty=ssh ruser= rhost=77.37.248.144
Aug 22 02:43:49 magen77361 sshd[8404]: Failed password for invalid user test from 77.37.248.144 port 51045 ssh2
Aug 22 02:43:52 magen77361 sshd[8404]: Received disconnect from 77.37.248.144 port 51045:11: Bye Bye [preauth]
Aug 22 02:43:52 magen77361 sshd[8404]: Disconnected from invalid user test 77.37.248.144 port 51045 [preauth]
Aug 22 02:43:57 magen77361 sshd[17310]: error: Could not load host key: /etc/ssh/ssh_host_ecdsa_key
Aug 22 02:43:57 magen77361 sshd[17310]: error: Could not load host key: /etc/ssh/ssh_host_ed25519_key
Aug 22 02:43:57 magen77361 sshd[17310]: Invalid user user from 139.59.168.22 port 50062
Aug 22 02:43:57 magen77361 sshd[17310]: pam_unix(sshd:auth): check pass; user unknown
Aug 22 02:43:57 magen77361 sshd[17310]: pam_unix(sshd:auth): authentication failure; logname= uid=0 euid=0 tty=ssh ruser= rhost=139.59.168.22
Aug 22 02:44:00 magen77361 sshd[17310]: Failed password for invalid user user from 139.59.168.22 port 50062 ssh2
Aug 22 02:44:00 magen77361 sshd[17310]: Received disconnect from 139.59.168.22 port 50062:11: Bye Bye [preauth]
Aug 22 02:44:00 magen77361 sshd[17310]: Disconnected from invalid user user 139.59.168.22 port 50062 [preauth]
Aug 22 02:44:05 magen77361 sshd[24776]: error: Could not load host key: /etc/ssh/ssh_host_ecdsa_key
Aug 22 02:44:05 magen77361 sshd[24776]: error: Could not load host key: /etc/ssh/ssh_host_ed25519_key
Aug 22 02:44:08 magen77361 sshd[27511]: error: Could not load host key: /etc/ssh/ssh_host_ecdsa_key
Aug 22 02:44:08 magen77361 sshd[27511]: error: Could not load host key: /etc/ssh/ssh_host_ed25519_key
Aug 22 02:44:09 magen77361 sshd[27511]: Invalid user it from 104.236.80.72 port 55528
Aug 22 02:44:09 magen77361 sshd[27511]: pam_unix(sshd:auth): check pass; user unknown
Aug 22 02:44:09 magen77361 sshd[27511]: pam_unix(sshd:auth): authentication failure; logname= uid=0 euid=0 tty=ssh ruser= rhost=104.236.80.72
Aug 22 02:44:11 magen77361 sshd[27511]: Failed password for invalid user it from 104.236.80.72 port 55528 ssh2
Aug 22 02:44:11 magen77361 sshd[27511]: Received disconnect from 104.236.80.72 port 55528:11: Bye Bye [preauth]
Aug 22 02:44:11 magen77361 sshd[27511]: Disconnected from invalid user it 104.236.80.72 port 55528 [preauth]
Aug 22 02:44:14 magen77361 sshd[525]: error: Could not load host key: /etc/ssh/ssh_host_ecdsa_key
Aug 22 02:44:14 magen77361 sshd[525]: error: Could not load host key: /etc/ssh/ssh_host_ed25519_key
Aug 22 02:44:16 magen77361 sshd[525]: Invalid user ubuntu from 121.26.219.202 port 51502
Aug 22 02:44:16 magen77361 sshd[525]: pam_unix(sshd:auth): check pass; user unknown
Aug 22 02:44:16 magen77361 sshd[525]: pam_unix(sshd:auth): authentication failure; logname= uid=0 euid=0 tty=ssh ruser= rhost=121.26.219.202
Aug 22 02:44:19 magen77361 sshd[525]: Failed password for invalid user ubuntu from 121.26.219.202 port 51502 ssh2
Aug 22 02:44:19 magen77361 sshd[525]: Received disconnect from 121.26.219.202 port 51502:11: Bye Bye [preauth]
Aug 22 02:44:19 magen77361 sshd[525]: Disconnected from invalid user ubuntu 121.26.219.202 port 51502 [preauth]
Aug 22 02:44:32 magen77361 sshd[16397]: error: Could not load host key: /etc/ssh/ssh_host_ecdsa_key
Aug 22 02:44:32 magen77361 sshd[16397]: error: Could not load host key: /etc/ssh/ssh_host_ed25519_key
Aug 22 02:44:33 magen77361 sshd[16397]: Invalid user nathaniel from 128.199.121.185 port 50032
Aug 22 02:44:33 magen77361 sshd[16397]: pam_unix(sshd:auth): check pass; user unknown
Aug 22 02:44:33 magen77361 sshd[16397]: pam_unix(sshd:auth): authentication failure; logname= uid=0 euid=0 tty=ssh ruser= rhost=128.199.121.185
Aug 22 02:44:35 magen77361 sshd[18980]: error: Could not load host key: /etc/ssh/ssh_host_ecdsa_key
Aug 22 02:44:35 magen77361 sshd[18980]: error: Could not load host key: /etc/ssh/ssh_host_ed25519_key
Aug 22 02:44:35 magen77361 sshd[16397]: Failed password for invalid user nathaniel from 128.199.121.185 port 50032 ssh2
Aug 22 02:44:35 magen77361 sshd[16397]: Received disconnect from 128.199.121.185 port 50032:11: Bye Bye [preauth]
Aug 22 02:44:35 magen77361 sshd[16397]: Disconnected from invalid user nathaniel 128.199.121.185 port 50032 [preauth]
Aug 22 02:44:36 magen77361 sshd[18980]: Invalid user firefart from 110.40.137.25 port 44128
Aug 22 02:44:36 magen77361 sshd[18980]: pam_unix(sshd:auth): check pass; user unknown
Aug 22 02:44:36 magen77361 sshd[18980]: pam_unix(sshd:auth): authentication failure; logname= uid=0 euid=0 tty=ssh ruser= rhost=110.40.137.25
Aug 22 02:44:38 magen77361 sshd[18980]: Failed password for invalid user firefart from 110.40.137.25 port 44128 ssh2
Aug 22 02:44:38 magen77361 sshd[18980]: Received disconnect from 110.40.137.25 port 44128:11: Bye Bye [preauth]
Aug 22 02:44:38 magen77361 sshd[18980]: Disconnected from invalid user firefart 110.40.137.25 port 44128 [preauth]
Aug 22 02:44:41 magen77361 sshd[24485]: error: Could not load host key: /etc/ssh/ssh_host_ecdsa_key
Aug 22 02:44:41 magen77361 sshd[24485]: error: Could not load host key: /etc/ssh/ssh_host_ed25519_key
Aug 22 02:44:41 magen77361 sshd[24518]: error: Could not load host key: /etc/ssh/ssh_host_ecdsa_key
Aug 22 02:44:41 magen77361 sshd[24518]: error: Could not load host key: /etc/ssh/ssh_host_ed25519_key
Aug 22 02:44:41 magen77361 sshd[25117]: error: Could not load host key: /etc/ssh/ssh_host_ecdsa_key
Aug 22 02:44:41 magen77361 sshd[25117]: error: Could not load host key: /etc/ssh/ssh_host_ed25519_key
Aug 22 02:44:41 magen77361 sshd[25117]: pam_unix(sshd:auth): authentication failure; logname= uid=0 euid=0 tty=ssh ruser= rhost=139.59.182.58  user=mysql
Aug 22 02:44:42 magen77361 sshd[24518]: Invalid user test from 200.219.207.42 port 41112
Aug 22 02:44:42 magen77361 sshd[24518]: pam_unix(sshd:auth): check pass; user unknown
Aug 22 02:44:42 magen77361 sshd[24518]: pam_unix(sshd:auth): authentication failure; logname= uid=0 euid=0 tty=ssh ruser= rhost=200.219.207.42
Aug 22 02:44:43 magen77361 sshd[24485]: Invalid user user from 45.113.32.180 port 60538
Aug 22 02:44:43 magen77361 sshd[24485]: pam_unix(sshd:auth): check pass; user unknown
Aug 22 02:44:43 magen77361 sshd[24485]: pam_unix(sshd:auth): authentication failure; logname= uid=0 euid=0 tty=ssh ruser= rhost=45.113.32.180
Aug 22 02:44:43 magen77361 sshd[25117]: Failed password for mysql from 139.59.182.58 port 47422 ssh2
Aug 22 02:44:43 magen77361 sshd[25117]: Received disconnect from 139.59.182.58 port 47422:11: Bye Bye [preauth]
Aug 22 02:44:43 magen77361 sshd[25117]: Disconnected from authenticating user mysql 139.59.182.58 port 47422 [preauth]
Aug 22 02:44:44 magen77361 sshd[24518]: Failed password for invalid user test from 200.219.207.42 port 41112 ssh2
Aug 22 02:44:44 magen77361 sshd[24518]: Received disconnect from 200.219.207.42 port 41112:11: Bye Bye [preauth]
Aug 22 02:44:44 magen77361 sshd[24518]: Disconnected from invalid user test 200.219.207.42 port 41112 [preauth]
Aug 22 02:44:44 magen77361 sshd[24485]: Failed password for invalid user user from 45.113.32.180 port 60538 ssh2
Aug 22 02:44:45 magen77361 sshd[24485]: Received disconnect from 45.113.32.180 port 60538:11: Bye Bye [preauth]
Aug 22 02:44:45 magen77361 sshd[24485]: Disconnected from invalid user user 45.113.32.180 port 60538 [preauth]
Aug 22 02:44:49 magen77361 sshd[32135]: error: Could not load host key: /etc/ssh/ssh_host_ecdsa_key
Aug 22 02:44:49 magen77361 sshd[32135]: error: Could not load host key: /etc/ssh/ssh_host_ed25519_key
Aug 22 02:44:49 magen77361 sshd[32135]: Invalid user ubuntu from 198.211.120.69 port 28544
Aug 22 02:44:49 magen77361 sshd[32135]: pam_unix(sshd:auth): check pass; user unknown
Aug 22 02:44:49 magen77361 sshd[32135]: pam_unix(sshd:auth): authentication failure; logname= uid=0 euid=0 tty=ssh ruser= rhost=198.211.120.69
Aug 22 02:44:50 magen77361 sshd[693]: error: Could not load host key: /etc/ssh/ssh_host_ecdsa_key
Aug 22 02:44:50 magen77361 sshd[693]: error: Could not load host key: /etc/ssh/ssh_host_ed25519_key
Aug 22 02:44:51 magen77361 sshd[32135]: Failed password for invalid user ubuntu from 198.211.120.69 port 28544 ssh2
Aug 22 02:44:51 magen77361 sshd[32135]: Received disconnect from 198.211.120.69 port 28544:11: Bye Bye [preauth]
Aug 22 02:44:51 magen77361 sshd[32135]: Disconnected from invalid user ubuntu 198.211.120.69 port 28544 [preauth]
Aug 22 02:44:58 magen77361 sshd[7444]: error: Could not load host key: /etc/ssh/ssh_host_ecdsa_key
Aug 22 02:44:58 magen77361 sshd[7444]: error: Could not load host key: /etc/ssh/ssh_host_ed25519_key
Aug 22 02:44:58 magen77361 sshd[7444]: Invalid user wrk from 134.122.113.222 port 59300
Aug 22 02:44:58 magen77361 sshd[7444]: pam_unix(sshd:auth): check pass; user unknown
Aug 22 02:44:58 magen77361 sshd[7444]: pam_unix(sshd:auth): authentication failure; logname= uid=0 euid=0 tty=ssh ruser= rhost=134.122.113.222
Aug 22 02:44:59 magen77361 sshd[8860]: error: Could not load host key: /etc/ssh/ssh_host_ecdsa_key
Aug 22 02:44:59 magen77361 sshd[8860]: error: Could not load host key: /etc/ssh/ssh_host_ed25519_key
Aug 22 02:45:00 magen77361 sshd[8860]: Invalid user power from 92.241.82.242 port 36542
Aug 22 02:45:00 magen77361 sshd[8860]: pam_unix(sshd:auth): check pass; user unknown
Aug 22 02:45:00 magen77361 sshd[8860]: pam_unix(sshd:auth): authentication failure; logname= uid=0 euid=0 tty=ssh ruser= rhost=92.241.82.242
Aug 22 02:45:01 magen77361 sshd[7444]: Failed password for invalid user wrk from 134.122.113.222 port 59300 ssh2
Aug 22 02:45:01 magen77361 sshd[7444]: Received disconnect from 134.122.113.222 port 59300:11: Bye Bye [preauth]
Aug 22 02:45:01 magen77361 sshd[7444]: Disconnected from invalid user wrk 134.122.113.222 port 59300 [preauth]
Aug 22 02:45:02 magen77361 sshd[8860]: Failed password for invalid user power from 92.241.82.242 port 36542 ssh2
Aug 22 02:45:02 magen77361 sshd[8860]: Received disconnect from 92.241.82.242 port 36542:11: Bye Bye [preauth]
Aug 22 02:45:02 magen77361 sshd[8860]: Disconnected from invalid user power 92.241.82.242 port 36542 [preauth]
Aug 22 02:45:15 magen77361 sshd[22886]: error: Could not load host key: /etc/ssh/ssh_host_ecdsa_key
Aug 22 02:45:15 magen77361 sshd[22886]: error: Could not load host key: /etc/ssh/ssh_host_ed25519_key
Aug 22 02:45:16 magen77361 sshd[22886]: Invalid user patrick from 80.72.230.76 port 49668
Aug 22 02:45:16 magen77361 sshd[22886]: pam_unix(sshd:auth): check pass; user unknown
Aug 22 02:45:16 magen77361 sshd[22886]: pam_unix(sshd:auth): authentication failure; logname= uid=0 euid=0 tty=ssh ruser= rhost=80.72.230.76
Aug 22 02:45:18 magen77361 sshd[22886]: Failed password for invalid user patrick from 80.72.230.76 port 49668 ssh2
Aug 22 02:45:18 magen77361 sshd[22886]: Received disconnect from 80.72.230.76 port 49668:11: Bye Bye [preauth]
Aug 22 02:45:18 magen77361 sshd[22886]: Disconnected from invalid user patrick 80.72.230.76 port 49668 [preauth]
Aug 22 02:45:23 magen77361 sshd[29994]: error: Could not load host key: /etc/ssh/ssh_host_ecdsa_key
Aug 22 02:45:23 magen77361 sshd[29994]: error: Could not load host key: /etc/ssh/ssh_host_ed25519_key
Aug 22 02:45:27 magen77361 sshd[29994]: Invalid user song from 49.232.67.184 port 53596
Aug 22 02:45:27 magen77361 sshd[29994]: pam_unix(sshd:auth): check pass; user unknown
Aug 22 02:45:27 magen77361 sshd[29994]: pam_unix(sshd:auth): authentication failure; logname= uid=0 euid=0 tty=ssh ruser= rhost=49.232.67.184
Aug 22 02:45:36 magen77361 sshd[29994]: Failed password for invalid user song from 49.232.67.184 port 53596 ssh2
Aug 22 02:45:36 magen77361 sshd[29994]: Received disconnect from 49.232.67.184 port 53596:11: Bye Bye [preauth]
Aug 22 02:45:36 magen77361 sshd[29994]: Disconnected from invalid user song 49.232.67.184 port 53596 [preauth]
Aug 22 02:45:48 magen77361 sshd[15996]: error: Could not load host key: /etc/ssh/ssh_host_ecdsa_key
Aug 22 02:45:48 magen77361 sshd[15996]: error: Could not load host key: /etc/ssh/ssh_host_ed25519_key
Aug 22 02:45:48 magen77361 sshd[15996]: Invalid user csgoserver from 109.122.63.107 port 53690
Aug 22 02:45:48 magen77361 sshd[15996]: pam_unix(sshd:auth): check pass; user unknown
Aug 22 02:45:48 magen77361 sshd[15996]: pam_unix(sshd:auth): authentication failure; logname= uid=0 euid=0 tty=ssh ruser= rhost=109.122.63.107
Aug 22 02:45:48 magen77361 sshd[17777]: error: Could not load host key: /etc/ssh/ssh_host_ecdsa_key
Aug 22 02:45:48 magen77361 sshd[17777]: error: Could not load host key: /etc/ssh/ssh_host_ed25519_key
Aug 22 02:45:48 magen77361 sshd[18495]: error: Could not load host key: /etc/ssh/ssh_host_ecdsa_key
Aug 22 02:45:48 magen77361 sshd[18495]: error: Could not load host key: /etc/ssh/ssh_host_ed25519_key
Aug 22 02:45:48 magen77361 sshd[17777]: Invalid user ftptest from 139.59.57.39 port 34838
Aug 22 02:45:48 magen77361 sshd[17777]: pam_unix(sshd:auth): check pass; user unknown
Aug 22 02:45:48 magen77361 sshd[17777]: pam_unix(sshd:auth): authentication failure; logname= uid=0 euid=0 tty=ssh ruser= rhost=139.59.57.39
Aug 22 02:45:48 magen77361 sshd[15996]: Failed password for invalid user csgoserver from 109.122.63.107 port 53690 ssh2
Aug 22 02:45:48 magen77361 sshd[15996]: Received disconnect from 109.122.63.107 port 53690:11: Bye Bye [preauth]
Aug 22 02:45:48 magen77361 sshd[15996]: Disconnected from invalid user csgoserver 109.122.63.107 port 53690 [preauth]
Aug 22 02:45:48 magen77361 sshd[18495]: Invalid user admin from 143.198.8.62 port 59534
Aug 22 02:45:48 magen77361 sshd[18495]: pam_unix(sshd:auth): check pass; user unknown
Aug 22 02:45:48 magen77361 sshd[18495]: pam_unix(sshd:auth): authentication failure; logname= uid=0 euid=0 tty=ssh ruser= rhost=143.198.8.62
Aug 22 02:45:48 magen77361 sshd[19202]: error: Could not load host key: /etc/ssh/ssh_host_ecdsa_key
Aug 22 02:45:48 magen77361 sshd[19202]: error: Could not load host key: /etc/ssh/ssh_host_ed25519_key
Aug 22 02:45:48 magen77361 sshd[19202]: Invalid user tom from 142.93.58.181 port 38682
Aug 22 02:45:48 magen77361 sshd[19202]: pam_unix(sshd:auth): check pass; user unknown
Aug 22 02:45:48 magen77361 sshd[19202]: pam_unix(sshd:auth): authentication failure; logname= uid=0 euid=0 tty=ssh ruser= rhost=142.93.58.181
Aug 22 02:45:48 magen77361 sshd[17777]: Failed password for invalid user ftptest from 139.59.57.39 port 34838 ssh2
Aug 22 02:45:48 magen77361 sshd[17777]: Received disconnect from 139.59.57.39 port 34838:11: Bye Bye [preauth]
Aug 22 02:45:48 magen77361 sshd[17777]: Disconnected from invalid user ftptest 139.59.57.39 port 34838 [preauth]
Aug 22 02:45:49 magen77361 sshd[20843]: error: Could not load host key: /etc/ssh/ssh_host_ecdsa_key
Aug 22 02:45:49 magen77361 sshd[20843]: error: Could not load host key: /etc/ssh/ssh_host_ed25519_key
Aug 22 02:45:49 magen77361 sshd[18495]: Failed password for invalid user admin from 143.198.8.62 port 59534 ssh2
Aug 22 02:45:49 magen77361 sshd[18495]: Received disconnect from 143.198.8.62 port 59534:11: Bye Bye [preauth]
Aug 22 02:45:49 magen77361 sshd[18495]: Disconnected from invalid user admin 143.198.8.62 port 59534 [preauth]
Aug 22 02:45:49 magen77361 sshd[19202]: Failed password for invalid user tom from 142.93.58.181 port 38682 ssh2
Aug 22 02:45:49 magen77361 sshd[19202]: Received disconnect from 142.93.58.181 port 38682:11: Bye Bye [preauth]
Aug 22 02:45:49 magen77361 sshd[19202]: Disconnected from invalid user tom 142.93.58.181 port 38682 [preauth]
Aug 22 02:45:49 magen77361 sshd[20843]: Invalid user alex from 200.60.92.170 port 38626
Aug 22 02:45:49 magen77361 sshd[20843]: pam_unix(sshd:auth): check pass; user unknown
Aug 22 02:45:49 magen77361 sshd[20843]: pam_unix(sshd:auth): authentication failure; logname= uid=0 euid=0 tty=ssh ruser= rhost=200.60.92.170
Aug 22 02:45:51 magen77361 sshd[20843]: Failed password for invalid user alex from 200.60.92.170 port 38626 ssh2
Aug 22 02:45:52 magen77361 sshd[20843]: Received disconnect from 200.60.92.170 port 38626:11: Bye Bye [preauth]
Aug 22 02:45:52 magen77361 sshd[20843]: Disconnected from invalid user alex 200.60.92.170 port 38626 [preauth]
Aug 22 02:45:53 magen77361 sshd[24634]: error: Could not load host key: /etc/ssh/ssh_host_ecdsa_key
Aug 22 02:45:53 magen77361 sshd[24634]: error: Could not load host key: /etc/ssh/ssh_host_ed25519_key
Aug 22 02:45:57 magen77361 sshd[24634]: Invalid user teamspeak from 124.89.83.168 port 37810
Aug 22 02:45:57 magen77361 sshd[24634]: pam_unix(sshd:auth): check pass; user unknown
Aug 22 02:45:57 magen77361 sshd[24634]: pam_unix(sshd:auth): authentication failure; logname= uid=0 euid=0 tty=ssh ruser= rhost=124.89.83.168
Aug 22 02:45:59 magen77361 sshd[24634]: Failed password for invalid user teamspeak from 124.89.83.168 port 37810 ssh2
Aug 22 02:46:00 magen77361 sshd[24634]: Received disconnect from 124.89.83.168 port 37810:11: Bye Bye [preauth]
Aug 22 02:46:00 magen77361 sshd[24634]: Disconnected from invalid user teamspeak 124.89.83.168 port 37810 [preauth]
Aug 22 02:46:06 magen77361 sshd[4300]: error: Could not load host key: /etc/ssh/ssh_host_ecdsa_key
Aug 22 02:46:06 magen77361 sshd[4300]: error: Could not load host key: /etc/ssh/ssh_host_ed25519_key
Aug 22 02:46:07 magen77361 sshd[5375]: error: Could not load host key: /etc/ssh/ssh_host_ecdsa_key
Aug 22 02:46:07 magen77361 sshd[5375]: error: Could not load host key: /etc/ssh/ssh_host_ed25519_key
Aug 22 02:46:12 magen77361 sshd[9761]: error: Could not load host key: /etc/ssh/ssh_host_ecdsa_key
Aug 22 02:46:12 magen77361 sshd[9761]: error: Could not load host key: /etc/ssh/ssh_host_ed25519_key
Aug 22 02:46:13 magen77361 sshd[9761]: Invalid user git from 77.37.248.144 port 44380
Aug 22 02:46:13 magen77361 sshd[9761]: pam_unix(sshd:auth): check pass; user unknown
Aug 22 02:46:13 magen77361 sshd[9761]: pam_unix(sshd:auth): authentication failure; logname= uid=0 euid=0 tty=ssh ruser= rhost=77.37.248.144
Aug 22 02:46:14 magen77361 sshd[5375]: Invalid user test from 182.255.0.136 port 40034
Aug 22 02:46:14 magen77361 sshd[5375]: pam_unix(sshd:auth): check pass; user unknown
Aug 22 02:46:14 magen77361 sshd[5375]: pam_unix(sshd:auth): authentication failure; logname= uid=0 euid=0 tty=ssh ruser= rhost=182.255.0.136
Aug 22 02:46:15 magen77361 sshd[9761]: Failed password for invalid user git from 77.37.248.144 port 44380 ssh2
Aug 22 02:46:15 magen77361 sshd[9761]: Received disconnect from 77.37.248.144 port 44380:11: Bye Bye [preauth]
Aug 22 02:46:15 magen77361 sshd[9761]: Disconnected from invalid user git 77.37.248.144 port 44380 [preauth]
Aug 22 02:46:16 magen77361 sshd[5375]: Failed password for invalid user test from 182.255.0.136 port 40034 ssh2
Aug 22 02:46:16 magen77361 sshd[5375]: Received disconnect from 182.255.0.136 port 40034:11: Bye Bye [preauth]
Aug 22 02:46:16 magen77361 sshd[5375]: Disconnected from invalid user test 182.255.0.136 port 40034 [preauth]
Aug 22 02:46:17 magen77361 sshd[14593]: error: Could not load host key: /etc/ssh/ssh_host_ecdsa_key
Aug 22 02:46:17 magen77361 sshd[14593]: error: Could not load host key: /etc/ssh/ssh_host_ed25519_key
Aug 22 02:46:19 magen77361 sshd[14593]: Invalid user hack from 103.193.241.57 port 33892
Aug 22 02:46:19 magen77361 sshd[14593]: pam_unix(sshd:auth): check pass; user unknown
Aug 22 02:46:19 magen77361 sshd[14593]: pam_unix(sshd:auth): authentication failure; logname= uid=0 euid=0 tty=ssh ruser= rhost=103.193.241.57
Aug 22 02:46:21 magen77361 sshd[14593]: Failed password for invalid user hack from 103.193.241.57 port 33892 ssh2
Aug 22 02:46:21 magen77361 sshd[18292]: error: Could not load host key: /etc/ssh/ssh_host_ecdsa_key
Aug 22 02:46:21 magen77361 sshd[18292]: error: Could not load host key: /etc/ssh/ssh_host_ed25519_key
Aug 22 02:46:22 magen77361 sshd[14593]: Received disconnect from 103.193.241.57 port 33892:11: Bye Bye [preauth]
Aug 22 02:46:22 magen77361 sshd[14593]: Disconnected from invalid user hack 103.193.241.57 port 33892 [preauth]
Aug 22 02:46:23 magen77361 sshd[19435]: error: Could not load host key: /etc/ssh/ssh_host_ecdsa_key
Aug 22 02:46:23 magen77361 sshd[19435]: error: Could not load host key: /etc/ssh/ssh_host_ed25519_key
Aug 22 02:46:24 magen77361 sshd[19435]: Invalid user ts from 183.111.96.15 port 59846
Aug 22 02:46:24 magen77361 sshd[19435]: pam_unix(sshd:auth): check pass; user unknown
Aug 22 02:46:24 magen77361 sshd[19435]: pam_unix(sshd:auth): authentication failure; logname= uid=0 euid=0 tty=ssh ruser= rhost=183.111.96.15
Aug 22 02:46:24 magen77361 sshd[18292]: Invalid user csgosrv from 221.0.94.20 port 33131
Aug 22 02:46:24 magen77361 sshd[18292]: pam_unix(sshd:auth): check pass; user unknown
Aug 22 02:46:24 magen77361 sshd[18292]: pam_unix(sshd:auth): authentication failure; logname= uid=0 euid=0 tty=ssh ruser= rhost=221.0.94.20
Aug 22 02:46:26 magen77361 sshd[19435]: Failed password for invalid user ts from 183.111.96.15 port 59846 ssh2
Aug 22 02:46:26 magen77361 sshd[18292]: Failed password for invalid user csgosrv from 221.0.94.20 port 33131 ssh2
Aug 22 02:46:26 magen77361 sshd[19435]: Received disconnect from 183.111.96.15 port 59846:11: Bye Bye [preauth]
Aug 22 02:46:26 magen77361 sshd[19435]: Disconnected from invalid user ts 183.111.96.15 port 59846 [preauth]
Aug 22 02:46:26 magen77361 sshd[18292]: Received disconnect from 221.0.94.20 port 33131:11: Bye Bye [preauth]
Aug 22 02:46:26 magen77361 sshd[18292]: Disconnected from invalid user csgosrv 221.0.94.20 port 33131 [preauth]
Aug 22 02:46:31 magen77361 sshd[25707]: error: Could not load host key: /etc/ssh/ssh_host_ecdsa_key
Aug 22 02:46:31 magen77361 sshd[25707]: error: Could not load host key: /etc/ssh/ssh_host_ed25519_key
Aug 22 02:46:31 magen77361 sshd[25707]: Invalid user sqoop from 167.99.251.39 port 52984
Aug 22 02:46:31 magen77361 sshd[25707]: pam_unix(sshd:auth): check pass; user unknown
Aug 22 02:46:31 magen77361 sshd[25707]: pam_unix(sshd:auth): authentication failure; logname= uid=0 euid=0 tty=ssh ruser= rhost=167.99.251.39
Aug 22 02:46:31 magen77361 sshd[26081]: error: Could not load host key: /etc/ssh/ssh_host_ecdsa_key
Aug 22 02:46:31 magen77361 sshd[26081]: error: Could not load host key: /etc/ssh/ssh_host_ed25519_key
Aug 22 02:46:31 magen77361 sshd[26081]: Invalid user renata from 45.113.32.180 port 33184
Aug 22 02:46:31 magen77361 sshd[26081]: pam_unix(sshd:auth): check pass; user unknown
Aug 22 02:46:31 magen77361 sshd[26081]: pam_unix(sshd:auth): authentication failure; logname= uid=0 euid=0 tty=ssh ruser= rhost=45.113.32.180
Aug 22 02:46:32 magen77361 sshd[25707]: Failed password for invalid user sqoop from 167.99.251.39 port 52984 ssh2
Aug 22 02:46:32 magen77361 sshd[25707]: Received disconnect from 167.99.251.39 port 52984:11: Bye Bye [preauth]
Aug 22 02:46:32 magen77361 sshd[25707]: Disconnected from invalid user sqoop 167.99.251.39 port 52984 [preauth]
Aug 22 02:46:33 magen77361 sshd[26081]: Failed password for invalid user renata from 45.113.32.180 port 33184 ssh2
Aug 22 02:46:33 magen77361 sshd[26081]: Received disconnect from 45.113.32.180 port 33184:11: Bye Bye [preauth]
Aug 22 02:46:33 magen77361 sshd[26081]: Disconnected from invalid user renata 45.113.32.180 port 33184 [preauth]
Aug 22 02:46:56 magen77361 sshd[17784]: error: Could not load host key: /etc/ssh/ssh_host_ecdsa_key
Aug 22 02:46:56 magen77361 sshd[17784]: error: Could not load host key: /etc/ssh/ssh_host_ed25519_key
Aug 22 02:46:56 magen77361 sshd[18138]: error: Could not load host key: /etc/ssh/ssh_host_ecdsa_key
Aug 22 02:46:56 magen77361 sshd[18138]: error: Could not load host key: /etc/ssh/ssh_host_ed25519_key
Aug 22 02:46:57 magen77361 sshd[17784]: Invalid user michel from 128.199.121.185 port 36412
Aug 22 02:46:57 magen77361 sshd[17784]: pam_unix(sshd:auth): check pass; user unknown
Aug 22 02:46:57 magen77361 sshd[17784]: pam_unix(sshd:auth): authentication failure; logname= uid=0 euid=0 tty=ssh ruser= rhost=128.199.121.185
Aug 22 02:46:57 magen77361 sshd[18138]: Invalid user user002 from 200.219.207.42 port 35824
Aug 22 02:46:57 magen77361 sshd[18138]: pam_unix(sshd:auth): check pass; user unknown
Aug 22 02:46:57 magen77361 sshd[18138]: pam_unix(sshd:auth): authentication failure; logname= uid=0 euid=0 tty=ssh ruser= rhost=200.219.207.42
Aug 22 02:46:59 magen77361 sshd[17784]: Failed password for invalid user michel from 128.199.121.185 port 36412 ssh2
Aug 22 02:46:59 magen77361 sshd[18138]: Failed password for invalid user user002 from 200.219.207.42 port 35824 ssh2
Aug 22 02:47:00 magen77361 sshd[17784]: Received disconnect from 128.199.121.185 port 36412:11: Bye Bye [preauth]
Aug 22 02:47:00 magen77361 sshd[17784]: Disconnected from invalid user michel 128.199.121.185 port 36412 [preauth]
Aug 22 02:47:00 magen77361 sshd[18138]: Received disconnect from 200.219.207.42 port 35824:11: Bye Bye [preauth]
Aug 22 02:47:00 magen77361 sshd[18138]: Disconnected from invalid user user002 200.219.207.42 port 35824 [preauth]
Aug 22 02:47:10 magen77361 sshd[30241]: error: Could not load host key: /etc/ssh/ssh_host_ecdsa_key
Aug 22 02:47:10 magen77361 sshd[30241]: error: Could not load host key: /etc/ssh/ssh_host_ed25519_key
Aug 22 02:47:13 magen77361 sshd[30241]: Invalid user test from 49.232.67.184 port 41962
Aug 22 02:47:13 magen77361 sshd[30241]: pam_unix(sshd:auth): check pass; user unknown
Aug 22 02:47:13 magen77361 sshd[30241]: pam_unix(sshd:auth): authentication failure; logname= uid=0 euid=0 tty=ssh ruser= rhost=49.232.67.184
Aug 22 02:47:14 magen77361 sshd[1610]: error: Could not load host key: /etc/ssh/ssh_host_ecdsa_key
Aug 22 02:47:14 magen77361 sshd[1610]: error: Could not load host key: /etc/ssh/ssh_host_ed25519_key
Aug 22 02:47:14 magen77361 sshd[1610]: Invalid user ubuntu from 134.122.113.222 port 46396
Aug 22 02:47:14 magen77361 sshd[1610]: pam_unix(sshd:auth): check pass; user unknown
Aug 22 02:47:14 magen77361 sshd[1610]: pam_unix(sshd:auth): authentication failure; logname= uid=0 euid=0 tty=ssh ruser= rhost=134.122.113.222
Aug 22 02:47:15 magen77361 sshd[30241]: Failed password for invalid user test from 49.232.67.184 port 41962 ssh2
Aug 22 02:47:16 magen77361 sshd[1610]: Failed password for invalid user ubuntu from 134.122.113.222 port 46396 ssh2
Aug 22 02:47:16 magen77361 sshd[1610]: Received disconnect from 134.122.113.222 port 46396:11: Bye Bye [preauth]
Aug 22 02:47:16 magen77361 sshd[1610]: Disconnected from invalid user ubuntu 134.122.113.222 port 46396 [preauth]
Aug 22 02:47:19 magen77361 sshd[30241]: Received disconnect from 49.232.67.184 port 41962:11: Bye Bye [preauth]
Aug 22 02:47:19 magen77361 sshd[30241]: Disconnected from invalid user test 49.232.67.184 port 41962 [preauth]
Aug 22 02:47:23 magen77361 sshd[9623]: error: Could not load host key: /etc/ssh/ssh_host_ecdsa_key
Aug 22 02:47:23 magen77361 sshd[9623]: error: Could not load host key: /etc/ssh/ssh_host_ed25519_key
Aug 22 02:47:29 magen77361 sshd[9623]: Invalid user tanya from 174.138.24.157 port 38746
Aug 22 02:47:29 magen77361 sshd[9623]: pam_unix(sshd:auth): check pass; user unknown
Aug 22 02:47:29 magen77361 sshd[9623]: pam_unix(sshd:auth): authentication failure; logname= uid=0 euid=0 tty=ssh ruser= rhost=174.138.24.157
Aug 22 02:47:29 magen77361 sshd[9623]: Failed password for invalid user tanya from 174.138.24.157 port 38746 ssh2
Aug 22 02:47:29 magen77361 sshd[9623]: Received disconnect from 174.138.24.157 port 38746:11: Bye Bye [preauth]
Aug 22 02:47:29 magen77361 sshd[9623]: Disconnected from invalid user tanya 174.138.24.157 port 38746 [preauth]
Aug 22 02:47:29 magen77361 sshd[14245]: error: Could not load host key: /etc/ssh/ssh_host_ecdsa_key
Aug 22 02:47:29 magen77361 sshd[14245]: error: Could not load host key: /etc/ssh/ssh_host_ed25519_key
Aug 22 02:47:29 magen77361 sshd[14245]: Invalid user user from 80.72.230.76 port 36096
Aug 22 02:47:29 magen77361 sshd[14245]: pam_unix(sshd:auth): check pass; user unknown
Aug 22 02:47:29 magen77361 sshd[14245]: pam_unix(sshd:auth): authentication failure; logname= uid=0 euid=0 tty=ssh ruser= rhost=80.72.230.76
Aug 22 02:47:29 magen77361 sshd[15249]: error: Could not load host key: /etc/ssh/ssh_host_ecdsa_key
Aug 22 02:47:29 magen77361 sshd[15249]: error: Could not load host key: /etc/ssh/ssh_host_ed25519_key
